acs2-bench mpx-reach: sizes=[70] n_exp=1 seed=42 rss_cap=5.6GB time_cap=7200s do_ga=true alp_gen_variant=butz
  mem mpx-70 (N=71): condition=142B effect=142B mark=1704B (stack) classifier=2072B  mark/classifier=82.2%  rss-cap pop-threshold=2702702
  mpx-70 trials_cap=18446744073709551615 (= 20000*2^(k-6)*10, clamped to u64::MAX) u_max=9
  mpx-70 traj: trials=60000 wall=73s knowledge=0.0000 reliable=0 spec=0.00 pop=3588
  mpx-70 traj: trials=120000 wall=105s knowledge=0.0009 reliable=1 spec=9.00 pop=3476
  mpx-70 traj: trials=180000 wall=138s knowledge=0.0017 reliable=2 spec=9.00 pop=3932
  mpx-70 traj: trials=240000 wall=167s knowledge=0.0042 reliable=6 spec=9.00 pop=4173
  mpx-70 traj: trials=300000 wall=196s knowledge=0.0128 reliable=18 spec=9.00 pop=5198
  mpx-70 traj: trials=360000 wall=229s knowledge=0.0198 reliable=34 spec=9.00 pop=6854
  mpx-70 traj: trials=420000 wall=269s knowledge=0.0311 reliable=43 spec=8.98 pop=8154
  mpx-70 traj: trials=480000 wall=321s knowledge=0.0584 reliable=77 spec=8.92 pop=9208
  mpx-70 traj: trials=540000 wall=394s knowledge=0.0919 reliable=104 spec=8.84 pop=11465
  mpx-70 traj: trials=600000 wall=487s knowledge=0.1284 reliable=142 spec=8.81 pop=13427
  mpx-70 traj: trials=660000 wall=640s knowledge=0.1653 reliable=185 spec=8.83 pop=14336
  mpx-70 traj: trials=720000 wall=753s knowledge=0.1926 reliable=188 spec=8.74 pop=14243
  mpx-70 traj: trials=780000 wall=831s knowledge=0.2176 reliable=213 spec=8.72 pop=13792
  mpx-70 traj: trials=840000 wall=903s knowledge=0.2287 reliable=201 spec=8.64 pop=13558
  mpx-70 traj: trials=900000 wall=953s knowledge=0.2446 reliable=201 spec=8.59 pop=13169
  mpx-70 traj: trials=960000 wall=998s knowledge=0.2662 reliable=214 spec=8.56 pop=13238
  mpx-70 traj: trials=1020000 wall=1042s knowledge=0.2842 reliable=216 spec=8.50 pop=12650
  mpx-70 traj: trials=1080000 wall=1085s knowledge=0.2903 reliable=210 spec=8.46 pop=12464
  mpx-70 traj: trials=1140000 wall=1173s knowledge=0.2954 reliable=196 spec=8.38 pop=11732
  mpx-70 traj: trials=1200000 wall=1220s knowledge=0.3019 reliable=173 spec=8.24 pop=11864
  mpx-70 traj: trials=1260000 wall=1261s knowledge=0.3080 reliable=182 spec=8.27 pop=11874
  mpx-70 traj: trials=1320000 wall=1316s knowledge=0.3131 reliable=175 spec=8.21 pop=11996
  mpx-70 traj: trials=1380000 wall=1363s knowledge=0.3187 reliable=187 spec=8.21 pop=11672
  mpx-70 traj: trials=1440000 wall=1408s knowledge=0.3151 reliable=164 spec=8.12 pop=11765
  mpx-70 traj: trials=1500000 wall=1450s knowledge=0.3227 reliable=158 spec=7.99 pop=15051
  mpx-70 traj: trials=1560000 wall=1592s knowledge=0.3241 reliable=158 spec=8.02 pop=11512
  mpx-70 traj: trials=1620000 wall=1665s knowledge=0.3253 reliable=155 spec=7.97 pop=12804
  mpx-70 traj: trials=1680000 wall=1718s knowledge=0.3287 reliable=159 spec=7.99 pop=11689
  mpx-70 traj: trials=1740000 wall=1770s knowledge=0.3271 reliable=148 spec=7.95 pop=11856
  mpx-70 traj: trials=1800000 wall=1814s knowledge=0.3270 reliable=137 spec=7.83 pop=11316
  mpx-70 traj: trials=1860000 wall=1887s knowledge=0.3278 reliable=129 spec=7.74 pop=11774
  mpx-70 traj: trials=1920000 wall=1951s knowledge=0.3294 reliable=129 spec=7.75 pop=12251
  mpx-70 traj: trials=1980000 wall=2018s knowledge=0.3376 reliable=139 spec=7.80 pop=11587
  mpx-70 traj: trials=2040000 wall=2117s knowledge=0.3404 reliable=130 spec=7.68 pop=11543
  mpx-70 traj: trials=2100000 wall=2190s knowledge=0.3363 reliable=118 spec=7.56 pop=11566
  mpx-70 traj: trials=2160000 wall=2267s knowledge=0.3404 reliable=119 spec=7.54 pop=11841
  mpx-70 traj: trials=2220000 wall=2334s knowledge=0.3421 reliable=115 spec=7.48 pop=11684
  mpx-70 traj: trials=2280000 wall=2412s knowledge=0.3395 reliable=115 spec=7.53 pop=11365
  mpx-70 traj: trials=2340000 wall=2494s knowledge=0.3467 reliable=114 spec=7.45 pop=11688
  mpx-70 traj: trials=2400000 wall=2568s knowledge=0.3520 reliable=114 spec=7.44 pop=11783
  mpx-70 traj: trials=2460000 wall=2639s knowledge=0.3524 reliable=118 spec=7.47 pop=11814
  mpx-70 traj: trials=2520000 wall=2717s knowledge=0.3588 reliable=120 spec=7.43 pop=11669
  mpx-70 traj: trials=2580000 wall=2801s knowledge=0.3608 reliable=124 spec=7.47 pop=11804
  mpx-70 traj: trials=2640000 wall=2869s knowledge=0.3544 reliable=111 spec=7.37 pop=11534
  mpx-70 traj: trials=2700000 wall=2949s knowledge=0.3540 reliable=112 spec=7.38 pop=12338
  mpx-70 traj: trials=2760000 wall=3033s knowledge=0.3563 reliable=113 spec=7.35 pop=12677
  mpx-70 traj: trials=2820000 wall=3118s knowledge=0.3552 reliable=108 spec=7.29 pop=11688
  mpx-70 traj: trials=2880000 wall=3198s knowledge=0.3462 reliable=103 spec=7.28 pop=12647
  mpx-70 traj: trials=2940000 wall=3276s knowledge=0.3474 reliable=104 spec=7.27 pop=11710
  mpx-70 traj: trials=3000000 wall=3350s knowledge=0.3479 reliable=101 spec=7.20 pop=11764
  mpx-70 traj: trials=3060000 wall=3420s knowledge=0.3525 reliable=105 spec=7.22 pop=13893
  mpx-70 traj: trials=3120000 wall=3492s knowledge=0.3536 reliable=100 spec=7.12 pop=11831
  mpx-70 traj: trials=3180000 wall=3553s knowledge=0.3558 reliable=103 spec=7.17 pop=11418
  mpx-70 traj: trials=3240000 wall=3641s knowledge=0.3565 reliable=106 spec=7.23 pop=11548
  mpx-70 traj: trials=3300000 wall=3730s knowledge=0.3565 reliable=102 spec=7.20 pop=11761
  mpx-70 traj: trials=3360000 wall=3795s knowledge=0.3554 reliable=102 spec=7.22 pop=12513
  mpx-70 traj: trials=3420000 wall=3867s knowledge=0.3593 reliable=106 spec=7.26 pop=12969
  mpx-70 traj: trials=3480000 wall=3934s knowledge=0.3576 reliable=104 spec=7.25 pop=12184
  mpx-70 traj: trials=3540000 wall=3998s knowledge=0.3633 reliable=115 spec=7.40 pop=11918
  mpx-70 traj: trials=3600000 wall=4076s knowledge=0.3746 reliable=125 spec=7.42 pop=12186
  mpx-70 traj: trials=3660000 wall=4145s knowledge=0.3743 reliable=119 spec=7.32 pop=11780
  mpx-70 traj: trials=3720000 wall=4227s knowledge=0.3672 reliable=116 spec=7.39 pop=11830
  mpx-70 traj: trials=3780000 wall=4291s knowledge=0.3662 reliable=113 spec=7.38 pop=11795
  mpx-70 traj: trials=3840000 wall=4376s knowledge=0.3690 reliable=117 spec=7.43 pop=12454
  mpx-70 traj: trials=3900000 wall=4478s knowledge=0.3691 reliable=117 spec=7.42 pop=11815
  mpx-70 traj: trials=3960000 wall=4561s knowledge=0.3711 reliable=120 spec=7.44 pop=11855
  mpx-70 traj: trials=4020000 wall=4689s knowledge=0.3731 reliable=125 spec=7.50 pop=11926
  mpx-70 traj: trials=4080000 wall=4767s knowledge=0.3733 reliable=125 spec=7.50 pop=11864
  mpx-70 traj: trials=4140000 wall=4843s knowledge=0.3751 reliable=132 spec=7.58 pop=12713
  mpx-70 traj: trials=4200000 wall=4923s knowledge=0.3770 reliable=138 spec=7.63 pop=12095
  mpx-70 traj: trials=4260000 wall=5003s knowledge=0.3791 reliable=128 spec=7.50 pop=11832
  mpx-70 traj: trials=4320000 wall=5071s knowledge=0.3756 reliable=123 spec=7.46 pop=12137
  mpx-70 traj: trials=4380000 wall=5156s knowledge=0.3744 reliable=116 spec=7.38 pop=12454
  mpx-70 traj: trials=4440000 wall=5235s knowledge=0.3734 reliable=112 spec=7.31 pop=13348
  mpx-70 traj: trials=4500000 wall=5305s knowledge=0.3742 reliable=112 spec=7.29 pop=12525
  mpx-70 traj: trials=4560000 wall=5369s knowledge=0.3752 reliable=113 spec=7.29 pop=11924
  mpx-70 traj: trials=4620000 wall=5442s knowledge=0.3730 reliable=111 spec=7.31 pop=11743
  mpx-70 traj: trials=4680000 wall=5514s knowledge=0.3725 reliable=110 spec=7.29 pop=12118
  mpx-70 traj: trials=4740000 wall=5586s knowledge=0.3717 reliable=108 spec=7.27 pop=12182
  mpx-70 traj: trials=4800000 wall=5653s knowledge=0.3741 reliable=112 spec=7.29 pop=11825
  mpx-70 traj: trials=4860000 wall=5715s knowledge=0.3764 reliable=111 spec=7.26 pop=12250
  mpx-70 traj: trials=4920000 wall=5789s knowledge=0.3854 reliable=121 spec=7.36 pop=11935
  mpx-70 traj: trials=4980000 wall=5844s knowledge=0.3878 reliable=115 spec=7.26 pop=12135
  mpx-70 traj: trials=5040000 wall=5928s knowledge=0.3913 reliable=118 spec=7.28 pop=20599
  mpx-70 traj: trials=5100000 wall=6001s knowledge=0.3960 reliable=127 spec=7.35 pop=12105
  mpx-70 traj: trials=5160000 wall=6063s knowledge=0.3999 reliable=122 spec=7.28 pop=12154
  mpx-70 traj: trials=5220000 wall=6122s knowledge=0.3942 reliable=119 spec=7.27 pop=12407
  mpx-70 traj: trials=5280000 wall=6210s knowledge=0.3959 reliable=119 spec=7.25 pop=16572
  mpx-70 traj: trials=5340000 wall=6307s knowledge=0.3987 reliable=124 spec=7.35 pop=17513
  mpx-70 traj: trials=5400000 wall=6524s knowledge=0.4001 reliable=121 spec=7.31 pop=12125
  mpx-70 traj: trials=5460000 wall=6583s knowledge=0.3966 reliable=118 spec=7.30 pop=12382
  mpx-70 traj: trials=5520000 wall=6696s knowledge=0.3953 reliable=116 spec=7.25 pop=11868
  mpx-70 traj: trials=5580000 wall=6771s knowledge=0.3953 reliable=115 spec=7.23 pop=12047
  mpx-70 traj: trials=5640000 wall=6937s knowledge=0.3934 reliable=111 spec=7.20 pop=12179
  mpx-70 traj: trials=5700000 wall=7168s knowledge=0.4001 reliable=115 spec=7.21 pop=11725
  mpx-70 repeat 0: TIME-LIMITED trials=5714000 knowledge=0.4001 reliable=114 spec=7.21/71 peak_macro=28314 peak_rss=0.19GB wall=7201.6s
  mpx-70 verdict agreement across 1 repeats: ALL AGREE
