acs2-bench mpx-reach: sizes=[70] n_exp=1 seed=42 rss_cap=5.6GB time_cap=7200s do_ga=true alp_gen_variant=pyalcs
  mem mpx-70 (N=71): condition=142B effect=142B mark=1704B (stack) classifier=2072B  mark/classifier=82.2%  rss-cap pop-threshold=2702702
  mpx-70 trials_cap=18446744073709551615 (= 20000*2^(k-6)*10, clamped to u64::MAX) u_max=8
  mpx-70 traj: trials=60000 wall=64s knowledge=0.0009 reliable=1 spec=10.00 pop=3725
  mpx-70 traj: trials=120000 wall=92s knowledge=0.0015 reliable=2 spec=10.50 pop=3885
  mpx-70 traj: trials=180000 wall=134s knowledge=0.0077 reliable=6 spec=9.50 pop=4347
  mpx-70 traj: trials=240000 wall=161s knowledge=0.0107 reliable=10 spec=9.90 pop=4131
  mpx-70 traj: trials=300000 wall=189s knowledge=0.0171 reliable=16 spec=9.94 pop=4304
  mpx-70 traj: trials=360000 wall=217s knowledge=0.0253 reliable=20 spec=9.75 pop=4880
  mpx-70 traj: trials=420000 wall=247s knowledge=0.0316 reliable=28 spec=9.75 pop=4560
  mpx-70 traj: trials=480000 wall=278s knowledge=0.0323 reliable=28 spec=9.86 pop=4422
  mpx-70 traj: trials=540000 wall=311s knowledge=0.0347 reliable=27 spec=9.59 pop=4341
  mpx-70 traj: trials=600000 wall=343s knowledge=0.0385 reliable=29 spec=9.76 pop=5226
  mpx-70 traj: trials=660000 wall=383s knowledge=0.0438 reliable=30 spec=9.30 pop=5185
  mpx-70 traj: trials=720000 wall=422s knowledge=0.0544 reliable=34 spec=9.15 pop=5068
  mpx-70 traj: trials=780000 wall=458s knowledge=0.0714 reliable=52 spec=9.65 pop=4938
  mpx-70 traj: trials=840000 wall=500s knowledge=0.0864 reliable=60 spec=9.23 pop=4860
  mpx-70 traj: trials=900000 wall=586s knowledge=0.1019 reliable=69 spec=9.28 pop=4708
  mpx-70 traj: trials=960000 wall=621s knowledge=0.1022 reliable=62 spec=9.39 pop=4698
  mpx-70 traj: trials=1020000 wall=651s knowledge=0.1140 reliable=64 spec=9.05 pop=4085
  mpx-70 traj: trials=1080000 wall=683s knowledge=0.1229 reliable=62 spec=8.87 pop=3981
  mpx-70 traj: trials=1140000 wall=728s knowledge=0.1294 reliable=70 spec=8.81 pop=3902
  mpx-70 traj: trials=1200000 wall=764s knowledge=0.1482 reliable=78 spec=8.88 pop=4056
  mpx-70 traj: trials=1260000 wall=793s knowledge=0.1677 reliable=92 spec=8.98 pop=4310
  mpx-70 traj: trials=1320000 wall=818s knowledge=0.1840 reliable=94 spec=8.83 pop=3864
  mpx-70 traj: trials=1380000 wall=842s knowledge=0.1979 reliable=97 spec=8.70 pop=3890
  mpx-70 traj: trials=1440000 wall=882s knowledge=0.2101 reliable=101 spec=8.68 pop=3929
  mpx-70 traj: trials=1500000 wall=907s knowledge=0.2237 reliable=105 spec=8.56 pop=3350
  mpx-70 traj: trials=1560000 wall=931s knowledge=0.2313 reliable=106 spec=8.65 pop=3165
  mpx-70 traj: trials=1620000 wall=952s knowledge=0.2406 reliable=112 spec=8.62 pop=3220
  mpx-70 traj: trials=1680000 wall=974s knowledge=0.2496 reliable=114 spec=8.55 pop=3013
  mpx-70 traj: trials=1740000 wall=997s knowledge=0.2715 reliable=124 spec=8.60 pop=3099
  mpx-70 traj: trials=1800000 wall=1020s knowledge=0.2939 reliable=131 spec=8.40 pop=2985
  mpx-70 traj: trials=1860000 wall=1041s knowledge=0.3179 reliable=141 spec=8.36 pop=2838
  mpx-70 traj: trials=1920000 wall=1060s knowledge=0.3357 reliable=151 spec=8.32 pop=2595
  mpx-70 traj: trials=1980000 wall=1085s knowledge=0.3449 reliable=140 spec=8.26 pop=2586
  mpx-70 traj: trials=2040000 wall=1103s knowledge=0.3684 reliable=155 spec=8.15 pop=2928
  mpx-70 traj: trials=2100000 wall=1160s knowledge=0.3880 reliable=156 spec=8.10 pop=2699
  mpx-70 traj: trials=2160000 wall=1192s knowledge=0.3960 reliable=155 spec=8.23 pop=2489
  mpx-70 traj: trials=2220000 wall=1216s knowledge=0.4094 reliable=160 spec=8.08 pop=2132
  mpx-70 traj: trials=2280000 wall=1236s knowledge=0.4284 reliable=164 spec=7.92 pop=2053
  mpx-70 traj: trials=2340000 wall=1261s knowledge=0.4325 reliable=158 spec=7.76 pop=2117
  mpx-70 traj: trials=2400000 wall=1284s knowledge=0.4458 reliable=163 spec=7.77 pop=3051
  mpx-70 traj: trials=2460000 wall=1323s knowledge=0.4589 reliable=167 spec=7.71 pop=2280
  mpx-70 traj: trials=2520000 wall=1341s knowledge=0.4803 reliable=181 spec=7.77 pop=2492
  mpx-70 traj: trials=2580000 wall=1356s knowledge=0.4980 reliable=179 spec=7.71 pop=2398
  mpx-70 traj: trials=2640000 wall=1376s knowledge=0.5142 reliable=179 spec=7.72 pop=1848
  mpx-70 traj: trials=2700000 wall=1392s knowledge=0.5224 reliable=173 spec=7.65 pop=1977
  mpx-70 traj: trials=2760000 wall=1421s knowledge=0.5294 reliable=174 spec=7.64 pop=1885
  mpx-70 traj: trials=2820000 wall=1444s knowledge=0.5332 reliable=175 spec=7.64 pop=1801
  mpx-70 traj: trials=2880000 wall=1474s knowledge=0.5337 reliable=170 spec=7.50 pop=2039
  mpx-70 traj: trials=2940000 wall=1561s knowledge=0.5394 reliable=174 spec=7.45 pop=1938
  mpx-70 traj: trials=3000000 wall=1617s knowledge=0.5522 reliable=179 spec=7.46 pop=1692
  mpx-70 traj: trials=3060000 wall=1648s knowledge=0.5533 reliable=173 spec=7.42 pop=1899
  mpx-70 traj: trials=3120000 wall=1679s knowledge=0.5656 reliable=175 spec=7.42 pop=1670
  mpx-70 traj: trials=3180000 wall=1702s knowledge=0.5643 reliable=172 spec=7.34 pop=1729
  mpx-70 traj: trials=3240000 wall=1725s knowledge=0.5677 reliable=169 spec=7.35 pop=1555
  mpx-70 traj: trials=3300000 wall=1746s knowledge=0.5806 reliable=177 spec=7.37 pop=1579
  mpx-70 traj: trials=3360000 wall=1781s knowledge=0.5962 reliable=179 spec=7.30 pop=1867
  mpx-70 traj: trials=3420000 wall=1809s knowledge=0.6022 reliable=181 spec=7.28 pop=1865
  mpx-70 traj: trials=3480000 wall=1831s knowledge=0.6072 reliable=178 spec=7.22 pop=1962
  mpx-70 traj: trials=3540000 wall=1861s knowledge=0.6098 reliable=180 spec=7.22 pop=1919
  mpx-70 traj: trials=3600000 wall=1890s knowledge=0.6155 reliable=181 spec=7.25 pop=1502
  mpx-70 traj: trials=3660000 wall=1917s knowledge=0.6165 reliable=175 spec=7.23 pop=1604
  mpx-70 traj: trials=3720000 wall=1944s knowledge=0.6187 reliable=179 spec=7.20 pop=1645
  mpx-70 traj: trials=3780000 wall=1984s knowledge=0.6167 reliable=179 spec=7.18 pop=1650
  mpx-70 traj: trials=3840000 wall=2020s knowledge=0.6128 reliable=176 spec=7.21 pop=1618
  mpx-70 traj: trials=3900000 wall=2077s knowledge=0.6123 reliable=175 spec=7.13 pop=1709
  mpx-70 traj: trials=3960000 wall=2107s knowledge=0.6160 reliable=180 spec=7.26 pop=1629
  mpx-70 traj: trials=4020000 wall=2140s knowledge=0.6172 reliable=180 spec=7.24 pop=1735
  mpx-70 traj: trials=4080000 wall=2174s knowledge=0.6154 reliable=174 spec=7.26 pop=1865
  mpx-70 traj: trials=4140000 wall=2202s knowledge=0.6176 reliable=177 spec=7.28 pop=1559
  mpx-70 traj: trials=4200000 wall=2238s knowledge=0.6238 reliable=181 spec=7.28 pop=1793
  mpx-70 traj: trials=4260000 wall=2269s knowledge=0.6282 reliable=181 spec=7.24 pop=2773
  mpx-70 traj: trials=4320000 wall=2301s knowledge=0.6329 reliable=181 spec=7.22 pop=1579
  mpx-70 traj: trials=4380000 wall=2324s knowledge=0.6244 reliable=169 spec=7.18 pop=1782
  mpx-70 traj: trials=4440000 wall=2353s knowledge=0.6324 reliable=179 spec=7.19 pop=1542
  mpx-70 traj: trials=4500000 wall=2379s knowledge=0.6328 reliable=175 spec=7.19 pop=1353
  mpx-70 traj: trials=4560000 wall=2416s knowledge=0.6351 reliable=180 spec=7.27 pop=1509
  mpx-70 traj: trials=4620000 wall=2432s knowledge=0.6419 reliable=195 spec=7.35 pop=1601
  mpx-70 traj: trials=4680000 wall=2451s knowledge=0.6419 reliable=185 spec=7.32 pop=1652
  mpx-70 traj: trials=4740000 wall=2480s knowledge=0.6468 reliable=192 spec=7.33 pop=1517
  mpx-70 traj: trials=4800000 wall=2518s knowledge=0.6483 reliable=197 spec=7.34 pop=1601
  mpx-70 traj: trials=4860000 wall=2548s knowledge=0.6445 reliable=182 spec=7.31 pop=1405
  mpx-70 traj: trials=4920000 wall=2574s knowledge=0.6522 reliable=181 spec=7.34 pop=1469
  mpx-70 traj: trials=4980000 wall=2608s knowledge=0.6547 reliable=185 spec=7.28 pop=1463
  mpx-70 traj: trials=5040000 wall=2637s knowledge=0.6553 reliable=182 spec=7.20 pop=1431
  mpx-70 traj: trials=5100000 wall=2670s knowledge=0.6562 reliable=184 spec=7.18 pop=1635
  mpx-70 traj: trials=5160000 wall=2693s knowledge=0.6618 reliable=195 spec=7.19 pop=1903
  mpx-70 traj: trials=5220000 wall=2715s knowledge=0.6621 reliable=189 spec=7.20 pop=1711
  mpx-70 traj: trials=5280000 wall=2740s knowledge=0.6677 reliable=188 spec=7.20 pop=4793
  mpx-70 traj: trials=5340000 wall=2770s knowledge=0.6661 reliable=192 spec=7.17 pop=1474
  mpx-70 traj: trials=5400000 wall=2792s knowledge=0.6680 reliable=181 spec=7.14 pop=1454
  mpx-70 traj: trials=5460000 wall=2816s knowledge=0.6655 reliable=182 spec=7.19 pop=1779
  mpx-70 traj: trials=5520000 wall=2845s knowledge=0.6660 reliable=185 spec=7.18 pop=1493
  mpx-70 traj: trials=5580000 wall=2869s knowledge=0.6673 reliable=187 spec=7.18 pop=1399
  mpx-70 traj: trials=5640000 wall=2891s knowledge=0.6696 reliable=187 spec=7.16 pop=1415
  mpx-70 traj: trials=5700000 wall=2919s knowledge=0.6701 reliable=184 spec=7.15 pop=1874
  mpx-70 traj: trials=5760000 wall=2944s knowledge=0.6679 reliable=180 spec=7.14 pop=1417
  mpx-70 traj: trials=5820000 wall=2970s knowledge=0.6707 reliable=187 spec=7.14 pop=1337
  mpx-70 traj: trials=5880000 wall=2996s knowledge=0.6705 reliable=188 spec=7.04 pop=1475
  mpx-70 traj: trials=5940000 wall=3022s knowledge=0.6692 reliable=188 spec=7.04 pop=1497
  mpx-70 traj: trials=6000000 wall=3044s knowledge=0.6654 reliable=178 spec=7.04 pop=1429
  mpx-70 traj: trials=6060000 wall=3069s knowledge=0.6715 reliable=184 spec=7.05 pop=1420
  mpx-70 traj: trials=6120000 wall=3104s knowledge=0.6728 reliable=184 spec=7.07 pop=1901
  mpx-70 traj: trials=6180000 wall=3121s knowledge=0.6712 reliable=184 spec=7.06 pop=1356
  mpx-70 traj: trials=6240000 wall=3152s knowledge=0.6729 reliable=183 spec=7.04 pop=1461
  mpx-70 traj: trials=6300000 wall=3185s knowledge=0.6758 reliable=181 spec=7.02 pop=1347
  mpx-70 traj: trials=6360000 wall=3226s knowledge=0.6758 reliable=182 spec=7.02 pop=1377
  mpx-70 traj: trials=6420000 wall=3259s knowledge=0.6735 reliable=188 spec=7.03 pop=1360
  mpx-70 traj: trials=6480000 wall=3281s knowledge=0.6744 reliable=187 spec=7.08 pop=1814
  mpx-70 traj: trials=6540000 wall=3305s knowledge=0.6715 reliable=187 spec=7.13 pop=1378
  mpx-70 traj: trials=6600000 wall=3349s knowledge=0.6728 reliable=188 spec=7.15 pop=1566
  mpx-70 traj: trials=6660000 wall=3374s knowledge=0.6707 reliable=184 spec=7.12 pop=1715
  mpx-70 traj: trials=6720000 wall=3396s knowledge=0.6762 reliable=191 spec=7.13 pop=1475
  mpx-70 traj: trials=6780000 wall=3428s knowledge=0.6753 reliable=188 spec=7.12 pop=1416
  mpx-70 traj: trials=6840000 wall=3457s knowledge=0.6744 reliable=184 spec=7.12 pop=1343
  mpx-70 traj: trials=6900000 wall=3482s knowledge=0.6755 reliable=183 spec=7.11 pop=1389
  mpx-70 traj: trials=6960000 wall=3504s knowledge=0.6758 reliable=188 spec=7.13 pop=1428
  mpx-70 traj: trials=7020000 wall=3525s knowledge=0.6769 reliable=189 spec=7.15 pop=1793
  mpx-70 traj: trials=7080000 wall=3544s knowledge=0.6749 reliable=186 spec=7.13 pop=2369
  mpx-70 traj: trials=7140000 wall=3567s knowledge=0.6782 reliable=184 spec=7.14 pop=1392
  mpx-70 traj: trials=7200000 wall=3609s knowledge=0.6772 reliable=189 spec=7.12 pop=1410
  mpx-70 traj: trials=7260000 wall=3627s knowledge=0.6734 reliable=193 spec=7.10 pop=2465
  mpx-70 traj: trials=7320000 wall=3659s knowledge=0.6747 reliable=185 spec=7.15 pop=1423
  mpx-70 traj: trials=7380000 wall=3686s knowledge=0.6816 reliable=184 spec=7.12 pop=1672
  mpx-70 traj: trials=7440000 wall=3729s knowledge=0.6828 reliable=186 spec=7.09 pop=1440
  mpx-70 traj: trials=7500000 wall=3752s knowledge=0.6842 reliable=184 spec=7.09 pop=2139
  mpx-70 traj: trials=7560000 wall=3776s knowledge=0.6857 reliable=190 spec=7.10 pop=1424
  mpx-70 traj: trials=7620000 wall=3799s knowledge=0.6928 reliable=192 spec=7.10 pop=3817
  mpx-70 traj: trials=7680000 wall=3828s knowledge=0.6906 reliable=196 spec=7.10 pop=1556
  mpx-70 traj: trials=7740000 wall=3853s knowledge=0.6885 reliable=188 spec=7.11 pop=1601
  mpx-70 traj: trials=7800000 wall=3885s knowledge=0.6894 reliable=194 spec=7.11 pop=1401
  mpx-70 traj: trials=7860000 wall=3921s knowledge=0.6941 reliable=191 spec=7.10 pop=1537
  mpx-70 traj: trials=7920000 wall=3953s knowledge=0.6962 reliable=190 spec=7.12 pop=3477
  mpx-70 traj: trials=7980000 wall=3985s knowledge=0.7009 reliable=201 spec=7.13 pop=1326
  mpx-70 traj: trials=8040000 wall=4011s knowledge=0.7039 reliable=198 spec=7.10 pop=1352
  mpx-70 traj: trials=8100000 wall=4039s knowledge=0.6992 reliable=194 spec=7.13 pop=1508
  mpx-70 traj: trials=8160000 wall=4078s knowledge=0.7001 reliable=196 spec=7.12 pop=1667
  mpx-70 traj: trials=8220000 wall=4101s knowledge=0.7037 reliable=196 spec=7.16 pop=1299
  mpx-70 traj: trials=8280000 wall=4132s knowledge=0.7013 reliable=195 spec=7.17 pop=1436
  mpx-70 traj: trials=8340000 wall=4163s knowledge=0.6974 reliable=193 spec=7.16 pop=3111
  mpx-70 traj: trials=8400000 wall=4190s knowledge=0.7005 reliable=189 spec=7.19 pop=2528
  mpx-70 traj: trials=8460000 wall=4221s knowledge=0.7028 reliable=194 spec=7.15 pop=1389
  mpx-70 traj: trials=8520000 wall=4240s knowledge=0.7077 reliable=195 spec=7.16 pop=1406
  mpx-70 traj: trials=8580000 wall=4269s knowledge=0.7078 reliable=200 spec=7.16 pop=1500
  mpx-70 traj: trials=8640000 wall=4296s knowledge=0.7078 reliable=195 spec=7.20 pop=1255
  mpx-70 traj: trials=8700000 wall=4330s knowledge=0.7060 reliable=196 spec=7.15 pop=5996
  mpx-70 traj: trials=8760000 wall=4356s knowledge=0.7063 reliable=196 spec=7.15 pop=1454
  mpx-70 traj: trials=8820000 wall=4387s knowledge=0.7099 reliable=196 spec=7.15 pop=1312
  mpx-70 traj: trials=8880000 wall=4420s knowledge=0.7099 reliable=191 spec=7.16 pop=1277
  mpx-70 traj: trials=8940000 wall=4451s knowledge=0.7157 reliable=199 spec=7.15 pop=1701
  mpx-70 traj: trials=9000000 wall=4481s knowledge=0.7177 reliable=194 spec=7.12 pop=1407
  mpx-70 traj: trials=9060000 wall=4509s knowledge=0.7183 reliable=195 spec=7.13 pop=1357
  mpx-70 traj: trials=9120000 wall=4542s knowledge=0.7190 reliable=195 spec=7.12 pop=1161
  mpx-70 traj: trials=9180000 wall=4602s knowledge=0.7193 reliable=196 spec=7.13 pop=1373
  mpx-70 traj: trials=9240000 wall=4661s knowledge=0.7223 reliable=196 spec=7.09 pop=1527
  mpx-70 traj: trials=9300000 wall=4687s knowledge=0.7215 reliable=196 spec=7.09 pop=1438
  mpx-70 traj: trials=9360000 wall=4704s knowledge=0.7229 reliable=200 spec=7.12 pop=1386
  mpx-70 traj: trials=9420000 wall=4731s knowledge=0.7241 reliable=195 spec=7.14 pop=1354
  mpx-70 traj: trials=9480000 wall=4760s knowledge=0.7281 reliable=196 spec=7.14 pop=1235
  mpx-70 traj: trials=9540000 wall=4787s knowledge=0.7300 reliable=201 spec=7.14 pop=1672
  mpx-70 traj: trials=9600000 wall=4827s knowledge=0.7359 reliable=201 spec=7.13 pop=1213
  mpx-70 traj: trials=9660000 wall=4850s knowledge=0.7405 reliable=209 spec=7.16 pop=1346
  mpx-70 traj: trials=9720000 wall=4883s knowledge=0.7407 reliable=209 spec=7.13 pop=1223
  mpx-70 traj: trials=9780000 wall=4914s knowledge=0.7449 reliable=210 spec=7.11 pop=1230
  mpx-70 traj: trials=9840000 wall=4940s knowledge=0.7396 reliable=200 spec=7.11 pop=1277
  mpx-70 traj: trials=9900000 wall=4972s knowledge=0.7378 reliable=199 spec=7.11 pop=1330
  mpx-70 traj: trials=9960000 wall=4994s knowledge=0.7459 reliable=203 spec=7.11 pop=1683
  mpx-70 traj: trials=10020000 wall=5013s knowledge=0.7491 reliable=206 spec=7.13 pop=1546
  mpx-70 traj: trials=10080000 wall=5035s knowledge=0.7524 reliable=209 spec=7.13 pop=1344
  mpx-70 traj: trials=10140000 wall=5057s knowledge=0.7553 reliable=212 spec=7.12 pop=1158
  mpx-70 traj: trials=10200000 wall=5072s knowledge=0.7565 reliable=212 spec=7.11 pop=1234
  mpx-70 traj: trials=10260000 wall=5096s knowledge=0.7641 reliable=213 spec=7.12 pop=1241
  mpx-70 traj: trials=10320000 wall=5117s knowledge=0.7714 reliable=217 spec=7.15 pop=1378
  mpx-70 traj: trials=10380000 wall=5134s knowledge=0.7700 reliable=213 spec=7.11 pop=1362
  mpx-70 traj: trials=10440000 wall=5155s knowledge=0.7738 reliable=214 spec=7.12 pop=1241
  mpx-70 traj: trials=10500000 wall=5167s knowledge=0.7703 reliable=221 spec=7.11 pop=1154
  mpx-70 traj: trials=10560000 wall=5185s knowledge=0.7716 reliable=213 spec=7.13 pop=1224
  mpx-70 traj: trials=10620000 wall=5198s knowledge=0.7748 reliable=218 spec=7.13 pop=1174
  mpx-70 traj: trials=10680000 wall=5217s knowledge=0.7786 reliable=226 spec=7.14 pop=1190
  mpx-70 traj: trials=10740000 wall=5229s knowledge=0.7861 reliable=229 spec=7.13 pop=1230
  mpx-70 traj: trials=10800000 wall=5240s knowledge=0.7939 reliable=226 spec=7.15 pop=1191
  mpx-70 traj: trials=10860000 wall=5250s knowledge=0.8050 reliable=227 spec=7.13 pop=1218
  mpx-70 traj: trials=10920000 wall=5264s knowledge=0.8092 reliable=228 spec=7.12 pop=1237
  mpx-70 traj: trials=10980000 wall=5278s knowledge=0.8159 reliable=234 spec=7.12 pop=1156
  mpx-70 traj: trials=11040000 wall=5286s knowledge=0.8249 reliable=229 spec=7.13 pop=1210
  mpx-70 traj: trials=11100000 wall=5294s knowledge=0.8297 reliable=240 spec=7.13 pop=1126
  mpx-70 traj: trials=11160000 wall=5302s knowledge=0.8284 reliable=230 spec=7.11 pop=1190
  mpx-70 traj: trials=11220000 wall=5310s knowledge=0.8297 reliable=231 spec=7.13 pop=1116
  mpx-70 traj: trials=11280000 wall=5318s knowledge=0.8286 reliable=231 spec=7.16 pop=1130
  mpx-70 traj: trials=11340000 wall=5326s knowledge=0.8238 reliable=232 spec=7.17 pop=1142
  mpx-70 traj: trials=11400000 wall=5337s knowledge=0.8354 reliable=232 spec=7.16 pop=1111
  mpx-70 traj: trials=11460000 wall=5346s knowledge=0.8496 reliable=241 spec=7.16 pop=1219
  mpx-70 traj: trials=11520000 wall=5354s knowledge=0.8461 reliable=235 spec=7.21 pop=1111
  mpx-70 traj: trials=11580000 wall=5362s knowledge=0.8476 reliable=241 spec=7.20 pop=1160
  mpx-70 traj: trials=11640000 wall=5370s knowledge=0.8536 reliable=245 spec=7.26 pop=1164
  mpx-70 traj: trials=11700000 wall=5377s knowledge=0.8602 reliable=247 spec=7.23 pop=1174
  mpx-70 traj: trials=11760000 wall=5384s knowledge=0.8646 reliable=250 spec=7.23 pop=1283
  mpx-70 traj: trials=11820000 wall=5392s knowledge=0.8638 reliable=243 spec=7.19 pop=1152
  mpx-70 traj: trials=11880000 wall=5399s knowledge=0.8793 reliable=253 spec=7.19 pop=1228
  mpx-70 traj: trials=11940000 wall=5407s knowledge=0.8862 reliable=256 spec=7.20 pop=1180
  mpx-70 traj: trials=12000000 wall=5414s knowledge=0.8918 reliable=256 spec=7.19 pop=1253
  mpx-70 traj: trials=12060000 wall=5421s knowledge=0.9006 reliable=263 spec=7.18 pop=1211
  mpx-70 traj: trials=12120000 wall=5429s knowledge=0.9056 reliable=262 spec=7.21 pop=1174
  mpx-70 traj: trials=12180000 wall=5436s knowledge=0.9114 reliable=267 spec=7.18 pop=1365
  mpx-70 traj: trials=12240000 wall=5443s knowledge=0.9152 reliable=265 spec=7.22 pop=1261
  mpx-70 traj: trials=12300000 wall=5450s knowledge=0.9251 reliable=267 spec=7.21 pop=1244
  mpx-70 traj: trials=12360000 wall=5457s knowledge=0.9280 reliable=275 spec=7.17 pop=1256
  mpx-70 traj: trials=12420000 wall=5463s knowledge=0.9349 reliable=271 spec=7.14 pop=1244
  mpx-70 traj: trials=12480000 wall=5470s knowledge=0.9254 reliable=260 spec=7.15 pop=1238
  mpx-70 traj: trials=12540000 wall=5477s knowledge=0.9400 reliable=270 spec=7.16 pop=1318
  mpx-70 traj: trials=12600000 wall=5484s knowledge=0.9469 reliable=275 spec=7.11 pop=1305
  mpx-70 traj: trials=12660000 wall=5490s knowledge=0.9438 reliable=263 spec=7.08 pop=1181
  mpx-70 traj: trials=12720000 wall=5497s knowledge=0.9487 reliable=266 spec=7.11 pop=1250
  mpx-70 traj: trials=12780000 wall=5504s knowledge=0.9512 reliable=274 spec=7.11 pop=1231
  mpx-70 traj: trials=12840000 wall=5511s knowledge=0.9521 reliable=275 spec=7.10 pop=1229
  mpx-70 traj: trials=12900000 wall=5518s knowledge=0.9527 reliable=268 spec=7.10 pop=1152
  mpx-70 traj: trials=12960000 wall=5526s knowledge=0.9521 reliable=263 spec=7.10 pop=1140
  mpx-70 traj: trials=13020000 wall=5536s knowledge=0.9513 reliable=263 spec=7.07 pop=1150
  mpx-70 traj: trials=13080000 wall=5543s knowledge=0.9570 reliable=274 spec=7.08 pop=1193
  mpx-70 traj: trials=13140000 wall=5549s knowledge=0.9511 reliable=259 spec=7.07 pop=1216
  mpx-70 traj: trials=13200000 wall=5556s knowledge=0.9600 reliable=271 spec=7.07 pop=1203
  mpx-70 traj: trials=13260000 wall=5562s knowledge=0.9602 reliable=265 spec=7.08 pop=1183
  mpx-70 traj: trials=13320000 wall=5569s knowledge=0.9574 reliable=266 spec=7.07 pop=1214
  mpx-70 traj: trials=13380000 wall=5575s knowledge=0.9536 reliable=265 spec=7.07 pop=1191
  mpx-70 traj: trials=13440000 wall=5582s knowledge=0.9576 reliable=278 spec=7.09 pop=1189
  mpx-70 traj: trials=13500000 wall=5588s knowledge=0.9573 reliable=261 spec=7.08 pop=1150
  mpx-70 traj: trials=13560000 wall=5595s knowledge=0.9646 reliable=266 spec=7.08 pop=1141
  mpx-70 traj: trials=13620000 wall=5604s knowledge=0.9731 reliable=273 spec=7.07 pop=1174
  mpx-70 traj: trials=13680000 wall=5611s knowledge=0.9706 reliable=266 spec=7.07 pop=1184
  mpx-70 traj: trials=13740000 wall=5617s knowledge=0.9685 reliable=271 spec=7.07 pop=1159
  mpx-70 traj: trials=13800000 wall=5624s knowledge=0.9696 reliable=259 spec=7.07 pop=1145
  mpx-70 traj: trials=13860000 wall=5630s knowledge=0.9782 reliable=266 spec=7.06 pop=1237
  mpx-70 traj: trials=13920000 wall=5637s knowledge=0.9771 reliable=268 spec=7.07 pop=1172
  mpx-70 traj: trials=13980000 wall=5644s knowledge=0.9747 reliable=268 spec=7.07 pop=1160
  mpx-70 traj: trials=14040000 wall=5651s knowledge=0.9763 reliable=273 spec=7.07 pop=1208
  mpx-70 traj: trials=14100000 wall=5657s knowledge=0.9750 reliable=266 spec=7.06 pop=1127
  mpx-70 traj: trials=14160000 wall=5663s knowledge=0.9784 reliable=265 spec=7.06 pop=1185
  mpx-70 traj: trials=14220000 wall=5669s knowledge=0.9784 reliable=268 spec=7.06 pop=1125
  mpx-70 traj: trials=14280000 wall=5679s knowledge=0.9784 reliable=266 spec=7.06 pop=1178
  mpx-70 traj: trials=14340000 wall=5687s knowledge=0.9717 reliable=265 spec=7.06 pop=1217
  mpx-70 traj: trials=14400000 wall=5693s knowledge=0.9766 reliable=267 spec=7.06 pop=1268
  mpx-70 traj: trials=14460000 wall=5700s knowledge=0.9813 reliable=266 spec=7.07 pop=1169
  mpx-70 traj: trials=14520000 wall=5707s knowledge=0.9765 reliable=269 spec=7.04 pop=1229
  mpx-70 traj: trials=14580000 wall=5718s knowledge=0.9753 reliable=263 spec=7.04 pop=1147
  mpx-70 traj: trials=14640000 wall=5725s knowledge=0.9749 reliable=268 spec=7.04 pop=1158
  mpx-70 traj: trials=14700000 wall=5731s knowledge=0.9812 reliable=266 spec=7.05 pop=1221
  mpx-70 traj: trials=14760000 wall=5738s knowledge=0.9832 reliable=264 spec=7.04 pop=1173
  mpx-70 traj: trials=14820000 wall=5744s knowledge=0.9819 reliable=262 spec=7.04 pop=1159
  mpx-70 traj: trials=14880000 wall=5751s knowledge=0.9823 reliable=270 spec=7.04 pop=1217
  mpx-70 traj: trials=14940000 wall=5758s knowledge=0.9837 reliable=271 spec=7.06 pop=1192
  mpx-70 traj: trials=15000000 wall=5764s knowledge=0.9855 reliable=279 spec=7.06 pop=1245
  mpx-70 traj: trials=15060000 wall=5770s knowledge=0.9906 reliable=272 spec=7.07 pop=1187
  mpx-70 traj: trials=15120000 wall=5777s knowledge=0.9920 reliable=268 spec=7.06 pop=1175
  mpx-70 traj: trials=15180000 wall=5783s knowledge=0.9910 reliable=276 spec=7.07 pop=1161
  mpx-70 traj: trials=15240000 wall=5790s knowledge=0.9948 reliable=276 spec=7.07 pop=1236
  mpx-70 traj: trials=15300000 wall=5796s knowledge=0.9922 reliable=272 spec=7.08 pop=1254
  mpx-70 traj: trials=15360000 wall=5803s knowledge=0.9921 reliable=276 spec=7.07 pop=1163
  mpx-70 traj: trials=15420000 wall=5809s knowledge=0.9917 reliable=278 spec=7.06 pop=1196
  mpx-70 traj: trials=15480000 wall=5815s knowledge=0.9917 reliable=277 spec=7.04 pop=1179
  mpx-70 traj: trials=15540000 wall=5821s knowledge=0.9935 reliable=266 spec=7.05 pop=1225
  mpx-70 traj: trials=15600000 wall=5827s knowledge=0.9944 reliable=269 spec=7.04 pop=1202
  mpx-70 traj: trials=15660000 wall=5834s knowledge=0.9944 reliable=276 spec=7.04 pop=1164
  mpx-70 traj: trials=15720000 wall=5840s knowledge=0.9944 reliable=278 spec=7.04 pop=1190
  mpx-70 traj: trials=15780000 wall=5846s knowledge=0.9964 reliable=273 spec=7.04 pop=1259
  mpx-70 traj: trials=15840000 wall=5853s knowledge=0.9964 reliable=266 spec=7.04 pop=1242
  mpx-70 traj: trials=15900000 wall=5865s knowledge=0.9964 reliable=271 spec=7.04 pop=1205
  mpx-70 traj: trials=15960000 wall=5881s knowledge=0.9925 reliable=263 spec=7.04 pop=1199
  mpx-70 traj: trials=16020000 wall=5892s knowledge=0.9925 reliable=267 spec=7.04 pop=1195
  mpx-70 traj: trials=16080000 wall=5899s knowledge=0.9925 reliable=272 spec=7.04 pop=1190
  mpx-70 traj: trials=16140000 wall=5908s knowledge=0.9925 reliable=275 spec=7.04 pop=1239
  mpx-70 traj: trials=16200000 wall=5914s knowledge=0.9925 reliable=268 spec=7.04 pop=1242
  mpx-70 traj: trials=16260000 wall=5921s knowledge=0.9933 reliable=268 spec=7.04 pop=1157
  mpx-70 traj: trials=16320000 wall=5927s knowledge=0.9929 reliable=264 spec=7.05 pop=1136
  mpx-70 traj: trials=16380000 wall=5937s knowledge=0.9933 reliable=268 spec=7.04 pop=1158
  mpx-70 traj: trials=16440000 wall=5944s knowledge=0.9935 reliable=263 spec=7.04 pop=1169
  mpx-70 traj: trials=16500000 wall=5950s knowledge=0.9949 reliable=267 spec=7.04 pop=1185
  mpx-70 traj: trials=16560000 wall=5957s knowledge=0.9935 reliable=270 spec=7.04 pop=1191
  mpx-70 traj: trials=16620000 wall=5963s knowledge=0.9944 reliable=273 spec=7.04 pop=1202
  mpx-70 traj: trials=16680000 wall=5969s knowledge=0.9944 reliable=273 spec=7.04 pop=1195
  mpx-70 traj: trials=16740000 wall=5976s knowledge=0.9973 reliable=272 spec=7.04 pop=1157
  mpx-70 traj: trials=16800000 wall=5982s knowledge=0.9983 reliable=274 spec=7.04 pop=1247
  mpx-70 traj: trials=16860000 wall=5989s knowledge=0.9958 reliable=271 spec=7.04 pop=1194
  mpx-70 traj: trials=16920000 wall=5995s knowledge=0.9958 reliable=275 spec=7.04 pop=1170
  mpx-70 traj: trials=16980000 wall=6002s knowledge=0.9954 reliable=278 spec=7.04 pop=1262
  mpx-70 traj: trials=17040000 wall=6009s knowledge=0.9957 reliable=271 spec=7.04 pop=1193
  mpx-70 traj: trials=17100000 wall=6016s knowledge=0.9957 reliable=268 spec=7.04 pop=1178
  mpx-70 traj: trials=17160000 wall=6023s knowledge=0.9952 reliable=264 spec=7.04 pop=1172
  mpx-70 traj: trials=17220000 wall=6029s knowledge=0.9951 reliable=271 spec=7.04 pop=1187
  mpx-70 traj: trials=17280000 wall=6035s knowledge=0.9961 reliable=272 spec=7.05 pop=1153
  mpx-70 traj: trials=17340000 wall=6042s knowledge=0.9991 reliable=275 spec=7.04 pop=1177
  mpx-70 traj: trials=17400000 wall=6048s knowledge=0.9982 reliable=270 spec=7.04 pop=1210
  mpx-70 traj: trials=17460000 wall=6055s knowledge=0.9982 reliable=267 spec=7.04 pop=1217
  mpx-70 traj: trials=17520000 wall=6061s knowledge=0.9998 reliable=275 spec=7.04 pop=1160
  mpx-70 traj: trials=17580000 wall=6071s knowledge=0.9991 reliable=275 spec=7.04 pop=1171
  mpx-70 traj: trials=17640000 wall=6078s knowledge=0.9982 reliable=268 spec=7.04 pop=1177
  mpx-70 traj: trials=17700000 wall=6086s knowledge=0.9982 reliable=272 spec=7.04 pop=1226
  mpx-70 traj: trials=17760000 wall=6093s knowledge=0.9982 reliable=268 spec=7.04 pop=1205
  mpx-70 traj: trials=17820000 wall=6099s knowledge=0.9982 reliable=273 spec=7.04 pop=1213
  mpx-70 traj: trials=17880000 wall=6105s knowledge=1.0000 reliable=277 spec=7.04 pop=1248
  mpx-70 repeat 0: SUCCESS trials=17880000 knowledge=1.0000 reliable=277 spec=7.04/71 peak_macro=16326 peak_rss=0.12GB wall=6105.4s
  mpx-70 verdict agreement across 1 repeats: ALL AGREE
