run-provenance: commit=2715bb7 job=5872297 attempt=0 tag=seq264f size=264 seed=42 time_cap=7200s partition=bem2-cpu-short host=r22c01b03.bem2.kdm.wcss.pl started=2026-09-11T15:34:14+02:00
run-argv:  
acs2-bench mpx-reach: agent=acs2 sizes=[264] n_exp=1 seed=42 rss_cap=5.6GB time_cap=7200s do_ga=true alp_gen_variant=pyalcs epsilon=0.8 encoding=outcome eval_interval=5000 accuracy_every=1 strict_resource_limits=false rss_scope=process-lifetime checkpoint=off checkpoint_every=0
  mem mpx-264 (N=265): condition=530B effect=530B mark=6360B (stack) classifier=7504B  mark/classifier=84.8%  rss-cap pop-threshold=746268
  mpx-264 trials_cap=18446744073709551615 (= 20000*2^(k-6)*10, clamped to u64::MAX) u_max=12
  mpx-264 traj: trials=5000 wall=99s knowledge=0.0000 reliable=0 spec=0.00 pop=5701
  mpx-264 acc: trials=5000 accuracy=0.5019
  mpx-264 traj: trials=10000 wall=143s knowledge=0.0000 reliable=0 spec=0.00 pop=6467
  mpx-264 acc: trials=10000 accuracy=0.5015
  mpx-264 traj: trials=15000 wall=195s knowledge=0.0000 reliable=0 spec=0.00 pop=7009
  mpx-264 acc: trials=15000 accuracy=0.4978
  mpx-264 traj: trials=20000 wall=250s knowledge=0.0000 reliable=0 spec=0.00 pop=7427
  mpx-264 acc: trials=20000 accuracy=0.5020
  mpx-264 traj: trials=25000 wall=310s knowledge=0.0000 reliable=0 spec=0.00 pop=8177
  mpx-264 acc: trials=25000 accuracy=0.4962
  mpx-264 traj: trials=30000 wall=378s knowledge=0.0000 reliable=0 spec=0.00 pop=8700
  mpx-264 acc: trials=30000 accuracy=0.4994
  mpx-264 traj: trials=35000 wall=448s knowledge=0.0000 reliable=0 spec=0.00 pop=8959
  mpx-264 acc: trials=35000 accuracy=0.5019
  mpx-264 traj: trials=40000 wall=520s knowledge=0.0000 reliable=0 spec=0.00 pop=9520
  mpx-264 acc: trials=40000 accuracy=0.5001
  mpx-264 traj: trials=45000 wall=592s knowledge=0.0000 reliable=0 spec=0.00 pop=9849
  mpx-264 acc: trials=45000 accuracy=0.4999
  mpx-264 traj: trials=50000 wall=665s knowledge=0.0000 reliable=0 spec=0.00 pop=9871
  mpx-264 acc: trials=50000 accuracy=0.4993
  mpx-264 traj: trials=55000 wall=741s knowledge=0.0000 reliable=0 spec=0.00 pop=10076
  mpx-264 acc: trials=55000 accuracy=0.5001
  mpx-264 traj: trials=60000 wall=817s knowledge=0.0000 reliable=0 spec=0.00 pop=10635
  mpx-264 acc: trials=60000 accuracy=0.5038
  mpx-264 traj: trials=65000 wall=901s knowledge=0.0000 reliable=0 spec=0.00 pop=11179
  mpx-264 acc: trials=65000 accuracy=0.4977
  mpx-264 traj: trials=70000 wall=985s knowledge=0.0000 reliable=0 spec=0.00 pop=11569
  mpx-264 acc: trials=70000 accuracy=0.5003
  mpx-264 traj: trials=75000 wall=1072s knowledge=0.0000 reliable=0 spec=0.00 pop=11643
  mpx-264 acc: trials=75000 accuracy=0.5021
  mpx-264 traj: trials=80000 wall=1160s knowledge=0.0000 reliable=0 spec=0.00 pop=12535
  mpx-264 acc: trials=80000 accuracy=0.5004
  mpx-264 traj: trials=85000 wall=1256s knowledge=0.0000 reliable=0 spec=0.00 pop=12630
  mpx-264 acc: trials=85000 accuracy=0.5006
  mpx-264 traj: trials=90000 wall=1353s knowledge=0.0000 reliable=0 spec=0.00 pop=12892
  mpx-264 acc: trials=90000 accuracy=0.5026
  mpx-264 traj: trials=95000 wall=1447s knowledge=0.0000 reliable=0 spec=0.00 pop=12813
  mpx-264 acc: trials=95000 accuracy=0.5037
  mpx-264 traj: trials=100000 wall=1541s knowledge=0.0000 reliable=0 spec=0.00 pop=13394
  mpx-264 acc: trials=100000 accuracy=0.5036
  mpx-264 traj: trials=105000 wall=1642s knowledge=0.0000 reliable=0 spec=0.00 pop=14161
  mpx-264 acc: trials=105000 accuracy=0.5051
  mpx-264 traj: trials=110000 wall=1749s knowledge=0.0000 reliable=0 spec=0.00 pop=14431
  mpx-264 acc: trials=110000 accuracy=0.5048
  mpx-264 traj: trials=115000 wall=1858s knowledge=0.0000 reliable=0 spec=0.00 pop=14631
  mpx-264 acc: trials=115000 accuracy=0.5026
  mpx-264 traj: trials=120000 wall=1967s knowledge=0.0000 reliable=0 spec=0.00 pop=14932
  mpx-264 acc: trials=120000 accuracy=0.4977
  mpx-264 traj: trials=125000 wall=2077s knowledge=0.0000 reliable=0 spec=0.00 pop=15121
  mpx-264 acc: trials=125000 accuracy=0.5040
  mpx-264 traj: trials=130000 wall=2191s knowledge=0.0000 reliable=0 spec=0.00 pop=15939
  mpx-264 acc: trials=130000 accuracy=0.5018
  mpx-264 traj: trials=135000 wall=2309s knowledge=0.0000 reliable=0 spec=0.00 pop=15970
  mpx-264 acc: trials=135000 accuracy=0.5007
  mpx-264 traj: trials=140000 wall=2429s knowledge=0.0000 reliable=0 spec=0.00 pop=16498
  mpx-264 acc: trials=140000 accuracy=0.5038
  mpx-264 traj: trials=145000 wall=2553s knowledge=0.0000 reliable=0 spec=0.00 pop=16880
  mpx-264 acc: trials=145000 accuracy=0.5043
  mpx-264 traj: trials=150000 wall=2679s knowledge=0.0000 reliable=0 spec=0.00 pop=17335
  mpx-264 acc: trials=150000 accuracy=0.5037
  mpx-264 traj: trials=155000 wall=2804s knowledge=0.0000 reliable=0 spec=0.00 pop=18039
  mpx-264 acc: trials=155000 accuracy=0.4991
  mpx-264 traj: trials=160000 wall=2939s knowledge=0.0000 reliable=0 spec=0.00 pop=18597
  mpx-264 acc: trials=160000 accuracy=0.4988
  mpx-264 traj: trials=165000 wall=3081s knowledge=0.0000 reliable=0 spec=0.00 pop=18842
  mpx-264 acc: trials=165000 accuracy=0.5036
  mpx-264 traj: trials=170000 wall=3223s knowledge=0.0000 reliable=0 spec=0.00 pop=19242
  mpx-264 acc: trials=170000 accuracy=0.5008
  mpx-264 traj: trials=175000 wall=3369s knowledge=0.0000 reliable=0 spec=0.00 pop=19859
  mpx-264 acc: trials=175000 accuracy=0.5037
  mpx-264 traj: trials=180000 wall=3518s knowledge=0.0000 reliable=0 spec=0.00 pop=19948
  mpx-264 acc: trials=180000 accuracy=0.5045
  mpx-264 traj: trials=185000 wall=3668s knowledge=0.0000 reliable=0 spec=0.00 pop=20059
  mpx-264 acc: trials=185000 accuracy=0.5045
  mpx-264 traj: trials=190000 wall=3819s knowledge=0.0000 reliable=0 spec=0.00 pop=20205
  mpx-264 acc: trials=190000 accuracy=0.5051
  mpx-264 traj: trials=195000 wall=3968s knowledge=0.0000 reliable=0 spec=0.00 pop=20745
  mpx-264 acc: trials=195000 accuracy=0.5038
  mpx-264 traj: trials=200000 wall=4125s knowledge=0.0000 reliable=0 spec=0.00 pop=21800
  mpx-264 acc: trials=200000 accuracy=0.5017
  mpx-264 traj: trials=205000 wall=4288s knowledge=0.0000 reliable=0 spec=0.00 pop=21749
  mpx-264 acc: trials=205000 accuracy=0.5009
  mpx-264 traj: trials=210000 wall=4447s knowledge=0.0000 reliable=0 spec=0.00 pop=21559
  mpx-264 acc: trials=210000 accuracy=0.5014
  mpx-264 traj: trials=215000 wall=4604s knowledge=0.0000 reliable=0 spec=0.00 pop=22009
  mpx-264 acc: trials=215000 accuracy=0.5016
  mpx-264 traj: trials=220000 wall=4764s knowledge=0.0000 reliable=0 spec=0.00 pop=22389
  mpx-264 acc: trials=220000 accuracy=0.4992
  mpx-264 traj: trials=225000 wall=4929s knowledge=0.0000 reliable=0 spec=0.00 pop=22338
  mpx-264 acc: trials=225000 accuracy=0.5002
  mpx-264 traj: trials=230000 wall=5092s knowledge=0.0000 reliable=0 spec=0.00 pop=22352
  mpx-264 acc: trials=230000 accuracy=0.4988
  mpx-264 traj: trials=235000 wall=5253s knowledge=0.0000 reliable=0 spec=0.00 pop=22917
  mpx-264 acc: trials=235000 accuracy=0.4984
  mpx-264 traj: trials=240000 wall=5411s knowledge=0.0000 reliable=0 spec=0.00 pop=22568
  mpx-264 acc: trials=240000 accuracy=0.4996
  mpx-264 traj: trials=245000 wall=5566s knowledge=0.0000 reliable=0 spec=0.00 pop=22836
  mpx-264 acc: trials=245000 accuracy=0.4990
  mpx-264 traj: trials=250000 wall=5730s knowledge=0.0000 reliable=0 spec=0.00 pop=23471
  mpx-264 acc: trials=250000 accuracy=0.4998
  mpx-264 traj: trials=255000 wall=5902s knowledge=0.0000 reliable=0 spec=0.00 pop=23757
  mpx-264 acc: trials=255000 accuracy=0.5016
  mpx-264 traj: trials=260000 wall=6074s knowledge=0.0000 reliable=0 spec=0.00 pop=23731
  mpx-264 acc: trials=260000 accuracy=0.5023
  mpx-264 traj: trials=265000 wall=6243s knowledge=0.0000 reliable=0 spec=0.00 pop=24142
  mpx-264 acc: trials=265000 accuracy=0.4981
  mpx-264 traj: trials=270000 wall=6417s knowledge=0.0000 reliable=0 spec=0.00 pop=24360
  mpx-264 acc: trials=270000 accuracy=0.4977
  mpx-264 traj: trials=275000 wall=6595s knowledge=0.0000 reliable=0 spec=0.00 pop=25036
  mpx-264 acc: trials=275000 accuracy=0.4971
  mpx-264 traj: trials=280000 wall=6777s knowledge=0.0000 reliable=0 spec=0.00 pop=25348
  mpx-264 acc: trials=280000 accuracy=0.5012
  mpx-264 traj: trials=285000 wall=6962s knowledge=0.0000 reliable=0 spec=0.00 pop=25483
  mpx-264 acc: trials=285000 accuracy=0.5029
  mpx-264 traj: trials=290000 wall=7151s knowledge=0.0000 reliable=0 spec=0.00 pop=25631
  mpx-264 acc: trials=290000 accuracy=0.5013
  mpx-264 repeat 0: TIME-LIMITED trials=290500 knowledge=unmeasured knowledge_trials=unmeasured reliable=0 spec=0.00/265 peak_macro=25783 peak_rss=0.44GB wall=7257.6s
  mpx-264 verdict agreement across 1 repeats: ALL AGREE
