acs2-bench mpx-reach: sizes=[70] n_exp=1 seed=44 rss_cap=5.6GB time_cap=40000s do_ga=true alp_gen_variant=pyalcs
  mem mpx-70 (N=71): condition=142B effect=142B mark=1704B (stack) classifier=2072B  mark/classifier=82.2%  rss-cap pop-threshold=2702702
  mpx-70 trials_cap=18446744073709551615 (= 20000*2^(k-6)*10, clamped to u64::MAX) u_max=8
  mpx-70 traj: trials=60000 wall=94s knowledge=0.0000 reliable=0 spec=0.00 pop=3462
  mpx-70 traj: trials=120000 wall=145s knowledge=0.0000 reliable=0 spec=0.00 pop=3633
  mpx-70 traj: trials=180000 wall=189s knowledge=0.0000 reliable=0 spec=0.00 pop=4258
  mpx-70 traj: trials=240000 wall=241s knowledge=0.0002 reliable=1 spec=12.00 pop=4355
  mpx-70 traj: trials=300000 wall=286s knowledge=0.0030 reliable=3 spec=10.33 pop=4727
  mpx-70 traj: trials=360000 wall=331s knowledge=0.0031 reliable=4 spec=11.00 pop=4554
  mpx-70 traj: trials=420000 wall=375s knowledge=0.0037 reliable=6 spec=11.17 pop=4316
  mpx-70 traj: trials=480000 wall=420s knowledge=0.0042 reliable=7 spec=11.14 pop=4238
  mpx-70 traj: trials=540000 wall=463s knowledge=0.0093 reliable=12 spec=10.92 pop=4425
  mpx-70 traj: trials=600000 wall=506s knowledge=0.0148 reliable=18 spec=10.44 pop=5283
  mpx-70 traj: trials=660000 wall=551s knowledge=0.0196 reliable=20 spec=10.55 pop=5332
  mpx-70 traj: trials=720000 wall=594s knowledge=0.0246 reliable=28 spec=10.57 pop=5235
  mpx-70 traj: trials=780000 wall=637s knowledge=0.0348 reliable=39 spec=10.38 pop=5292
  mpx-70 traj: trials=840000 wall=683s knowledge=0.0382 reliable=37 spec=10.24 pop=6147
  mpx-70 traj: trials=900000 wall=730s knowledge=0.0483 reliable=45 spec=10.20 pop=6168
  mpx-70 traj: trials=960000 wall=772s knowledge=0.0546 reliable=49 spec=10.27 pop=5316
  mpx-70 traj: trials=1020000 wall=812s knowledge=0.0683 reliable=58 spec=9.98 pop=5064
  mpx-70 traj: trials=1080000 wall=852s knowledge=0.0755 reliable=61 spec=10.08 pop=5135
  mpx-70 traj: trials=1140000 wall=894s knowledge=0.0944 reliable=80 spec=10.03 pop=5839
  mpx-70 traj: trials=1200000 wall=935s knowledge=0.1061 reliable=90 spec=10.02 pop=5200
  mpx-70 traj: trials=1260000 wall=973s knowledge=0.1115 reliable=89 spec=10.06 pop=5115
  mpx-70 traj: trials=1320000 wall=1009s knowledge=0.1235 reliable=88 spec=9.81 pop=4985
  mpx-70 traj: trials=1380000 wall=1045s knowledge=0.1312 reliable=92 spec=9.93 pop=4736
  mpx-70 traj: trials=1440000 wall=1083s knowledge=0.1393 reliable=88 spec=9.85 pop=4083
  mpx-70 traj: trials=1500000 wall=1122s knowledge=0.1419 reliable=90 spec=9.81 pop=3968
  mpx-70 traj: trials=1560000 wall=1161s knowledge=0.1507 reliable=91 spec=9.73 pop=3643
  mpx-70 traj: trials=1620000 wall=1204s knowledge=0.1558 reliable=91 spec=9.73 pop=3454
  mpx-70 traj: trials=1680000 wall=1249s knowledge=0.1631 reliable=99 spec=9.66 pop=3355
  mpx-70 traj: trials=1740000 wall=1300s knowledge=0.1608 reliable=92 spec=9.83 pop=3141
  mpx-70 traj: trials=1800000 wall=1345s knowledge=0.1705 reliable=94 spec=9.70 pop=3528
  mpx-70 traj: trials=1860000 wall=1383s knowledge=0.1710 reliable=90 spec=9.66 pop=3566
  mpx-70 traj: trials=1920000 wall=1424s knowledge=0.1701 reliable=89 spec=9.85 pop=3530
  mpx-70 traj: trials=1980000 wall=1471s knowledge=0.1691 reliable=92 spec=9.99 pop=3251
  mpx-70 traj: trials=2040000 wall=1520s knowledge=0.1781 reliable=97 spec=9.84 pop=3473
  mpx-70 traj: trials=2100000 wall=1575s knowledge=0.1913 reliable=102 spec=9.73 pop=2896
  mpx-70 traj: trials=2160000 wall=1626s knowledge=0.1938 reliable=100 spec=9.82 pop=3197
  mpx-70 traj: trials=2220000 wall=1679s knowledge=0.2018 reliable=108 spec=9.81 pop=2818
  mpx-70 traj: trials=2280000 wall=1740s knowledge=0.1915 reliable=98 spec=9.87 pop=3687
  mpx-70 traj: trials=2340000 wall=1794s knowledge=0.1933 reliable=96 spec=9.76 pop=2836
  mpx-70 traj: trials=2400000 wall=1854s knowledge=0.1913 reliable=87 spec=9.77 pop=2754
  mpx-70 traj: trials=2460000 wall=1936s knowledge=0.1967 reliable=86 spec=9.71 pop=2766
  mpx-70 traj: trials=2520000 wall=1997s knowledge=0.2044 reliable=93 spec=9.54 pop=3209
  mpx-70 traj: trials=2580000 wall=2057s knowledge=0.2155 reliable=102 spec=9.47 pop=3030
  mpx-70 traj: trials=2640000 wall=2132s knowledge=0.2172 reliable=97 spec=9.44 pop=3116
  mpx-70 traj: trials=2700000 wall=2222s knowledge=0.2153 reliable=92 spec=9.45 pop=2537
  mpx-70 traj: trials=2760000 wall=2286s knowledge=0.2167 reliable=91 spec=9.19 pop=2456
  mpx-70 traj: trials=2820000 wall=2341s knowledge=0.2205 reliable=92 spec=9.16 pop=2424
  mpx-70 traj: trials=2880000 wall=2417s knowledge=0.2280 reliable=93 spec=9.20 pop=2879
  mpx-70 traj: trials=2940000 wall=2467s knowledge=0.2321 reliable=98 spec=9.18 pop=2638
  mpx-70 traj: trials=3000000 wall=2531s knowledge=0.2385 reliable=102 spec=9.14 pop=2540
  mpx-70 traj: trials=3060000 wall=2589s knowledge=0.2380 reliable=95 spec=9.08 pop=8008
  mpx-70 traj: trials=3120000 wall=2656s knowledge=0.2390 reliable=97 spec=9.11 pop=2718
  mpx-70 traj: trials=3180000 wall=2717s knowledge=0.2452 reliable=97 spec=8.97 pop=2805
  mpx-70 traj: trials=3240000 wall=2792s knowledge=0.2438 reliable=97 spec=9.08 pop=2282
  mpx-70 traj: trials=3300000 wall=2882s knowledge=0.2487 reliable=100 spec=8.98 pop=6532
  mpx-70 traj: trials=3360000 wall=2949s knowledge=0.2469 reliable=97 spec=9.05 pop=2230
  mpx-70 traj: trials=3420000 wall=3019s knowledge=0.2494 reliable=96 spec=8.98 pop=2158
  mpx-70 traj: trials=3480000 wall=3087s knowledge=0.2519 reliable=100 spec=8.99 pop=2915
  mpx-70 traj: trials=3540000 wall=3157s knowledge=0.2526 reliable=99 spec=9.02 pop=2823
  mpx-70 traj: trials=3600000 wall=3238s knowledge=0.2545 reliable=97 spec=8.95 pop=2148
  mpx-70 traj: trials=3660000 wall=3319s knowledge=0.2558 reliable=95 spec=8.84 pop=2219
  mpx-70 traj: trials=3720000 wall=3386s knowledge=0.2641 reliable=104 spec=8.76 pop=2620
  mpx-70 traj: trials=3780000 wall=3458s knowledge=0.2626 reliable=105 spec=8.75 pop=2469
  mpx-70 traj: trials=3840000 wall=3534s knowledge=0.2698 reliable=99 spec=8.60 pop=2275
  mpx-70 traj: trials=3900000 wall=3621s knowledge=0.2702 reliable=99 spec=8.63 pop=2114
  mpx-70 traj: trials=3960000 wall=3718s knowledge=0.2633 reliable=91 spec=8.58 pop=2566
  mpx-70 traj: trials=4020000 wall=3786s knowledge=0.2640 reliable=89 spec=8.51 pop=2112
  mpx-70 traj: trials=4080000 wall=3864s knowledge=0.2716 reliable=95 spec=8.42 pop=2349
  mpx-70 traj: trials=4140000 wall=3933s knowledge=0.2730 reliable=94 spec=8.35 pop=2482
  mpx-70 traj: trials=4200000 wall=4014s knowledge=0.2721 reliable=91 spec=8.33 pop=2599
  mpx-70 traj: trials=4260000 wall=4085s knowledge=0.2729 reliable=92 spec=8.35 pop=2279
  mpx-70 traj: trials=4320000 wall=4156s knowledge=0.2776 reliable=96 spec=8.30 pop=2156
  mpx-70 traj: trials=4380000 wall=4233s knowledge=0.2809 reliable=95 spec=8.32 pop=2375
  mpx-70 traj: trials=4440000 wall=4309s knowledge=0.2850 reliable=97 spec=8.36 pop=2279
  mpx-70 traj: trials=4500000 wall=4387s knowledge=0.2818 reliable=93 spec=8.32 pop=2241
  mpx-70 traj: trials=4560000 wall=4473s knowledge=0.2915 reliable=97 spec=8.16 pop=2295
  mpx-70 traj: trials=4620000 wall=4534s knowledge=0.2955 reliable=99 spec=8.18 pop=2802
  mpx-70 traj: trials=4680000 wall=4610s knowledge=0.2954 reliable=100 spec=8.24 pop=2089
  mpx-70 traj: trials=4740000 wall=4686s knowledge=0.2951 reliable=99 spec=8.25 pop=3212
  mpx-70 traj: trials=4800000 wall=4766s knowledge=0.2908 reliable=95 spec=8.27 pop=3046
  mpx-70 traj: trials=4860000 wall=4831s knowledge=0.2889 reliable=93 spec=8.11 pop=2123
  mpx-70 traj: trials=4920000 wall=4910s knowledge=0.2902 reliable=93 spec=8.02 pop=2651
  mpx-70 traj: trials=4980000 wall=4984s knowledge=0.2902 reliable=93 spec=8.04 pop=1985
  mpx-70 traj: trials=5040000 wall=5052s knowledge=0.2942 reliable=93 spec=7.99 pop=2318
  mpx-70 traj: trials=5100000 wall=5122s knowledge=0.2989 reliable=105 spec=7.95 pop=3845
  mpx-70 traj: trials=5160000 wall=5201s knowledge=0.2950 reliable=89 spec=7.81 pop=2060
  mpx-70 traj: trials=5220000 wall=5263s knowledge=0.2939 reliable=89 spec=7.82 pop=3088
  mpx-70 traj: trials=5280000 wall=5346s knowledge=0.2932 reliable=90 spec=7.87 pop=2385
[2026-07-25T16:20:31.585] error: *** JOB 5551656 ON r22c01b08 CANCELLED AT 2026-07-25T16:20:31 DUE to SIGNAL Terminated ***
