acs2-bench mpx-reach: agent=acs2 sizes=[70] n_exp=1 seed=42 rss_cap=5.6GB time_cap=600000s do_ga=true alp_gen_variant=pyalcs
  mem mpx-70 (N=71): condition=142B effect=142B mark=1704B (stack) classifier=2072B  mark/classifier=82.2%  rss-cap pop-threshold=2702702
  mpx-70 trials_cap=18446744073709551615 (= 20000*2^(k-6)*10, clamped to u64::MAX) u_max=8
  mpx-70 traj: trials=60000 wall=115s knowledge=0.0000 reliable=0 spec=0.00 pop=9774
  mpx-70 diag: trials=60000 micro=9808 pop_spec=9.67 spec_max=18 q_mean=0.555 q_max=0.852 q_above_half=7311 marked=0.369 mark_density=0.867 exp_mean=2.8 addr_spec=0.914 addr_random=0.829 addr_full=0.0000 correct=0
  mpx-70 cover: trials=60000 overall=0.0000 a0_nochange=0.0000 a0_change=0.0000 a1_nochange=0.0000 a1_change=0.0000 matched_but_wrong=0
  mpx-70 traj: trials=120000 wall=296s knowledge=0.0024 reliable=2 spec=9.50 pop=11517
  mpx-70 diag: trials=120000 micro=11566 pop_spec=10.04 spec_max=20 q_mean=0.568 q_max=1.000 q_above_half=9132 marked=0.361 mark_density=0.864 exp_mean=2.8 addr_spec=1.130 addr_random=0.860 addr_full=0.0000 correct=0
  mpx-70 cover: trials=120000 overall=0.0024 a0_nochange=0.0000 a0_change=0.0000 a1_nochange=0.0023 a1_change=0.0074 matched_but_wrong=0
  mpx-70 traj: trials=180000 wall=487s knowledge=0.0191 reliable=17 spec=9.24 pop=12323
  mpx-70 diag: trials=180000 micro=12398 pop_spec=10.19 spec_max=20 q_mean=0.576 q_max=1.000 q_above_half=9925 marked=0.355 mark_density=0.862 exp_mean=2.9 addr_spec=1.374 addr_random=0.874 addr_full=0.0006 correct=1
  mpx-70 cover: trials=180000 overall=0.0191 a0_nochange=0.0218 a0_change=0.0032 a1_nochange=0.0046 a1_change=0.0469 matched_but_wrong=4
  mpx-70 traj: trials=240000 wall=667s knowledge=0.0408 reliable=29 spec=8.76 pop=12157
  mpx-70 diag: trials=240000 micro=12287 pop_spec=10.37 spec_max=21 q_mean=0.575 q_max=1.000 q_above_half=9664 marked=0.362 mark_density=0.860 exp_mean=3.1 addr_spec=1.531 addr_random=0.889 addr_full=0.0010 correct=4
  mpx-70 cover: trials=240000 overall=0.0408 a0_nochange=0.0358 a0_change=0.0049 a1_nochange=0.0157 a1_change=0.1069 matched_but_wrong=0
  mpx-70 traj: trials=300000 wall=834s knowledge=0.0626 reliable=42 spec=8.74 pop=12167
  mpx-70 diag: trials=300000 micro=12315 pop_spec=10.46 spec_max=21 q_mean=0.585 q_max=1.000 q_above_half=9783 marked=0.359 mark_density=0.859 exp_mean=3.3 addr_spec=1.758 addr_random=0.896 addr_full=0.0017 correct=5
  mpx-70 cover: trials=300000 overall=0.0626 a0_nochange=0.0547 a0_change=0.0126 a1_nochange=0.0157 a1_change=0.1674 matched_but_wrong=19
  mpx-70 traj: trials=360000 wall=992s knowledge=0.1036 reliable=79 spec=8.91 pop=11673
  mpx-70 diag: trials=360000 micro=11916 pop_spec=10.55 spec_max=22 q_mean=0.592 q_max=1.000 q_above_half=9523 marked=0.354 mark_density=0.858 exp_mean=3.8 addr_spec=1.917 addr_random=0.904 addr_full=0.0020 correct=4
  mpx-70 cover: trials=360000 overall=0.1036 a0_nochange=0.0679 a0_change=0.0538 a1_nochange=0.0466 a1_change=0.2459 matched_but_wrong=76
  mpx-70 traj: trials=420000 wall=1130s knowledge=0.1337 reliable=87 spec=8.78 pop=11031
  mpx-70 diag: trials=420000 micro=11373 pop_spec=10.62 spec_max=22 q_mean=0.594 q_max=1.000 q_above_half=9014 marked=0.352 mark_density=0.857 exp_mean=4.6 addr_spec=2.061 addr_random=0.911 addr_full=0.0035 correct=8
  mpx-70 cover: trials=420000 overall=0.1337 a0_nochange=0.0900 a0_change=0.1160 a1_nochange=0.0664 a1_change=0.2623 matched_but_wrong=6
  mpx-70 traj: trials=480000 wall=1243s knowledge=0.1895 reliable=115 spec=8.60 pop=9990
  mpx-70 diag: trials=480000 micro=10415 pop_spec=10.64 spec_max=22 q_mean=0.598 q_max=1.000 q_above_half=8045 marked=0.363 mark_density=0.857 exp_mean=5.7 addr_spec=2.173 addr_random=0.912 addr_full=0.0057 correct=14
  mpx-70 cover: trials=480000 overall=0.1895 a0_nochange=0.1184 a0_change=0.1946 a1_nochange=0.0688 a1_change=0.3760 matched_but_wrong=19
  mpx-70 traj: trials=540000 wall=1329s knowledge=0.2675 reliable=160 spec=8.41 pop=8826
  mpx-70 diag: trials=540000 micro=9390 pop_spec=10.75 spec_max=22 q_mean=0.600 q_max=1.000 q_above_half=7078 marked=0.356 mark_density=0.856 exp_mean=7.6 addr_spec=2.363 addr_random=0.921 addr_full=0.0109 correct=28
  mpx-70 cover: trials=540000 overall=0.2675 a0_nochange=0.1640 a0_change=0.2792 a1_nochange=0.1527 a1_change=0.4740 matched_but_wrong=50
  mpx-70 traj: trials=600000 wall=1393s knowledge=0.3097 reliable=159 spec=8.21 pop=7343
  mpx-70 diag: trials=600000 micro=8021 pop_spec=10.81 spec_max=22 q_mean=0.592 q_max=1.000 q_above_half=5673 marked=0.368 mark_density=0.857 exp_mean=10.4 addr_spec=2.460 addr_random=0.926 addr_full=0.0133 correct=30
  mpx-70 cover: trials=600000 overall=0.3097 a0_nochange=0.1885 a0_change=0.3350 a1_nochange=0.1565 a1_change=0.5588 matched_but_wrong=130
  mpx-70 traj: trials=660000 wall=1440s knowledge=0.3547 reliable=173 spec=8.12 pop=6215
  mpx-70 diag: trials=660000 micro=6960 pop_spec=10.69 spec_max=22 q_mean=0.597 q_max=1.000 q_above_half=4723 marked=0.364 mark_density=0.858 exp_mean=14.8 addr_spec=2.556 addr_random=0.916 addr_full=0.0174 correct=36
  mpx-70 cover: trials=660000 overall=0.3547 a0_nochange=0.2369 a0_change=0.3980 a1_nochange=0.1485 a1_change=0.6355 matched_but_wrong=24
  mpx-70 traj: trials=720000 wall=1480s knowledge=0.4053 reliable=177 spec=7.92 pop=5517
  mpx-70 diag: trials=720000 micro=6367 pop_spec=10.63 spec_max=22 q_mean=0.600 q_max=1.000 q_above_half=4191 marked=0.345 mark_density=0.858 exp_mean=19.3 addr_spec=2.690 addr_random=0.911 addr_full=0.0207 correct=54
  mpx-70 cover: trials=720000 overall=0.4053 a0_nochange=0.3015 a0_change=0.4560 a1_nochange=0.1818 a1_change=0.6820 matched_but_wrong=4
  mpx-70 traj: trials=780000 wall=1512s knowledge=0.4897 reliable=229 spec=7.91 pop=4521
  mpx-70 diag: trials=780000 micro=5512 pop_spec=10.49 spec_max=22 q_mean=0.597 q_max=1.000 q_above_half=3313 marked=0.326 mark_density=0.859 exp_mean=28.2 addr_spec=2.901 addr_random=0.899 addr_full=0.0310 correct=70
  mpx-70 cover: trials=780000 overall=0.4897 a0_nochange=0.4040 a0_change=0.5502 a1_nochange=0.2342 a1_change=0.7704 matched_but_wrong=108
  mpx-70 traj: trials=840000 wall=1537s knowledge=0.5099 reliable=212 spec=7.80 pop=3785
  mpx-70 diag: trials=840000 micro=4890 pop_spec=10.45 spec_max=22 q_mean=0.601 q_max=1.000 q_above_half=2710 marked=0.342 mark_density=0.864 exp_mean=37.3 addr_spec=3.089 addr_random=0.895 addr_full=0.0394 correct=79
  mpx-70 cover: trials=840000 overall=0.5099 a0_nochange=0.4037 a0_change=0.5785 a1_nochange=0.2634 a1_change=0.7940 matched_but_wrong=1
  mpx-70 traj: trials=900000 wall=1559s knowledge=0.5528 reliable=224 spec=7.79 pop=3172
  mpx-70 diag: trials=900000 micro=4352 pop_spec=10.30 spec_max=22 q_mean=0.597 q_max=1.000 q_above_half=2213 marked=0.339 mark_density=0.864 exp_mean=51.0 addr_spec=3.093 addr_random=0.883 addr_full=0.0441 correct=87
  mpx-70 cover: trials=900000 overall=0.5528 a0_nochange=0.3970 a0_change=0.6833 a1_nochange=0.2978 a1_change=0.8330 matched_but_wrong=36
  mpx-70 traj: trials=960000 wall=1577s knowledge=0.6190 reliable=237 spec=7.56 pop=2677
  mpx-70 diag: trials=960000 micro=3991 pop_spec=10.15 spec_max=22 q_mean=0.601 q_max=1.000 q_above_half=1861 marked=0.337 mark_density=0.866 exp_mean=72.2 addr_spec=3.264 addr_random=0.870 addr_full=0.0631 correct=111
  mpx-70 cover: trials=960000 overall=0.6190 a0_nochange=0.4834 a0_change=0.7303 a1_nochange=0.3882 a1_change=0.8741 matched_but_wrong=0
  mpx-70 traj: trials=1020000 wall=1594s knowledge=0.6629 reliable=243 spec=7.49 pop=2496
  mpx-70 diag: trials=1020000 micro=3926 pop_spec=9.87 spec_max=22 q_mean=0.595 q_max=1.000 q_above_half=1621 marked=0.316 mark_density=0.869 exp_mean=90.0 addr_spec=3.290 addr_random=0.846 addr_full=0.0721 correct=120
  mpx-70 cover: trials=1020000 overall=0.6629 a0_nochange=0.5051 a0_change=0.8169 a1_nochange=0.4490 a1_change=0.8806 matched_but_wrong=34
  mpx-70 traj: trials=1080000 wall=1609s knowledge=0.6823 reliable=239 spec=7.46 pop=2381
  mpx-70 diag: trials=1080000 micro=3899 pop_spec=9.62 spec_max=22 q_mean=0.599 q_max=1.000 q_above_half=1584 marked=0.333 mark_density=0.875 exp_mean=108.2 addr_spec=3.331 addr_random=0.825 addr_full=0.0701 correct=126
  mpx-70 cover: trials=1080000 overall=0.6823 a0_nochange=0.5547 a0_change=0.8046 a1_nochange=0.4830 a1_change=0.8867 matched_but_wrong=4
  mpx-70 traj: trials=1140000 wall=1623s knowledge=0.6974 reliable=235 spec=7.37 pop=2247
  mpx-70 diag: trials=1140000 micro=3828 pop_spec=9.40 spec_max=22 q_mean=0.596 q_max=1.000 q_above_half=1474 marked=0.335 mark_density=0.878 exp_mean=130.8 addr_spec=3.406 addr_random=0.806 addr_full=0.0779 correct=135
  mpx-70 cover: trials=1140000 overall=0.6974 a0_nochange=0.5728 a0_change=0.7911 a1_nochange=0.5158 a1_change=0.9098 matched_but_wrong=0
  mpx-70 traj: trials=1200000 wall=1637s knowledge=0.7222 reliable=235 spec=7.33 pop=2210
  mpx-70 diag: trials=1200000 micro=3841 pop_spec=9.17 spec_max=22 q_mean=0.603 q_max=1.000 q_above_half=1496 marked=0.329 mark_density=0.882 exp_mean=149.0 addr_spec=3.454 addr_random=0.786 addr_full=0.0864 correct=140
  mpx-70 cover: trials=1200000 overall=0.7222 a0_nochange=0.6333 a0_change=0.8080 a1_nochange=0.5320 a1_change=0.9154 matched_but_wrong=0
  mpx-70 traj: trials=1260000 wall=1650s knowledge=0.7600 reliable=254 spec=7.31 pop=1997
  mpx-70 diag: trials=1260000 micro=3730 pop_spec=9.07 spec_max=22 q_mean=0.607 q_max=1.000 q_above_half=1348 marked=0.302 mark_density=0.880 exp_mean=182.5 addr_spec=3.558 addr_random=0.777 addr_full=0.0946 correct=150
  mpx-70 cover: trials=1260000 overall=0.7600 a0_nochange=0.6823 a0_change=0.8495 a1_nochange=0.5814 a1_change=0.9269 matched_but_wrong=0
  mpx-70 traj: trials=1320000 wall=1663s knowledge=0.7683 reliable=259 spec=7.34 pop=1967
  mpx-70 diag: trials=1320000 micro=3677 pop_spec=8.88 spec_max=22 q_mean=0.612 q_max=1.000 q_above_half=1370 marked=0.335 mark_density=0.884 exp_mean=200.1 addr_spec=3.617 addr_random=0.761 addr_full=0.1027 correct=156
  mpx-70 cover: trials=1320000 overall=0.7683 a0_nochange=0.6836 a0_change=0.8552 a1_nochange=0.5871 a1_change=0.9474 matched_but_wrong=0
  mpx-70 traj: trials=1380000 wall=1675s knowledge=0.7789 reliable=238 spec=7.25 pop=1879
  mpx-70 diag: trials=1380000 micro=3708 pop_spec=8.79 spec_max=22 q_mean=0.613 q_max=1.000 q_above_half=1289 marked=0.308 mark_density=0.884 exp_mean=228.1 addr_spec=3.682 addr_random=0.753 addr_full=0.1032 correct=159
  mpx-70 cover: trials=1380000 overall=0.7789 a0_nochange=0.7102 a0_change=0.8738 a1_nochange=0.6040 a1_change=0.9276 matched_but_wrong=0
  mpx-70 traj: trials=1440000 wall=1687s knowledge=0.8056 reliable=253 spec=7.27 pop=1768
  mpx-70 diag: trials=1440000 micro=3644 pop_spec=8.68 spec_max=22 q_mean=0.620 q_max=1.000 q_above_half=1233 marked=0.298 mark_density=0.886 exp_mean=265.1 addr_spec=3.754 addr_random=0.744 addr_full=0.1176 correct=165
  mpx-70 cover: trials=1440000 overall=0.8056 a0_nochange=0.7861 a0_change=0.8638 a1_nochange=0.6373 a1_change=0.9352 matched_but_wrong=0
  mpx-70 traj: trials=1500000 wall=1699s knowledge=0.8408 reliable=273 spec=7.27 pop=1752
  mpx-70 diag: trials=1500000 micro=3704 pop_spec=8.46 spec_max=22 q_mean=0.625 q_max=1.000 q_above_half=1238 marked=0.313 mark_density=0.889 exp_mean=295.2 addr_spec=3.871 addr_random=0.725 addr_full=0.1250 correct=179
  mpx-70 cover: trials=1500000 overall=0.8408 a0_nochange=0.8085 a0_change=0.9104 a1_nochange=0.6941 a1_change=0.9501 matched_but_wrong=0
  mpx-70 traj: trials=1560000 wall=1709s knowledge=0.8410 reliable=256 spec=7.24 pop=1640
  mpx-70 diag: trials=1560000 micro=3663 pop_spec=8.43 spec_max=22 q_mean=0.623 q_max=1.000 q_above_half=1114 marked=0.283 mark_density=0.885 exp_mean=333.7 addr_spec=3.841 addr_random=0.722 addr_full=0.1274 correct=180
  mpx-70 cover: trials=1560000 overall=0.8410 a0_nochange=0.8260 a0_change=0.9124 a1_nochange=0.6809 a1_change=0.9448 matched_but_wrong=0
  mpx-70 traj: trials=1620000 wall=1720s knowledge=0.8431 reliable=250 spec=7.25 pop=1615
  mpx-70 diag: trials=1620000 micro=3679 pop_spec=8.25 spec_max=22 q_mean=0.614 q_max=1.000 q_above_half=1069 marked=0.312 mark_density=0.891 exp_mean=366.0 addr_spec=3.908 addr_random=0.707 addr_full=0.1313 correct=186
  mpx-70 cover: trials=1620000 overall=0.8431 a0_nochange=0.8245 a0_change=0.9074 a1_nochange=0.6846 a1_change=0.9559 matched_but_wrong=0
  mpx-70 traj: trials=1680000 wall=1730s knowledge=0.8658 reliable=265 spec=7.27 pop=1630
  mpx-70 diag: trials=1680000 micro=3669 pop_spec=8.09 spec_max=22 q_mean=0.618 q_max=1.000 q_above_half=1061 marked=0.310 mark_density=0.893 exp_mean=393.7 addr_spec=3.940 addr_random=0.693 addr_full=0.1380 correct=189
  mpx-70 cover: trials=1680000 overall=0.8658 a0_nochange=0.8513 a0_change=0.9242 a1_nochange=0.7112 a1_change=0.9764 matched_but_wrong=0
  mpx-70 traj: trials=1740000 wall=1741s knowledge=0.8675 reliable=269 spec=7.20 pop=1576
  mpx-70 diag: trials=1740000 micro=3696 pop_spec=8.01 spec_max=22 q_mean=0.623 q_max=1.000 q_above_half=1046 marked=0.323 mark_density=0.894 exp_mean=428.5 addr_spec=4.003 addr_random=0.687 addr_full=0.1440 correct=195
  mpx-70 cover: trials=1740000 overall=0.8675 a0_nochange=0.8567 a0_change=0.9250 a1_nochange=0.7159 a1_change=0.9722 matched_but_wrong=0
  mpx-70 traj: trials=1800000 wall=1751s knowledge=0.8825 reliable=265 spec=7.17 pop=1537
  mpx-70 diag: trials=1800000 micro=3625 pop_spec=7.92 spec_max=22 q_mean=0.633 q_max=1.000 q_above_half=1070 marked=0.294 mark_density=0.895 exp_mean=473.9 addr_spec=3.956 addr_random=0.679 addr_full=0.1522 correct=198
  mpx-70 cover: trials=1800000 overall=0.8825 a0_nochange=0.8867 a0_change=0.9334 a1_nochange=0.7478 a1_change=0.9621 matched_but_wrong=0
  mpx-70 traj: trials=1860000 wall=1761s knowledge=0.8989 reliable=273 spec=7.18 pop=1583
  mpx-70 diag: trials=1860000 micro=3727 pop_spec=7.91 spec_max=22 q_mean=0.629 q_max=1.000 q_above_half=1096 marked=0.301 mark_density=0.892 exp_mean=490.5 addr_spec=4.037 addr_random=0.678 addr_full=0.1466 correct=200
  mpx-70 cover: trials=1860000 overall=0.8989 a0_nochange=0.9224 a0_change=0.9298 a1_nochange=0.7817 a1_change=0.9617 matched_but_wrong=0
  mpx-70 traj: trials=1920000 wall=1771s knowledge=0.9081 reliable=273 spec=7.17 pop=1554
  mpx-70 diag: trials=1920000 micro=3742 pop_spec=7.77 spec_max=22 q_mean=0.633 q_max=1.000 q_above_half=1124 marked=0.298 mark_density=0.892 exp_mean=525.2 addr_spec=4.000 addr_random=0.666 addr_full=0.1474 correct=204
  mpx-70 cover: trials=1920000 overall=0.9081 a0_nochange=0.9394 a0_change=0.9210 a1_nochange=0.8072 a1_change=0.9646 matched_but_wrong=0
  mpx-70 traj: trials=1980000 wall=1781s knowledge=0.9170 reliable=267 spec=7.13 pop=1521
  mpx-70 diag: trials=1980000 micro=3757 pop_spec=7.79 spec_max=22 q_mean=0.628 q_max=1.000 q_above_half=1028 marked=0.285 mark_density=0.893 exp_mean=567.9 addr_spec=4.093 addr_random=0.668 addr_full=0.1565 correct=208
  mpx-70 cover: trials=1980000 overall=0.9170 a0_nochange=0.9476 a0_change=0.9301 a1_nochange=0.8141 a1_change=0.9760 matched_but_wrong=0
  mpx-70 traj: trials=2040000 wall=1791s knowledge=0.9234 reliable=274 spec=7.11 pop=1490
  mpx-70 diag: trials=2040000 micro=3768 pop_spec=7.65 spec_max=22 q_mean=0.637 q_max=1.000 q_above_half=1061 marked=0.276 mark_density=0.894 exp_mean=616.1 addr_spec=4.131 addr_random=0.655 addr_full=0.1597 correct=211
  mpx-70 cover: trials=2040000 overall=0.9234 a0_nochange=0.9372 a0_change=0.9599 a1_nochange=0.8123 a1_change=0.9842 matched_but_wrong=0
  mpx-70 traj: trials=2100000 wall=1800s knowledge=0.9329 reliable=280 spec=7.13 pop=1446
  mpx-70 diag: trials=2100000 micro=3741 pop_spec=7.64 spec_max=22 q_mean=0.638 q_max=1.000 q_above_half=1018 marked=0.272 mark_density=0.894 exp_mean=657.2 addr_spec=4.204 addr_random=0.655 addr_full=0.1826 correct=218
  mpx-70 cover: trials=2100000 overall=0.9329 a0_nochange=0.9489 a0_change=0.9585 a1_nochange=0.8296 a1_change=0.9948 matched_but_wrong=0
  mpx-70 traj: trials=2160000 wall=1810s knowledge=0.9367 reliable=271 spec=7.09 pop=1555
  mpx-70 diag: trials=2160000 micro=3844 pop_spec=7.52 spec_max=22 q_mean=0.631 q_max=1.000 q_above_half=1100 marked=0.294 mark_density=0.897 exp_mean=648.1 addr_spec=4.179 addr_random=0.644 addr_full=0.1627 correct=222
  mpx-70 cover: trials=2160000 overall=0.9367 a0_nochange=0.9443 a0_change=0.9539 a1_nochange=0.8621 a1_change=0.9863 matched_but_wrong=0
  mpx-70 traj: trials=2220000 wall=1819s knowledge=0.9454 reliable=273 spec=7.08 pop=1434
  mpx-70 diag: trials=2220000 micro=3788 pop_spec=7.47 spec_max=22 q_mean=0.636 q_max=1.000 q_above_half=997 marked=0.316 mark_density=0.898 exp_mean=733.6 addr_spec=4.169 addr_random=0.640 addr_full=0.1764 correct=225
  mpx-70 cover: trials=2220000 overall=0.9454 a0_nochange=0.9526 a0_change=0.9597 a1_nochange=0.8808 a1_change=0.9882 matched_but_wrong=0
  mpx-70 traj: trials=2280000 wall=1828s knowledge=0.9514 reliable=279 spec=7.08 pop=1403
  mpx-70 diag: trials=2280000 micro=3821 pop_spec=7.47 spec_max=22 q_mean=0.640 q_max=1.000 q_above_half=975 marked=0.299 mark_density=0.897 exp_mean=788.0 addr_spec=4.207 addr_random=0.641 addr_full=0.1882 correct=226
  mpx-70 cover: trials=2280000 overall=0.9514 a0_nochange=0.9529 a0_change=0.9654 a1_nochange=0.9009 a1_change=0.9863 matched_but_wrong=0
  mpx-70 traj: trials=2340000 wall=1837s knowledge=0.9520 reliable=270 spec=7.08 pop=1435
  mpx-70 diag: trials=2340000 micro=3816 pop_spec=7.32 spec_max=22 q_mean=0.639 q_max=1.000 q_above_half=1008 marked=0.291 mark_density=0.900 exp_mean=803.7 addr_spec=4.229 addr_random=0.627 addr_full=0.1819 correct=230
  mpx-70 cover: trials=2340000 overall=0.9520 a0_nochange=0.9670 a0_change=0.9565 a1_nochange=0.8951 a1_change=0.9894 matched_but_wrong=0
  mpx-70 traj: trials=2400000 wall=1845s knowledge=0.9520 reliable=263 spec=7.07 pop=1508
  mpx-70 diag: trials=2400000 micro=3922 pop_spec=7.24 spec_max=22 q_mean=0.629 q_max=1.000 q_above_half=1048 marked=0.302 mark_density=0.900 exp_mean=794.5 addr_spec=4.166 addr_random=0.621 addr_full=0.1777 correct=232
  mpx-70 cover: trials=2400000 overall=0.9520 a0_nochange=0.9566 a0_change=0.9542 a1_nochange=0.9108 a1_change=0.9863 matched_but_wrong=0
  mpx-70 traj: trials=2460000 wall=1854s knowledge=0.9613 reliable=267 spec=7.06 pop=1348
  mpx-70 diag: trials=2460000 micro=3787 pop_spec=7.28 spec_max=22 q_mean=0.642 q_max=1.000 q_above_half=932 marked=0.286 mark_density=0.900 exp_mean=931.3 addr_spec=4.262 addr_random=0.624 addr_full=0.1958 correct=236
  mpx-70 cover: trials=2460000 overall=0.9613 a0_nochange=0.9690 a0_change=0.9599 a1_nochange=0.9227 a1_change=0.9936 matched_but_wrong=0
  mpx-70 traj: trials=2520000 wall=1863s knowledge=0.9661 reliable=278 spec=7.03 pop=1412
  mpx-70 diag: trials=2520000 micro=3822 pop_spec=7.07 spec_max=22 q_mean=0.636 q_max=1.000 q_above_half=995 marked=0.296 mark_density=0.904 exp_mean=931.5 addr_spec=4.283 addr_random=0.606 addr_full=0.1933 correct=236
  mpx-70 cover: trials=2520000 overall=0.9661 a0_nochange=0.9766 a0_change=0.9666 a1_nochange=0.9348 a1_change=0.9863 matched_but_wrong=0
  mpx-70 traj: trials=2580000 wall=1872s knowledge=0.9678 reliable=271 spec=7.03 pop=1406
  mpx-70 diag: trials=2580000 micro=3872 pop_spec=7.05 spec_max=22 q_mean=0.632 q_max=1.000 q_above_half=961 marked=0.290 mark_density=0.905 exp_mean=970.1 addr_spec=4.296 addr_random=0.604 addr_full=0.1935 correct=239
  mpx-70 cover: trials=2580000 overall=0.9678 a0_nochange=0.9917 a0_change=0.9626 a1_nochange=0.9307 a1_change=0.9863 matched_but_wrong=0
  mpx-70 traj: trials=2640000 wall=1880s knowledge=0.9678 reliable=276 spec=7.03 pop=1373
  mpx-70 diag: trials=2640000 micro=3848 pop_spec=7.00 spec_max=22 q_mean=0.644 q_max=1.000 q_above_half=965 marked=0.295 mark_density=0.905 exp_mean=1034.2 addr_spec=4.314 addr_random=0.600 addr_full=0.1974 correct=237
  mpx-70 cover: trials=2640000 overall=0.9678 a0_nochange=0.9917 a0_change=0.9747 a1_nochange=0.9187 a1_change=0.9863 matched_but_wrong=0
  mpx-70 traj: trials=2700000 wall=1889s knowledge=0.9718 reliable=278 spec=7.04 pop=1366
  mpx-70 diag: trials=2700000 micro=3868 pop_spec=7.01 spec_max=22 q_mean=0.638 q_max=1.000 q_above_half=958 marked=0.302 mark_density=0.905 exp_mean=1079.9 addr_spec=4.326 addr_random=0.601 addr_full=0.1911 correct=239
  mpx-70 cover: trials=2700000 overall=0.9718 a0_nochange=0.9841 a0_change=0.9779 a1_nochange=0.9389 a1_change=0.9863 matched_but_wrong=0
  mpx-70 traj: trials=2760000 wall=1897s knowledge=0.9721 reliable=273 spec=7.04 pop=1408
  mpx-70 diag: trials=2760000 micro=3878 pop_spec=6.98 spec_max=22 q_mean=0.633 q_max=1.000 q_above_half=920 marked=0.313 mark_density=0.906 exp_mean=1083.3 addr_spec=4.327 addr_random=0.598 addr_full=0.1868 correct=240
  mpx-70 cover: trials=2760000 overall=0.9721 a0_nochange=0.9841 a0_change=0.9718 a1_nochange=0.9444 a1_change=0.9880 matched_but_wrong=0
  mpx-70 traj: trials=2820000 wall=1905s knowledge=0.9745 reliable=271 spec=7.03 pop=1309
  mpx-70 diag: trials=2820000 micro=3842 pop_spec=6.99 spec_max=22 q_mean=0.640 q_max=1.000 q_above_half=916 marked=0.267 mark_density=0.906 exp_mean=1208.4 addr_spec=4.351 addr_random=0.599 addr_full=0.1933 correct=242
  mpx-70 cover: trials=2820000 overall=0.9745 a0_nochange=0.9885 a0_change=0.9722 a1_nochange=0.9446 a1_change=0.9928 matched_but_wrong=0
  mpx-70 traj: trials=2880000 wall=1914s knowledge=0.9737 reliable=267 spec=7.03 pop=1313
  mpx-70 diag: trials=2880000 micro=3794 pop_spec=6.96 spec_max=22 q_mean=0.640 q_max=1.000 q_above_half=901 marked=0.273 mark_density=0.906 exp_mean=1249.7 addr_spec=4.327 addr_random=0.597 addr_full=0.1973 correct=240
  mpx-70 cover: trials=2880000 overall=0.9737 a0_nochange=0.9885 a0_change=0.9830 a1_nochange=0.9371 a1_change=0.9863 matched_but_wrong=0
  mpx-70 traj: trials=2940000 wall=1922s knowledge=0.9769 reliable=276 spec=7.05 pop=1333
  mpx-70 diag: trials=2940000 micro=3818 pop_spec=6.95 spec_max=22 q_mean=0.648 q_max=1.000 q_above_half=960 marked=0.275 mark_density=0.905 exp_mean=1274.7 addr_spec=4.359 addr_random=0.596 addr_full=0.2026 correct=240
  mpx-70 cover: trials=2940000 overall=0.9769 a0_nochange=0.9888 a0_change=0.9813 a1_nochange=0.9511 a1_change=0.9863 matched_but_wrong=0
  mpx-70 traj: trials=3000000 wall=1930s knowledge=0.9696 reliable=270 spec=7.03 pop=1407
  mpx-70 diag: trials=3000000 micro=3851 pop_spec=6.94 spec_max=22 q_mean=0.636 q_max=1.000 q_above_half=979 marked=0.294 mark_density=0.905 exp_mean=1242.8 addr_spec=4.280 addr_random=0.595 addr_full=0.1827 correct=240
  mpx-70 cover: trials=3000000 overall=0.9696 a0_nochange=0.9841 a0_change=0.9754 a1_nochange=0.9310 a1_change=0.9878 matched_but_wrong=0
  mpx-70 traj: trials=3060000 wall=1939s knowledge=0.9750 reliable=273 spec=7.04 pop=1317
  mpx-70 diag: trials=3060000 micro=3821 pop_spec=6.96 spec_max=22 q_mean=0.648 q_max=1.000 q_above_half=912 marked=0.280 mark_density=0.906 exp_mean=1372.2 addr_spec=4.348 addr_random=0.597 addr_full=0.2027 correct=240
  mpx-70 cover: trials=3060000 overall=0.9750 a0_nochange=0.9841 a0_change=0.9737 a1_nochange=0.9522 a1_change=0.9898 matched_but_wrong=0
  mpx-70 traj: trials=3120000 wall=1947s knowledge=0.9784 reliable=270 spec=7.04 pop=1311
  mpx-70 diag: trials=3120000 micro=3838 pop_spec=6.94 spec_max=22 q_mean=0.646 q_max=1.000 q_above_half=938 marked=0.278 mark_density=0.905 exp_mean=1423.1 addr_spec=4.353 addr_random=0.595 addr_full=0.2052 correct=242
  mpx-70 cover: trials=3120000 overall=0.9784 a0_nochange=0.9917 a0_change=0.9763 a1_nochange=0.9594 a1_change=0.9863 matched_but_wrong=0
  mpx-70 traj: trials=3180000 wall=1955s knowledge=0.9785 reliable=273 spec=7.04 pop=1360
  mpx-70 diag: trials=3180000 micro=3829 pop_spec=6.89 spec_max=22 q_mean=0.642 q_max=1.000 q_above_half=945 marked=0.293 mark_density=0.908 exp_mean=1411.4 addr_spec=4.328 addr_random=0.590 addr_full=0.2000 correct=243
  mpx-70 cover: trials=3180000 overall=0.9785 a0_nochange=0.9884 a0_change=0.9850 a1_nochange=0.9544 a1_change=0.9863 matched_but_wrong=0
  mpx-70 traj: trials=3240000 wall=1963s knowledge=0.9760 reliable=267 spec=7.04 pop=1344
  mpx-70 diag: trials=3240000 micro=3833 pop_spec=6.88 spec_max=22 q_mean=0.635 q_max=1.000 q_above_half=913 marked=0.325 mark_density=0.908 exp_mean=1470.9 addr_spec=4.399 addr_random=0.590 addr_full=0.2009 correct=243
  mpx-70 cover: trials=3240000 overall=0.9760 a0_nochange=0.9841 a0_change=0.9806 a1_nochange=0.9532 a1_change=0.9863 matched_but_wrong=0
  mpx-70 traj: trials=3300000 wall=1971s knowledge=0.9781 reliable=268 spec=7.03 pop=1250
  mpx-70 diag: trials=3300000 micro=3792 pop_spec=6.89 spec_max=22 q_mean=0.644 q_max=1.000 q_above_half=835 marked=0.293 mark_density=0.906 exp_mean=1619.0 addr_spec=4.394 addr_random=0.590 addr_full=0.2048 correct=244
  mpx-70 cover: trials=3300000 overall=0.9781 a0_nochange=0.9841 a0_change=0.9730 a1_nochange=0.9588 a1_change=0.9965 matched_but_wrong=0
  mpx-70 traj: trials=3360000 wall=1980s knowledge=0.9768 reliable=275 spec=7.04 pop=1367
  mpx-70 diag: trials=3360000 micro=3824 pop_spec=6.80 spec_max=22 q_mean=0.639 q_max=1.000 q_above_half=965 marked=0.294 mark_density=0.909 exp_mean=1523.9 addr_spec=4.337 addr_random=0.583 addr_full=0.1982 correct=245
  mpx-70 cover: trials=3360000 overall=0.9768 a0_nochange=0.9841 a0_change=0.9722 a1_nochange=0.9542 a1_change=0.9965 matched_but_wrong=0
  mpx-70 traj: trials=3420000 wall=1988s knowledge=0.9765 reliable=268 spec=7.04 pop=1332
  mpx-70 diag: trials=3420000 micro=3899 pop_spec=6.87 spec_max=22 q_mean=0.638 q_max=1.000 q_above_half=927 marked=0.276 mark_density=0.906 exp_mean=1583.6 addr_spec=4.418 addr_random=0.589 addr_full=0.2095 correct=245
  mpx-70 cover: trials=3420000 overall=0.9765 a0_nochange=0.9841 a0_change=0.9749 a1_nochange=0.9619 a1_change=0.9851 matched_but_wrong=0
  mpx-70 traj: trials=3480000 wall=1996s knowledge=0.9850 reliable=280 spec=7.05 pop=1331
  mpx-70 diag: trials=3480000 micro=3860 pop_spec=6.79 spec_max=22 q_mean=0.644 q_max=1.000 q_above_half=935 marked=0.285 mark_density=0.908 exp_mean=1629.7 addr_spec=4.438 addr_random=0.582 addr_full=0.2089 correct=247
  mpx-70 cover: trials=3480000 overall=0.9850 a0_nochange=0.9841 a0_change=0.9876 a1_nochange=0.9683 a1_change=1.0000 matched_but_wrong=0
  mpx-70 traj: trials=3540000 wall=2004s knowledge=0.9879 reliable=271 spec=7.03 pop=1327
  mpx-70 diag: trials=3540000 micro=3917 pop_spec=6.74 spec_max=22 q_mean=0.640 q_max=1.000 q_above_half=901 marked=0.296 mark_density=0.909 exp_mean=1678.5 addr_spec=4.375 addr_random=0.578 addr_full=0.1967 correct=250
  mpx-70 cover: trials=3540000 overall=0.9879 a0_nochange=0.9924 a0_change=0.9836 a1_nochange=0.9758 a1_change=1.0000 matched_but_wrong=0
  mpx-70 traj: trials=3600000 wall=2012s knowledge=0.9862 reliable=273 spec=7.03 pop=1287
  mpx-70 diag: trials=3600000 micro=3819 pop_spec=6.83 spec_max=22 q_mean=0.649 q_max=1.000 q_above_half=916 marked=0.273 mark_density=0.906 exp_mean=1775.8 addr_spec=4.434 addr_random=0.585 addr_full=0.2160 correct=249
  mpx-70 cover: trials=3600000 overall=0.9862 a0_nochange=0.9924 a0_change=0.9836 a1_nochange=0.9688 a1_change=1.0000 matched_but_wrong=0
  mpx-70 traj: trials=3660000 wall=2020s knowledge=0.9868 reliable=279 spec=7.03 pop=1379
  mpx-70 diag: trials=3660000 micro=3915 pop_spec=6.72 spec_max=22 q_mean=0.644 q_max=1.000 q_above_half=976 marked=0.278 mark_density=0.908 exp_mean=1700.9 addr_spec=4.330 addr_random=0.576 addr_full=0.1914 correct=249
  mpx-70 cover: trials=3660000 overall=0.9868 a0_nochange=0.9841 a0_change=0.9854 a1_nochange=0.9774 a1_change=1.0000 matched_but_wrong=0
  mpx-70 traj: trials=3720000 wall=2028s knowledge=0.9875 reliable=273 spec=7.04 pop=1258
  mpx-70 diag: trials=3720000 micro=3795 pop_spec=6.70 spec_max=22 q_mean=0.653 q_max=1.000 q_above_half=890 marked=0.260 mark_density=0.908 exp_mean=1910.8 addr_spec=4.339 addr_random=0.575 addr_full=0.2178 correct=249
  mpx-70 cover: trials=3720000 overall=0.9875 a0_nochange=0.9882 a0_change=0.9931 a1_nochange=0.9688 a1_change=1.0000 matched_but_wrong=0
  mpx-70 traj: trials=3780000 wall=2036s knowledge=0.9880 reliable=271 spec=7.03 pop=1306
  mpx-70 diag: trials=3780000 micro=3805 pop_spec=6.71 spec_max=22 q_mean=0.643 q_max=1.000 q_above_half=897 marked=0.299 mark_density=0.911 exp_mean=1886.1 addr_spec=4.348 addr_random=0.575 addr_full=0.2067 correct=249
  mpx-70 cover: trials=3780000 overall=0.9880 a0_nochange=0.9841 a0_change=0.9879 a1_nochange=0.9799 a1_change=1.0000 matched_but_wrong=0
  mpx-70 traj: trials=3840000 wall=2044s knowledge=0.9907 reliable=271 spec=7.03 pop=1310
  mpx-70 diag: trials=3840000 micro=3892 pop_spec=6.73 spec_max=22 q_mean=0.645 q_max=1.000 q_above_half=929 marked=0.289 mark_density=0.909 exp_mean=1925.2 addr_spec=4.451 addr_random=0.577 addr_full=0.2115 correct=250
  mpx-70 cover: trials=3840000 overall=0.9907 a0_nochange=0.9902 a0_change=0.9836 a1_nochange=0.9888 a1_change=1.0000 matched_but_wrong=0
  mpx-70 traj: trials=3900000 wall=2052s knowledge=0.9858 reliable=276 spec=7.07 pop=1329
  mpx-70 diag: trials=3900000 micro=3865 pop_spec=6.75 spec_max=22 q_mean=0.648 q_max=1.000 q_above_half=954 marked=0.278 mark_density=0.909 exp_mean=1936.1 addr_spec=4.449 addr_random=0.578 addr_full=0.2129 correct=249
  mpx-70 cover: trials=3900000 overall=0.9858 a0_nochange=0.9841 a0_change=0.9859 a1_nochange=0.9730 a1_change=1.0000 matched_but_wrong=0
  mpx-70 traj: trials=3960000 wall=2060s knowledge=0.9843 reliable=274 spec=7.07 pop=1265
  mpx-70 diag: trials=3960000 micro=3830 pop_spec=6.66 spec_max=22 q_mean=0.644 q_max=1.000 q_above_half=884 marked=0.257 mark_density=0.910 exp_mean=2080.8 addr_spec=4.383 addr_random=0.571 addr_full=0.2174 correct=250
  mpx-70 cover: trials=3960000 overall=0.9843 a0_nochange=0.9841 a0_change=0.9836 a1_nochange=0.9695 a1_change=1.0000 matched_but_wrong=0
  mpx-70 traj: trials=4020000 wall=2068s knowledge=0.9890 reliable=273 spec=7.04 pop=1283
  mpx-70 diag: trials=4020000 micro=3856 pop_spec=6.70 spec_max=22 q_mean=0.642 q_max=1.000 q_above_half=869 marked=0.299 mark_density=0.910 exp_mean=2097.8 addr_spec=4.455 addr_random=0.574 addr_full=0.2128 correct=250
  mpx-70 cover: trials=4020000 overall=0.9890 a0_nochange=0.9888 a0_change=0.9898 a1_nochange=0.9776 a1_change=1.0000 matched_but_wrong=0
  mpx-70 traj: trials=4080000 wall=2076s knowledge=0.9890 reliable=266 spec=7.04 pop=1300
  mpx-70 diag: trials=4080000 micro=3805 pop_spec=6.70 spec_max=22 q_mean=0.647 q_max=1.000 q_above_half=919 marked=0.292 mark_density=0.909 exp_mean=2115.7 addr_spec=4.405 addr_random=0.574 addr_full=0.2138 correct=251
  mpx-70 cover: trials=4080000 overall=0.9890 a0_nochange=0.9841 a0_change=0.9858 a1_nochange=0.9862 a1_change=1.0000 matched_but_wrong=0
  mpx-70 traj: trials=4140000 wall=2084s knowledge=0.9903 reliable=283 spec=7.01 pop=1356
  mpx-70 diag: trials=4140000 micro=3876 pop_spec=6.71 spec_max=22 q_mean=0.651 q_max=1.000 q_above_half=950 marked=0.270 mark_density=0.909 exp_mean=2074.2 addr_spec=4.460 addr_random=0.576 addr_full=0.2087 correct=251
  mpx-70 cover: trials=4140000 overall=0.9903 a0_nochange=0.9841 a0_change=0.9890 a1_nochange=0.9879 a1_change=1.0000 matched_but_wrong=0
  mpx-70 traj: trials=4200000 wall=2092s knowledge=0.9923 reliable=267 spec=7.01 pop=1197
  mpx-70 diag: trials=4200000 micro=3771 pop_spec=6.69 spec_max=22 q_mean=0.648 q_max=1.000 q_above_half=815 marked=0.281 mark_density=0.911 exp_mean=2392.7 addr_spec=4.434 addr_random=0.573 addr_full=0.2272 correct=252
  mpx-70 cover: trials=4200000 overall=0.9923 a0_nochange=0.9853 a0_change=0.9978 a1_nochange=0.9862 a1_change=1.0000 matched_but_wrong=0
  mpx-70 traj: trials=4260000 wall=2100s knowledge=0.9919 reliable=280 spec=7.01 pop=1271
  mpx-70 diag: trials=4260000 micro=3846 pop_spec=6.65 spec_max=22 q_mean=0.651 q_max=1.000 q_above_half=918 marked=0.279 mark_density=0.911 exp_mean=2300.2 addr_spec=4.431 addr_random=0.570 addr_full=0.2219 correct=252
  mpx-70 cover: trials=4260000 overall=0.9919 a0_nochange=0.9853 a0_change=0.9962 a1_nochange=0.9862 a1_change=1.0000 matched_but_wrong=0
  mpx-70 traj: trials=4320000 wall=2108s knowledge=0.9935 reliable=277 spec=7.00 pop=1321
  mpx-70 diag: trials=4320000 micro=3867 pop_spec=6.61 spec_max=22 q_mean=0.648 q_max=1.000 q_above_half=944 marked=0.298 mark_density=0.912 exp_mean=2247.1 addr_spec=4.419 addr_random=0.567 addr_full=0.2180 correct=253
  mpx-70 cover: trials=4320000 overall=0.9935 a0_nochange=0.9841 a0_change=1.0000 a1_nochange=0.9897 a1_change=1.0000 matched_but_wrong=0
  mpx-70 traj: trials=4380000 wall=2116s knowledge=0.9936 reliable=266 spec=7.00 pop=1317
  mpx-70 diag: trials=4380000 micro=3888 pop_spec=6.64 spec_max=22 q_mean=0.639 q_max=1.000 q_above_half=922 marked=0.292 mark_density=0.910 exp_mean=2297.0 addr_spec=4.452 addr_random=0.569 addr_full=0.2141 correct=253
  mpx-70 cover: trials=4380000 overall=0.9936 a0_nochange=0.9881 a0_change=1.0000 a1_nochange=0.9862 a1_change=1.0000 matched_but_wrong=0
  mpx-70 traj: trials=4440000 wall=2124s knowledge=0.9926 reliable=271 spec=7.00 pop=1254
  mpx-70 diag: trials=4440000 micro=3835 pop_spec=6.59 spec_max=22 q_mean=0.645 q_max=1.000 q_above_half=882 marked=0.292 mark_density=0.910 exp_mean=2460.7 addr_spec=4.388 addr_random=0.565 addr_full=0.2217 correct=253
  mpx-70 cover: trials=4440000 overall=0.9926 a0_nochange=0.9841 a0_change=1.0000 a1_nochange=0.9862 a1_change=1.0000 matched_but_wrong=0
  mpx-70 traj: trials=4500000 wall=2132s knowledge=0.9936 reliable=272 spec=7.00 pop=1334
  mpx-70 diag: trials=4500000 micro=3858 pop_spec=6.57 spec_max=22 q_mean=0.640 q_max=1.000 q_above_half=924 marked=0.286 mark_density=0.912 exp_mean=2357.7 addr_spec=4.482 addr_random=0.563 addr_full=0.2181 correct=253
  mpx-70 cover: trials=4500000 overall=0.9936 a0_nochange=0.9884 a0_change=1.0000 a1_nochange=0.9862 a1_change=1.0000 matched_but_wrong=0
  mpx-70 traj: trials=4560000 wall=2140s knowledge=0.9945 reliable=275 spec=7.01 pop=1290
  mpx-70 diag: trials=4560000 micro=3853 pop_spec=6.54 spec_max=22 q_mean=0.647 q_max=1.000 q_above_half=893 marked=0.294 mark_density=0.912 exp_mean=2484.4 addr_spec=4.474 addr_random=0.561 addr_full=0.2217 correct=254
  mpx-70 cover: trials=4560000 overall=0.9945 a0_nochange=0.9917 a0_change=1.0000 a1_nochange=0.9862 a1_change=1.0000 matched_but_wrong=0
  mpx-70 traj: trials=4620000 wall=2148s knowledge=0.9956 reliable=270 spec=7.00 pop=1292
  mpx-70 diag: trials=4620000 micro=3860 pop_spec=6.51 spec_max=22 q_mean=0.638 q_max=1.000 q_above_half=875 marked=0.293 mark_density=0.912 exp_mean=2526.7 addr_spec=4.368 addr_random=0.558 addr_full=0.2175 correct=254
  mpx-70 cover: trials=4620000 overall=0.9956 a0_nochange=0.9964 a0_change=1.0000 a1_nochange=0.9862 a1_change=1.0000 matched_but_wrong=0
  mpx-70 traj: trials=4680000 wall=2155s knowledge=1.0000 reliable=276 spec=7.01 pop=1248
  mpx-70 diag: trials=4680000 micro=3902 pop_spec=6.54 spec_max=22 q_mean=0.645 q_max=1.000 q_above_half=861 marked=0.295 mark_density=0.914 exp_mean=2663.9 addr_spec=4.482 addr_random=0.561 addr_full=0.2316 correct=256
  mpx-70 cover: trials=4680000 overall=1.0000 a0_nochange=1.0000 a0_change=1.0000 a1_nochange=1.0000 a1_change=1.0000 matched_but_wrong=0
  mpx-70 repeat 0: SUCCESS trials=4680000 knowledge=1.0000 reliable=276 spec=7.01/71 peak_macro=12616 peak_rss=0.00GB wall=2155.6s
  mpx-70 verdict agreement across 1 repeats: ALL AGREE
