run-provenance: commit=9c737da job=5872872 attempt=0 tag=k264 size=264 seed=42 time_cap=1800000s partition=bem2-cpu-normal host=r22c01b01.bem2.kdm.wcss.pl started=2026-10-02T10:38:22+02:00
run-argv:  
run-segment: base=slurm_mpx264_s42_k264 checkpoint=/home/alelys2099/mpx_runs/checkpoints/slurm_mpx264_s42_k264.ckpt checkpoint_every=100000 resumed=yes
acs2-bench mpx-reach: agent=acs2 sizes=[264] n_exp=1 seed=42 rss_cap=13GB time_cap=1800000s do_ga=true alp_gen_variant=pyalcs epsilon=0.8 encoding=outcome eval_interval=5000 accuracy_every=20 strict_resource_limits=false rss_scope=process-lifetime checkpoint=on checkpoint_every=100000
  mem mpx-264 (N=265): condition=530B effect=530B mark=6360B (stack) classifier=7504B  mark/classifier=84.8%  rss-cap pop-threshold=1732409
  mpx-264 trials_cap=18446744073709551615 (= 20000*2^(k-6)*10, clamped to u64::MAX) u_max=12
  mpx-264 resumed: trials=21886000 time=21886000 since_eval=1000 knowledge=0.0000 carried_wall=1800005s from=/home/alelys2099/mpx_runs/checkpoints/slurm_mpx264_s42_k264.ckpt
  mpx-264 traj: trials=21890000 wall=1800380s knowledge=0.0000 reliable=0 spec=0.00 pop=116911
  mpx-264 traj: trials=21895000 wall=1800845s knowledge=0.0000 reliable=0 spec=0.00 pop=116611
  mpx-264 traj: trials=21900000 wall=1801308s knowledge=0.0000 reliable=0 spec=0.00 pop=116716
  mpx-264 acc: trials=21900000 accuracy=0.4984
  mpx-264 traj: trials=21905000 wall=1802677s knowledge=0.0000 reliable=0 spec=0.00 pop=115974
  mpx-264 traj: trials=21910000 wall=1803136s knowledge=0.0000 reliable=0 spec=0.00 pop=115662
  mpx-264 traj: trials=21915000 wall=1803575s knowledge=0.0000 reliable=0 spec=0.00 pop=116100
  mpx-264 traj: trials=21920000 wall=1804030s knowledge=0.0000 reliable=0 spec=0.00 pop=116368
  mpx-264 traj: trials=21925000 wall=1804489s knowledge=0.0000 reliable=0 spec=0.00 pop=116070
  mpx-264 traj: trials=21930000 wall=1804942s knowledge=0.0000 reliable=0 spec=0.00 pop=116124
  mpx-264 traj: trials=21935000 wall=1805397s knowledge=0.0000 reliable=0 spec=0.00 pop=116098
  mpx-264 traj: trials=21940000 wall=1805854s knowledge=0.0000 reliable=0 spec=0.00 pop=115308
  mpx-264 traj: trials=21945000 wall=1806266s knowledge=0.0000 reliable=0 spec=0.00 pop=115992
  mpx-264 traj: trials=21950000 wall=1806684s knowledge=0.0000 reliable=0 spec=0.00 pop=115759
  mpx-264 traj: trials=21955000 wall=1807090s knowledge=0.0000 reliable=0 spec=0.00 pop=116460
  mpx-264 traj: trials=21960000 wall=1807513s knowledge=0.0000 reliable=0 spec=0.00 pop=116738
  mpx-264 traj: trials=21965000 wall=1807930s knowledge=0.0000 reliable=0 spec=0.00 pop=116712
  mpx-264 traj: trials=21970000 wall=1808358s knowledge=0.0000 reliable=0 spec=0.00 pop=116789
  mpx-264 traj: trials=21975000 wall=1808781s knowledge=0.0000 reliable=0 spec=0.00 pop=116603
  mpx-264 traj: trials=21980000 wall=1809195s knowledge=0.0000 reliable=0 spec=0.00 pop=116977
  mpx-264 traj: trials=21985000 wall=1809612s knowledge=0.0000 reliable=0 spec=0.00 pop=117036
  mpx-264 traj: trials=21990000 wall=1810040s knowledge=0.0000 reliable=0 spec=0.00 pop=117135
  mpx-264 traj: trials=21995000 wall=1810462s knowledge=0.0000 reliable=0 spec=0.00 pop=116814
  mpx-264 traj: trials=22000000 wall=1810876s knowledge=0.0000 reliable=0 spec=0.00 pop=116453
  mpx-264 acc: trials=22000000 accuracy=0.5016
  mpx-264 traj: trials=22005000 wall=1812046s knowledge=0.0000 reliable=0 spec=0.00 pop=116246
  mpx-264 traj: trials=22010000 wall=1812464s knowledge=0.0000 reliable=0 spec=0.00 pop=115788
  mpx-264 traj: trials=22015000 wall=1812868s knowledge=0.0000 reliable=0 spec=0.00 pop=115745
  mpx-264 traj: trials=22020000 wall=1813268s knowledge=0.0000 reliable=0 spec=0.00 pop=116173
  mpx-264 traj: trials=22025000 wall=1813689s knowledge=0.0000 reliable=0 spec=0.00 pop=115526
  mpx-264 traj: trials=22030000 wall=1814111s knowledge=0.0000 reliable=0 spec=0.00 pop=114098
  mpx-264 traj: trials=22035000 wall=1814495s knowledge=0.0000 reliable=0 spec=0.00 pop=114627
  mpx-264 traj: trials=22040000 wall=1814892s knowledge=0.0000 reliable=0 spec=0.00 pop=114851
  mpx-264 traj: trials=22045000 wall=1815297s knowledge=0.0000 reliable=0 spec=0.00 pop=114758
  mpx-264 traj: trials=22050000 wall=1815693s knowledge=0.0000 reliable=0 spec=0.00 pop=115604
  mpx-264 traj: trials=22055000 wall=1816106s knowledge=0.0000 reliable=0 spec=0.00 pop=115015
  mpx-264 traj: trials=22060000 wall=1816514s knowledge=0.0000 reliable=0 spec=0.00 pop=115100
  mpx-264 traj: trials=22065000 wall=1816912s knowledge=0.0000 reliable=0 spec=0.00 pop=115046
  mpx-264 traj: trials=22070000 wall=1817315s knowledge=0.0000 reliable=0 spec=0.00 pop=115125
  mpx-264 traj: trials=22075000 wall=1817717s knowledge=0.0000 reliable=0 spec=0.00 pop=115558
  mpx-264 traj: trials=22080000 wall=1818121s knowledge=0.0000 reliable=0 spec=0.00 pop=116529
  mpx-264 traj: trials=22085000 wall=1818544s knowledge=0.0000 reliable=0 spec=0.00 pop=116329
  mpx-264 traj: trials=22090000 wall=1818969s knowledge=0.0000 reliable=0 spec=0.00 pop=116192
  mpx-264 traj: trials=22095000 wall=1819377s knowledge=0.0000 reliable=0 spec=0.00 pop=116581
  mpx-264 traj: trials=22100000 wall=1819799s knowledge=0.0000 reliable=0 spec=0.00 pop=116339
  mpx-264 acc: trials=22100000 accuracy=0.4989
  mpx-264 traj: trials=22105000 wall=1820966s knowledge=0.0000 reliable=0 spec=0.00 pop=116229
  mpx-264 traj: trials=22110000 wall=1821384s knowledge=0.0000 reliable=0 spec=0.00 pop=116523
  mpx-264 traj: trials=22115000 wall=1821809s knowledge=0.0000 reliable=0 spec=0.00 pop=116349
  mpx-264 traj: trials=22120000 wall=1822226s knowledge=0.0000 reliable=0 spec=0.00 pop=116359
  mpx-264 traj: trials=22125000 wall=1822650s knowledge=0.0000 reliable=0 spec=0.00 pop=116694
  mpx-264 traj: trials=22130000 wall=1823082s knowledge=0.0000 reliable=0 spec=0.00 pop=116265
  mpx-264 traj: trials=22135000 wall=1823513s knowledge=0.0000 reliable=0 spec=0.00 pop=116209
  mpx-264 traj: trials=22140000 wall=1823928s knowledge=0.0000 reliable=0 spec=0.00 pop=116247
  mpx-264 traj: trials=22145000 wall=1824341s knowledge=0.0000 reliable=0 spec=0.00 pop=116481
  mpx-264 traj: trials=22150000 wall=1824757s knowledge=0.0000 reliable=0 spec=0.00 pop=116170
  mpx-264 traj: trials=22155000 wall=1825175s knowledge=0.0000 reliable=0 spec=0.00 pop=115781
  mpx-264 traj: trials=22160000 wall=1825583s knowledge=0.0000 reliable=0 spec=0.00 pop=115815
  mpx-264 traj: trials=22165000 wall=1825995s knowledge=0.0000 reliable=0 spec=0.00 pop=115487
  mpx-264 traj: trials=22170000 wall=1826402s knowledge=0.0000 reliable=0 spec=0.00 pop=115650
  mpx-264 traj: trials=22175000 wall=1826805s knowledge=0.0000 reliable=0 spec=0.00 pop=116203
  mpx-264 traj: trials=22180000 wall=1827208s knowledge=0.0000 reliable=0 spec=0.00 pop=115926
  mpx-264 traj: trials=22185000 wall=1827576s knowledge=0.0000 reliable=0 spec=0.00 pop=116542
  mpx-264 traj: trials=22190000 wall=1827962s knowledge=0.0000 reliable=0 spec=0.00 pop=116320
  mpx-264 traj: trials=22195000 wall=1828335s knowledge=0.0000 reliable=0 spec=0.00 pop=116104
  mpx-264 traj: trials=22200000 wall=1828706s knowledge=0.0000 reliable=0 spec=0.00 pop=117046
  mpx-264 acc: trials=22200000 accuracy=0.5025
  mpx-264 traj: trials=22205000 wall=1829798s knowledge=0.0000 reliable=0 spec=0.00 pop=117558
  mpx-264 traj: trials=22210000 wall=1830187s knowledge=0.0000 reliable=0 spec=0.00 pop=117151
  mpx-264 traj: trials=22215000 wall=1830575s knowledge=0.0000 reliable=0 spec=0.00 pop=116849
  mpx-264 traj: trials=22220000 wall=1830957s knowledge=0.0000 reliable=0 spec=0.00 pop=116197
  mpx-264 traj: trials=22225000 wall=1831330s knowledge=0.0000 reliable=0 spec=0.00 pop=116704
  mpx-264 traj: trials=22230000 wall=1831708s knowledge=0.0000 reliable=0 spec=0.00 pop=116155
  mpx-264 traj: trials=22235000 wall=1832086s knowledge=0.0000 reliable=0 spec=0.00 pop=116048
  mpx-264 traj: trials=22240000 wall=1832460s knowledge=0.0000 reliable=0 spec=0.00 pop=115932
  mpx-264 traj: trials=22245000 wall=1832833s knowledge=0.0000 reliable=0 spec=0.00 pop=116350
  mpx-264 traj: trials=22250000 wall=1833209s knowledge=0.0000 reliable=0 spec=0.00 pop=116805
  mpx-264 traj: trials=22255000 wall=1833596s knowledge=0.0000 reliable=0 spec=0.00 pop=116624
  mpx-264 traj: trials=22260000 wall=1833972s knowledge=0.0000 reliable=0 spec=0.00 pop=116407
  mpx-264 traj: trials=22265000 wall=1834346s knowledge=0.0000 reliable=0 spec=0.00 pop=116740
  mpx-264 traj: trials=22270000 wall=1834723s knowledge=0.0000 reliable=0 spec=0.00 pop=116844
  mpx-264 traj: trials=22275000 wall=1835103s knowledge=0.0000 reliable=0 spec=0.00 pop=116830
  mpx-264 traj: trials=22280000 wall=1835479s knowledge=0.0000 reliable=0 spec=0.00 pop=117119
  mpx-264 traj: trials=22285000 wall=1835859s knowledge=0.0000 reliable=0 spec=0.00 pop=117126
  mpx-264 traj: trials=22290000 wall=1836242s knowledge=0.0000 reliable=0 spec=0.00 pop=117494
  mpx-264 traj: trials=22295000 wall=1836622s knowledge=0.0000 reliable=0 spec=0.00 pop=117755
  mpx-264 traj: trials=22300000 wall=1837007s knowledge=0.0000 reliable=0 spec=0.00 pop=117732
  mpx-264 acc: trials=22300000 accuracy=0.5050
  mpx-264 traj: trials=22305000 wall=1838115s knowledge=0.0000 reliable=0 spec=0.00 pop=117556
  mpx-264 traj: trials=22310000 wall=1838503s knowledge=0.0000 reliable=0 spec=0.00 pop=117500
  mpx-264 traj: trials=22315000 wall=1838885s knowledge=0.0000 reliable=0 spec=0.00 pop=117241
  mpx-264 traj: trials=22320000 wall=1839268s knowledge=0.0000 reliable=0 spec=0.00 pop=117215
  mpx-264 traj: trials=22325000 wall=1839650s knowledge=0.0000 reliable=0 spec=0.00 pop=117576
  mpx-264 traj: trials=22330000 wall=1840030s knowledge=0.0000 reliable=0 spec=0.00 pop=117695
  mpx-264 traj: trials=22335000 wall=1840419s knowledge=0.0000 reliable=0 spec=0.00 pop=117988
  mpx-264 traj: trials=22340000 wall=1840813s knowledge=0.0000 reliable=0 spec=0.00 pop=118191
  mpx-264 traj: trials=22345000 wall=1841210s knowledge=0.0000 reliable=0 spec=0.00 pop=118089
  mpx-264 traj: trials=22350000 wall=1841594s knowledge=0.0000 reliable=0 spec=0.00 pop=118612
  mpx-264 traj: trials=22355000 wall=1842000s knowledge=0.0000 reliable=0 spec=0.00 pop=117658
  mpx-264 traj: trials=22360000 wall=1842381s knowledge=0.0000 reliable=0 spec=0.00 pop=117592
  mpx-264 traj: trials=22365000 wall=1842760s knowledge=0.0000 reliable=0 spec=0.00 pop=117994
  mpx-264 traj: trials=22370000 wall=1843145s knowledge=0.0000 reliable=0 spec=0.00 pop=118167
  mpx-264 traj: trials=22375000 wall=1843542s knowledge=0.0000 reliable=0 spec=0.00 pop=117772
  mpx-264 traj: trials=22380000 wall=1843930s knowledge=0.0000 reliable=0 spec=0.00 pop=118061
  mpx-264 traj: trials=22385000 wall=1844325s knowledge=0.0000 reliable=0 spec=0.00 pop=118201
  mpx-264 traj: trials=22390000 wall=1844732s knowledge=0.0000 reliable=0 spec=0.00 pop=118013
  mpx-264 traj: trials=22395000 wall=1845123s knowledge=0.0000 reliable=0 spec=0.00 pop=117779
  mpx-264 traj: trials=22400000 wall=1845520s knowledge=0.0000 reliable=0 spec=0.00 pop=117401
  mpx-264 acc: trials=22400000 accuracy=0.5063
  mpx-264 traj: trials=22405000 wall=1846617s knowledge=0.0000 reliable=0 spec=0.00 pop=117608
  mpx-264 traj: trials=22410000 wall=1847004s knowledge=0.0000 reliable=0 spec=0.00 pop=116945
  mpx-264 traj: trials=22415000 wall=1847381s knowledge=0.0000 reliable=0 spec=0.00 pop=117250
  mpx-264 traj: trials=22420000 wall=1847761s knowledge=0.0000 reliable=0 spec=0.00 pop=117555
  mpx-264 traj: trials=22425000 wall=1848144s knowledge=0.0000 reliable=0 spec=0.00 pop=117675
  mpx-264 traj: trials=22430000 wall=1848529s knowledge=0.0000 reliable=0 spec=0.00 pop=117955
  mpx-264 traj: trials=22435000 wall=1848918s knowledge=0.0000 reliable=0 spec=0.00 pop=118220
  mpx-264 traj: trials=22440000 wall=1849309s knowledge=0.0000 reliable=0 spec=0.00 pop=118168
  mpx-264 traj: trials=22445000 wall=1849713s knowledge=0.0000 reliable=0 spec=0.00 pop=117863
  mpx-264 traj: trials=22450000 wall=1850104s knowledge=0.0000 reliable=0 spec=0.00 pop=118211
  mpx-264 traj: trials=22455000 wall=1850494s knowledge=0.0000 reliable=0 spec=0.00 pop=118211
  mpx-264 traj: trials=22460000 wall=1850900s knowledge=0.0000 reliable=0 spec=0.00 pop=117412
  mpx-264 traj: trials=22465000 wall=1851296s knowledge=0.0000 reliable=0 spec=0.00 pop=117170
  mpx-264 traj: trials=22470000 wall=1851675s knowledge=0.0000 reliable=0 spec=0.00 pop=117252
  mpx-264 traj: trials=22475000 wall=1852057s knowledge=0.0000 reliable=0 spec=0.00 pop=117839
  mpx-264 traj: trials=22480000 wall=1852447s knowledge=0.0000 reliable=0 spec=0.00 pop=117570
  mpx-264 traj: trials=22485000 wall=1852838s knowledge=0.0000 reliable=0 spec=0.00 pop=117206
  mpx-264 traj: trials=22490000 wall=1853217s knowledge=0.0000 reliable=0 spec=0.00 pop=117302
  mpx-264 traj: trials=22495000 wall=1853605s knowledge=0.0000 reliable=0 spec=0.00 pop=117105
  mpx-264 traj: trials=22500000 wall=1853987s knowledge=0.0000 reliable=0 spec=0.00 pop=117447
  mpx-264 acc: trials=22500000 accuracy=0.4987
  mpx-264 traj: trials=22505000 wall=1855082s knowledge=0.0000 reliable=0 spec=0.00 pop=117375
  mpx-264 traj: trials=22510000 wall=1855466s knowledge=0.0000 reliable=0 spec=0.00 pop=117287
  mpx-264 traj: trials=22515000 wall=1855846s knowledge=0.0000 reliable=0 spec=0.00 pop=117477
  mpx-264 traj: trials=22520000 wall=1856239s knowledge=0.0000 reliable=0 spec=0.00 pop=117879
  mpx-264 traj: trials=22525000 wall=1856635s knowledge=0.0000 reliable=0 spec=0.00 pop=117292
  mpx-264 traj: trials=22530000 wall=1857019s knowledge=0.0000 reliable=0 spec=0.00 pop=116834
  mpx-264 traj: trials=22535000 wall=1857397s knowledge=0.0000 reliable=0 spec=0.00 pop=117018
  mpx-264 traj: trials=22540000 wall=1857786s knowledge=0.0000 reliable=0 spec=0.00 pop=117077
  mpx-264 traj: trials=22545000 wall=1858172s knowledge=0.0000 reliable=0 spec=0.00 pop=116667
  mpx-264 traj: trials=22550000 wall=1858541s knowledge=0.0000 reliable=0 spec=0.00 pop=117566
  mpx-264 traj: trials=22555000 wall=1858934s knowledge=0.0000 reliable=0 spec=0.00 pop=117147
  mpx-264 traj: trials=22560000 wall=1859311s knowledge=0.0000 reliable=0 spec=0.00 pop=117319
  mpx-264 traj: trials=22565000 wall=1859697s knowledge=0.0000 reliable=0 spec=0.00 pop=117279
  mpx-264 traj: trials=22570000 wall=1860080s knowledge=0.0000 reliable=0 spec=0.00 pop=117919
  mpx-264 traj: trials=22575000 wall=1860479s knowledge=0.0000 reliable=0 spec=0.00 pop=117812
  mpx-264 traj: trials=22580000 wall=1860870s knowledge=0.0000 reliable=0 spec=0.00 pop=118076
  mpx-264 traj: trials=22585000 wall=1861265s knowledge=0.0000 reliable=0 spec=0.00 pop=118208
  mpx-264 traj: trials=22590000 wall=1861660s knowledge=0.0000 reliable=0 spec=0.00 pop=118340
  mpx-264 traj: trials=22595000 wall=1862055s knowledge=0.0000 reliable=0 spec=0.00 pop=118073
  mpx-264 traj: trials=22600000 wall=1862456s knowledge=0.0000 reliable=0 spec=0.00 pop=117673
  mpx-264 acc: trials=22600000 accuracy=0.5062
  mpx-264 traj: trials=22605000 wall=1863561s knowledge=0.0000 reliable=0 spec=0.00 pop=117894
  mpx-264 traj: trials=22610000 wall=1863953s knowledge=0.0000 reliable=0 spec=0.00 pop=117784
  mpx-264 traj: trials=22615000 wall=1864344s knowledge=0.0000 reliable=0 spec=0.00 pop=117837
  mpx-264 traj: trials=22620000 wall=1864729s knowledge=0.0000 reliable=0 spec=0.00 pop=117227
  mpx-264 traj: trials=22625000 wall=1865104s knowledge=0.0000 reliable=0 spec=0.00 pop=117464
  mpx-264 traj: trials=22630000 wall=1865481s knowledge=0.0000 reliable=0 spec=0.00 pop=117924
  mpx-264 traj: trials=22635000 wall=1865865s knowledge=0.0000 reliable=0 spec=0.00 pop=118389
  mpx-264 traj: trials=22640000 wall=1866257s knowledge=0.0000 reliable=0 spec=0.00 pop=118883
  mpx-264 traj: trials=22645000 wall=1866663s knowledge=0.0000 reliable=0 spec=0.00 pop=118261
  mpx-264 traj: trials=22650000 wall=1867051s knowledge=0.0000 reliable=0 spec=0.00 pop=118209
  mpx-264 traj: trials=22655000 wall=1867442s knowledge=0.0000 reliable=0 spec=0.00 pop=117706
  mpx-264 traj: trials=22660000 wall=1867838s knowledge=0.0000 reliable=0 spec=0.00 pop=117127
  mpx-264 traj: trials=22665000 wall=1868221s knowledge=0.0000 reliable=0 spec=0.00 pop=117324
  mpx-264 traj: trials=22670000 wall=1868594s knowledge=0.0000 reliable=0 spec=0.00 pop=117883
  mpx-264 traj: trials=22675000 wall=1868985s knowledge=0.0000 reliable=0 spec=0.00 pop=117397
  mpx-264 traj: trials=22680000 wall=1869381s knowledge=0.0000 reliable=0 spec=0.00 pop=116627
  mpx-264 traj: trials=22685000 wall=1869757s knowledge=0.0000 reliable=0 spec=0.00 pop=116649
  mpx-264 traj: trials=22690000 wall=1870133s knowledge=0.0000 reliable=0 spec=0.00 pop=116958
  mpx-264 traj: trials=22695000 wall=1870508s knowledge=0.0000 reliable=0 spec=0.00 pop=116894
  mpx-264 traj: trials=22700000 wall=1870879s knowledge=0.0000 reliable=0 spec=0.00 pop=117733
  mpx-264 acc: trials=22700000 accuracy=0.5016
  mpx-264 traj: trials=22705000 wall=1871980s knowledge=0.0000 reliable=0 spec=0.00 pop=117606
  mpx-264 traj: trials=22710000 wall=1872359s knowledge=0.0000 reliable=0 spec=0.00 pop=118160
  mpx-264 traj: trials=22715000 wall=1872746s knowledge=0.0000 reliable=0 spec=0.00 pop=118161
  mpx-264 traj: trials=22720000 wall=1873135s knowledge=0.0000 reliable=0 spec=0.00 pop=117982
  mpx-264 traj: trials=22725000 wall=1873524s knowledge=0.0000 reliable=0 spec=0.00 pop=118190
  mpx-264 traj: trials=22730000 wall=1873922s knowledge=0.0000 reliable=0 spec=0.00 pop=117667
  mpx-264 traj: trials=22735000 wall=1874301s knowledge=0.0000 reliable=0 spec=0.00 pop=118261
  mpx-264 traj: trials=22740000 wall=1874699s knowledge=0.0000 reliable=0 spec=0.00 pop=118086
  mpx-264 traj: trials=22745000 wall=1875095s knowledge=0.0000 reliable=0 spec=0.00 pop=117928
  mpx-264 traj: trials=22750000 wall=1875480s knowledge=0.0000 reliable=0 spec=0.00 pop=118348
  mpx-264 traj: trials=22755000 wall=1875874s knowledge=0.0000 reliable=0 spec=0.00 pop=118260
  mpx-264 traj: trials=22760000 wall=1876275s knowledge=0.0000 reliable=0 spec=0.00 pop=118050
  mpx-264 traj: trials=22765000 wall=1876668s knowledge=0.0000 reliable=0 spec=0.00 pop=117558
  mpx-264 traj: trials=22770000 wall=1877054s knowledge=0.0000 reliable=0 spec=0.00 pop=117860
  mpx-264 traj: trials=22775000 wall=1877433s knowledge=0.0000 reliable=0 spec=0.00 pop=118000
  mpx-264 traj: trials=22780000 wall=1877827s knowledge=0.0000 reliable=0 spec=0.00 pop=117863
  mpx-264 traj: trials=22785000 wall=1878218s knowledge=0.0000 reliable=0 spec=0.00 pop=117527
  mpx-264 traj: trials=22790000 wall=1878608s knowledge=0.0000 reliable=0 spec=0.00 pop=117765
  mpx-264 traj: trials=22795000 wall=1878996s knowledge=0.0000 reliable=0 spec=0.00 pop=117966
  mpx-264 traj: trials=22800000 wall=1879382s knowledge=0.0000 reliable=0 spec=0.00 pop=117657
  mpx-264 acc: trials=22800000 accuracy=0.5045
  mpx-264 traj: trials=22805000 wall=1880472s knowledge=0.0000 reliable=0 spec=0.00 pop=117905
  mpx-264 traj: trials=22810000 wall=1880868s knowledge=0.0000 reliable=0 spec=0.00 pop=118059
  mpx-264 traj: trials=22815000 wall=1881260s knowledge=0.0000 reliable=0 spec=0.00 pop=117504
  mpx-264 traj: trials=22820000 wall=1881645s knowledge=0.0000 reliable=0 spec=0.00 pop=117684
  mpx-264 traj: trials=22825000 wall=1882032s knowledge=0.0000 reliable=0 spec=0.00 pop=118130
  mpx-264 traj: trials=22830000 wall=1882424s knowledge=0.0000 reliable=0 spec=0.00 pop=118024
  mpx-264 traj: trials=22835000 wall=1882811s knowledge=0.0000 reliable=0 spec=0.00 pop=118813
  mpx-264 traj: trials=22840000 wall=1883208s knowledge=0.0000 reliable=0 spec=0.00 pop=118309
  mpx-264 traj: trials=22845000 wall=1883595s knowledge=0.0000 reliable=0 spec=0.00 pop=118013
  mpx-264 traj: trials=22850000 wall=1883983s knowledge=0.0000 reliable=0 spec=0.00 pop=118012
  mpx-264 traj: trials=22855000 wall=1884382s knowledge=0.0000 reliable=0 spec=0.00 pop=117095
  mpx-264 traj: trials=22860000 wall=1884756s knowledge=0.0000 reliable=0 spec=0.00 pop=117791
  mpx-264 traj: trials=22865000 wall=1885139s knowledge=0.0000 reliable=0 spec=0.00 pop=118059
  mpx-264 traj: trials=22870000 wall=1885530s knowledge=0.0000 reliable=0 spec=0.00 pop=118008
  mpx-264 traj: trials=22875000 wall=1885914s knowledge=0.0000 reliable=0 spec=0.00 pop=118436
  mpx-264 traj: trials=22880000 wall=1886309s knowledge=0.0000 reliable=0 spec=0.00 pop=118564
  mpx-264 traj: trials=22885000 wall=1886713s knowledge=0.0000 reliable=0 spec=0.00 pop=118059
  mpx-264 traj: trials=22890000 wall=1887110s knowledge=0.0000 reliable=0 spec=0.00 pop=118441
  mpx-264 traj: trials=22895000 wall=1887500s knowledge=0.0000 reliable=0 spec=0.00 pop=118617
  mpx-264 traj: trials=22900000 wall=1887887s knowledge=0.0000 reliable=0 spec=0.00 pop=119248
  mpx-264 acc: trials=22900000 accuracy=0.5025
  mpx-264 traj: trials=22905000 wall=1889015s knowledge=0.0000 reliable=0 spec=0.00 pop=118913
  mpx-264 traj: trials=22910000 wall=1889408s knowledge=0.0000 reliable=0 spec=0.00 pop=118878
  mpx-264 traj: trials=22915000 wall=1889804s knowledge=0.0000 reliable=0 spec=0.00 pop=118192
  mpx-264 traj: trials=22920000 wall=1890192s knowledge=0.0000 reliable=0 spec=0.00 pop=118797
  mpx-264 traj: trials=22925000 wall=1890586s knowledge=0.0000 reliable=0 spec=0.00 pop=118485
  mpx-264 traj: trials=22930000 wall=1890976s knowledge=0.0000 reliable=0 spec=0.00 pop=118590
  mpx-264 traj: trials=22935000 wall=1891370s knowledge=0.0000 reliable=0 spec=0.00 pop=118778
  mpx-264 traj: trials=22940000 wall=1891764s knowledge=0.0000 reliable=0 spec=0.00 pop=118931
  mpx-264 traj: trials=22945000 wall=1892167s knowledge=0.0000 reliable=0 spec=0.00 pop=118939
  mpx-264 traj: trials=22950000 wall=1892557s knowledge=0.0000 reliable=0 spec=0.00 pop=119441
  mpx-264 traj: trials=22955000 wall=1892956s knowledge=0.0000 reliable=0 spec=0.00 pop=118866
  mpx-264 traj: trials=22960000 wall=1893360s knowledge=0.0000 reliable=0 spec=0.00 pop=117992
  mpx-264 traj: trials=22965000 wall=1893743s knowledge=0.0000 reliable=0 spec=0.00 pop=118287
  mpx-264 traj: trials=22970000 wall=1894124s knowledge=0.0000 reliable=0 spec=0.00 pop=118514
  mpx-264 traj: trials=22975000 wall=1894517s knowledge=0.0000 reliable=0 spec=0.00 pop=118701
  mpx-264 traj: trials=22980000 wall=1894906s knowledge=0.0000 reliable=0 spec=0.00 pop=118973
  mpx-264 traj: trials=22985000 wall=1895302s knowledge=0.0000 reliable=0 spec=0.00 pop=118569
  mpx-264 traj: trials=22990000 wall=1895699s knowledge=0.0000 reliable=0 spec=0.00 pop=119324
  mpx-264 traj: trials=22995000 wall=1896096s knowledge=0.0000 reliable=0 spec=0.00 pop=119267
  mpx-264 traj: trials=23000000 wall=1896492s knowledge=0.0000 reliable=0 spec=0.00 pop=119183
  mpx-264 acc: trials=23000000 accuracy=0.5050
  mpx-264 traj: trials=23005000 wall=1897618s knowledge=0.0000 reliable=0 spec=0.00 pop=118412
  mpx-264 traj: trials=23010000 wall=1898007s knowledge=0.0000 reliable=0 spec=0.00 pop=118966
  mpx-264 traj: trials=23015000 wall=1898399s knowledge=0.0000 reliable=0 spec=0.00 pop=118949
  mpx-264 traj: trials=23020000 wall=1898797s knowledge=0.0000 reliable=0 spec=0.00 pop=118923
  mpx-264 traj: trials=23025000 wall=1899193s knowledge=0.0000 reliable=0 spec=0.00 pop=119230
  mpx-264 traj: trials=23030000 wall=1899589s knowledge=0.0000 reliable=0 spec=0.00 pop=118881
  mpx-264 traj: trials=23035000 wall=1899987s knowledge=0.0000 reliable=0 spec=0.00 pop=118859
  mpx-264 traj: trials=23040000 wall=1900383s knowledge=0.0000 reliable=0 spec=0.00 pop=118812
  mpx-264 traj: trials=23045000 wall=1900782s knowledge=0.0000 reliable=0 spec=0.00 pop=118982
  mpx-264 traj: trials=23050000 wall=1901176s knowledge=0.0000 reliable=0 spec=0.00 pop=119468
  mpx-264 traj: trials=23055000 wall=1901575s knowledge=0.0000 reliable=0 spec=0.00 pop=119081
  mpx-264 traj: trials=23060000 wall=1901970s knowledge=0.0000 reliable=0 spec=0.00 pop=119190
  mpx-264 traj: trials=23065000 wall=1902366s knowledge=0.0000 reliable=0 spec=0.00 pop=119643
  mpx-264 traj: trials=23070000 wall=1902769s knowledge=0.0000 reliable=0 spec=0.00 pop=118946
  mpx-264 traj: trials=23075000 wall=1903162s knowledge=0.0000 reliable=0 spec=0.00 pop=119578
  mpx-264 traj: trials=23080000 wall=1903562s knowledge=0.0000 reliable=0 spec=0.00 pop=119477
  mpx-264 traj: trials=23085000 wall=1903959s knowledge=0.0000 reliable=0 spec=0.00 pop=119542
  mpx-264 traj: trials=23090000 wall=1904365s knowledge=0.0000 reliable=0 spec=0.00 pop=119323
  mpx-264 traj: trials=23095000 wall=1904765s knowledge=0.0000 reliable=0 spec=0.00 pop=119308
  mpx-264 traj: trials=23100000 wall=1905160s knowledge=0.0000 reliable=0 spec=0.00 pop=119521
  mpx-264 acc: trials=23100000 accuracy=0.5014
  mpx-264 traj: trials=23105000 wall=1906288s knowledge=0.0000 reliable=0 spec=0.00 pop=119535
  mpx-264 traj: trials=23110000 wall=1906687s knowledge=0.0000 reliable=0 spec=0.00 pop=119491
  mpx-264 traj: trials=23115000 wall=1907089s knowledge=0.0000 reliable=0 spec=0.00 pop=119311
  mpx-264 traj: trials=23120000 wall=1907489s knowledge=0.0000 reliable=0 spec=0.00 pop=119548
  mpx-264 traj: trials=23125000 wall=1907888s knowledge=0.0000 reliable=0 spec=0.00 pop=119902
  mpx-264 traj: trials=23130000 wall=1908296s knowledge=0.0000 reliable=0 spec=0.00 pop=119480
  mpx-264 traj: trials=23135000 wall=1908697s knowledge=0.0000 reliable=0 spec=0.00 pop=118974
  mpx-264 traj: trials=23140000 wall=1909088s knowledge=0.0000 reliable=0 spec=0.00 pop=119065
  mpx-264 traj: trials=23145000 wall=1909479s knowledge=0.0000 reliable=0 spec=0.00 pop=118894
  mpx-264 traj: trials=23150000 wall=1909860s knowledge=0.0000 reliable=0 spec=0.00 pop=119538
  mpx-264 traj: trials=23155000 wall=1910258s knowledge=0.0000 reliable=0 spec=0.00 pop=119461
  mpx-264 traj: trials=23160000 wall=1910648s knowledge=0.0000 reliable=0 spec=0.00 pop=119790
  mpx-264 traj: trials=23165000 wall=1911051s knowledge=0.0000 reliable=0 spec=0.00 pop=119647
  mpx-264 traj: trials=23170000 wall=1911456s knowledge=0.0000 reliable=0 spec=0.00 pop=119588
  mpx-264 traj: trials=23175000 wall=1911852s knowledge=0.0000 reliable=0 spec=0.00 pop=119843
  mpx-264 traj: trials=23180000 wall=1912248s knowledge=0.0000 reliable=0 spec=0.00 pop=119072
  mpx-264 traj: trials=23185000 wall=1912628s knowledge=0.0000 reliable=0 spec=0.00 pop=119077
  mpx-264 traj: trials=23190000 wall=1913015s knowledge=0.0000 reliable=0 spec=0.00 pop=119419
  mpx-264 traj: trials=23195000 wall=1913406s knowledge=0.0000 reliable=0 spec=0.00 pop=119467
  mpx-264 traj: trials=23200000 wall=1913795s knowledge=0.0000 reliable=0 spec=0.00 pop=119514
  mpx-264 acc: trials=23200000 accuracy=0.5045
  mpx-264 traj: trials=23205000 wall=1914927s knowledge=0.0000 reliable=0 spec=0.00 pop=119373
  mpx-264 traj: trials=23210000 wall=1915320s knowledge=0.0000 reliable=0 spec=0.00 pop=119574
  mpx-264 traj: trials=23215000 wall=1915716s knowledge=0.0000 reliable=0 spec=0.00 pop=119490
  mpx-264 traj: trials=23220000 wall=1916106s knowledge=0.0000 reliable=0 spec=0.00 pop=119565
  mpx-264 traj: trials=23225000 wall=1916497s knowledge=0.0000 reliable=0 spec=0.00 pop=120117
  mpx-264 traj: trials=23230000 wall=1916893s knowledge=0.0000 reliable=0 spec=0.00 pop=119978
  mpx-264 traj: trials=23235000 wall=1917292s knowledge=0.0000 reliable=0 spec=0.00 pop=119733
  mpx-264 traj: trials=23240000 wall=1917680s knowledge=0.0000 reliable=0 spec=0.00 pop=120288
  mpx-264 traj: trials=23245000 wall=1918081s knowledge=0.0000 reliable=0 spec=0.00 pop=119769
  mpx-264 traj: trials=23250000 wall=1918483s knowledge=0.0000 reliable=0 spec=0.00 pop=119325
  mpx-264 traj: trials=23255000 wall=1918876s knowledge=0.0000 reliable=0 spec=0.00 pop=119624
  mpx-264 traj: trials=23260000 wall=1919269s knowledge=0.0000 reliable=0 spec=0.00 pop=120002
  mpx-264 traj: trials=23265000 wall=1919670s knowledge=0.0000 reliable=0 spec=0.00 pop=119972
  mpx-264 traj: trials=23270000 wall=1920069s knowledge=0.0000 reliable=0 spec=0.00 pop=120069
  mpx-264 traj: trials=23275000 wall=1920470s knowledge=0.0000 reliable=0 spec=0.00 pop=119908
  mpx-264 traj: trials=23280000 wall=1920858s knowledge=0.0000 reliable=0 spec=0.00 pop=120460
  mpx-264 traj: trials=23285000 wall=1921268s knowledge=0.0000 reliable=0 spec=0.00 pop=120404
  mpx-264 traj: trials=23290000 wall=1921674s knowledge=0.0000 reliable=0 spec=0.00 pop=120232
  mpx-264 traj: trials=23295000 wall=1922080s knowledge=0.0000 reliable=0 spec=0.00 pop=120466
  mpx-264 traj: trials=23300000 wall=1922483s knowledge=0.0000 reliable=0 spec=0.00 pop=120185
  mpx-264 acc: trials=23300000 accuracy=0.5033
  mpx-264 traj: trials=23305000 wall=1923617s knowledge=0.0000 reliable=0 spec=0.00 pop=120041
  mpx-264 traj: trials=23310000 wall=1924013s knowledge=0.0000 reliable=0 spec=0.00 pop=119924
  mpx-264 traj: trials=23315000 wall=1924404s knowledge=0.0000 reliable=0 spec=0.00 pop=120083
  mpx-264 traj: trials=23320000 wall=1924807s knowledge=0.0000 reliable=0 spec=0.00 pop=119606
  mpx-264 traj: trials=23325000 wall=1925202s knowledge=0.0000 reliable=0 spec=0.00 pop=119543
  mpx-264 traj: trials=23330000 wall=1925596s knowledge=0.0000 reliable=0 spec=0.00 pop=120182
  mpx-264 traj: trials=23335000 wall=1925998s knowledge=0.0000 reliable=0 spec=0.00 pop=120209
  mpx-264 traj: trials=23340000 wall=1926400s knowledge=0.0000 reliable=0 spec=0.00 pop=119855
  mpx-264 traj: trials=23345000 wall=1926795s knowledge=0.0000 reliable=0 spec=0.00 pop=120102
  mpx-264 traj: trials=23350000 wall=1927200s knowledge=0.0000 reliable=0 spec=0.00 pop=120247
  mpx-264 traj: trials=23355000 wall=1927608s knowledge=0.0000 reliable=0 spec=0.00 pop=120215
  mpx-264 traj: trials=23360000 wall=1928024s knowledge=0.0000 reliable=0 spec=0.00 pop=119485
  mpx-264 traj: trials=23365000 wall=1928418s knowledge=0.0000 reliable=0 spec=0.00 pop=119614
  mpx-264 traj: trials=23370000 wall=1928813s knowledge=0.0000 reliable=0 spec=0.00 pop=119904
  mpx-264 traj: trials=23375000 wall=1929219s knowledge=0.0000 reliable=0 spec=0.00 pop=120112
  mpx-264 traj: trials=23380000 wall=1929621s knowledge=0.0000 reliable=0 spec=0.00 pop=119836
  mpx-264 traj: trials=23385000 wall=1930022s knowledge=0.0000 reliable=0 spec=0.00 pop=119306
  mpx-264 traj: trials=23390000 wall=1930424s knowledge=0.0000 reliable=0 spec=0.00 pop=118644
  mpx-264 traj: trials=23395000 wall=1930812s knowledge=0.0000 reliable=0 spec=0.00 pop=119105
  mpx-264 traj: trials=23400000 wall=1931195s knowledge=0.0000 reliable=0 spec=0.00 pop=119638
  mpx-264 acc: trials=23400000 accuracy=0.4996
  mpx-264 traj: trials=23405000 wall=1932321s knowledge=0.0000 reliable=0 spec=0.00 pop=119624
  mpx-264 traj: trials=23410000 wall=1932714s knowledge=0.0000 reliable=0 spec=0.00 pop=119558
  mpx-264 traj: trials=23415000 wall=1933110s knowledge=0.0000 reliable=0 spec=0.00 pop=119214
  mpx-264 traj: trials=23420000 wall=1933505s knowledge=0.0000 reliable=0 spec=0.00 pop=119016
  mpx-264 traj: trials=23425000 wall=1933894s knowledge=0.0000 reliable=0 spec=0.00 pop=118751
  mpx-264 traj: trials=23430000 wall=1934274s knowledge=0.0000 reliable=0 spec=0.00 pop=118966
  mpx-264 traj: trials=23435000 wall=1934667s knowledge=0.0000 reliable=0 spec=0.00 pop=119118
  mpx-264 traj: trials=23440000 wall=1935049s knowledge=0.0000 reliable=0 spec=0.00 pop=119173
  mpx-264 traj: trials=23445000 wall=1935442s knowledge=0.0000 reliable=0 spec=0.00 pop=119018
  mpx-264 traj: trials=23450000 wall=1935817s knowledge=0.0000 reliable=0 spec=0.00 pop=119087
  mpx-264 traj: trials=23455000 wall=1936190s knowledge=0.0000 reliable=0 spec=0.00 pop=118730
  mpx-264 traj: trials=23460000 wall=1936556s knowledge=0.0000 reliable=0 spec=0.00 pop=118474
  mpx-264 traj: trials=23465000 wall=1936927s knowledge=0.0000 reliable=0 spec=0.00 pop=117954
  mpx-264 traj: trials=23470000 wall=1937289s knowledge=0.0000 reliable=0 spec=0.00 pop=117259
  mpx-264 traj: trials=23475000 wall=1937641s knowledge=0.0000 reliable=0 spec=0.00 pop=118131
  mpx-264 traj: trials=23480000 wall=1938005s knowledge=0.0000 reliable=0 spec=0.00 pop=118570
  mpx-264 traj: trials=23485000 wall=1938372s knowledge=0.0000 reliable=0 spec=0.00 pop=118304
  mpx-264 traj: trials=23490000 wall=1938750s knowledge=0.0000 reliable=0 spec=0.00 pop=118121
  mpx-264 traj: trials=23495000 wall=1939121s knowledge=0.0000 reliable=0 spec=0.00 pop=117473
  mpx-264 traj: trials=23500000 wall=1939481s knowledge=0.0000 reliable=0 spec=0.00 pop=117322
  mpx-264 acc: trials=23500000 accuracy=0.5015
  mpx-264 traj: trials=23505000 wall=1940454s knowledge=0.0000 reliable=0 spec=0.00 pop=117853
  mpx-264 traj: trials=23510000 wall=1940813s knowledge=0.0000 reliable=0 spec=0.00 pop=118095
  mpx-264 traj: trials=23515000 wall=1941182s knowledge=0.0000 reliable=0 spec=0.00 pop=117850
  mpx-264 traj: trials=23520000 wall=1941539s knowledge=0.0000 reliable=0 spec=0.00 pop=118348
  mpx-264 traj: trials=23525000 wall=1941908s knowledge=0.0000 reliable=0 spec=0.00 pop=118395
  mpx-264 traj: trials=23530000 wall=1942268s knowledge=0.0000 reliable=0 spec=0.00 pop=118664
  mpx-264 traj: trials=23535000 wall=1942644s knowledge=0.0000 reliable=0 spec=0.00 pop=118553
  mpx-264 traj: trials=23540000 wall=1943019s knowledge=0.0000 reliable=0 spec=0.00 pop=118102
  mpx-264 traj: trials=23545000 wall=1943383s knowledge=0.0000 reliable=0 spec=0.00 pop=118504
  mpx-264 traj: trials=23550000 wall=1943752s knowledge=0.0000 reliable=0 spec=0.00 pop=118372
  mpx-264 traj: trials=23555000 wall=1944125s knowledge=0.0000 reliable=0 spec=0.00 pop=118087
  mpx-264 traj: trials=23560000 wall=1944493s knowledge=0.0000 reliable=0 spec=0.00 pop=118202
  mpx-264 traj: trials=23565000 wall=1944865s knowledge=0.0000 reliable=0 spec=0.00 pop=117721
  mpx-264 traj: trials=23570000 wall=1945227s knowledge=0.0000 reliable=0 spec=0.00 pop=118032
  mpx-264 traj: trials=23575000 wall=1945594s knowledge=0.0000 reliable=0 spec=0.00 pop=117806
  mpx-264 traj: trials=23580000 wall=1945952s knowledge=0.0000 reliable=0 spec=0.00 pop=117880
  mpx-264 traj: trials=23585000 wall=1946311s knowledge=0.0000 reliable=0 spec=0.00 pop=118118
  mpx-264 traj: trials=23590000 wall=1946683s knowledge=0.0000 reliable=0 spec=0.00 pop=118224
  mpx-264 traj: trials=23595000 wall=1947055s knowledge=0.0000 reliable=0 spec=0.00 pop=118216
  mpx-264 traj: trials=23600000 wall=1947431s knowledge=0.0000 reliable=0 spec=0.00 pop=117893
  mpx-264 acc: trials=23600000 accuracy=0.5029
  mpx-264 traj: trials=23605000 wall=1948427s knowledge=0.0000 reliable=0 spec=0.00 pop=118006
  mpx-264 traj: trials=23610000 wall=1948792s knowledge=0.0000 reliable=0 spec=0.00 pop=118279
  mpx-264 traj: trials=23615000 wall=1949164s knowledge=0.0000 reliable=0 spec=0.00 pop=117990
  mpx-264 traj: trials=23620000 wall=1949534s knowledge=0.0000 reliable=0 spec=0.00 pop=117963
  mpx-264 traj: trials=23625000 wall=1949900s knowledge=0.0000 reliable=0 spec=0.00 pop=118264
  mpx-264 traj: trials=23630000 wall=1950272s knowledge=0.0000 reliable=0 spec=0.00 pop=118238
  mpx-264 traj: trials=23635000 wall=1950647s knowledge=0.0000 reliable=0 spec=0.00 pop=118073
  mpx-264 traj: trials=23640000 wall=1951022s knowledge=0.0000 reliable=0 spec=0.00 pop=117934
  mpx-264 traj: trials=23645000 wall=1951384s knowledge=0.0000 reliable=0 spec=0.00 pop=117843
  mpx-264 traj: trials=23650000 wall=1951748s knowledge=0.0000 reliable=0 spec=0.00 pop=117824
  mpx-264 traj: trials=23655000 wall=1952108s knowledge=0.0000 reliable=0 spec=0.00 pop=117795
  mpx-264 traj: trials=23660000 wall=1952478s knowledge=0.0000 reliable=0 spec=0.00 pop=117217
  mpx-264 traj: trials=23665000 wall=1952836s knowledge=0.0000 reliable=0 spec=0.00 pop=117525
  mpx-264 traj: trials=23670000 wall=1953192s knowledge=0.0000 reliable=0 spec=0.00 pop=117666
  mpx-264 traj: trials=23675000 wall=1953556s knowledge=0.0000 reliable=0 spec=0.00 pop=117393
  mpx-264 traj: trials=23680000 wall=1953909s knowledge=0.0000 reliable=0 spec=0.00 pop=117829
  mpx-264 traj: trials=23685000 wall=1954275s knowledge=0.0000 reliable=0 spec=0.00 pop=117568
  mpx-264 traj: trials=23690000 wall=1954645s knowledge=0.0000 reliable=0 spec=0.00 pop=117683
  mpx-264 traj: trials=23695000 wall=1955010s knowledge=0.0000 reliable=0 spec=0.00 pop=117920
  mpx-264 traj: trials=23700000 wall=1955379s knowledge=0.0000 reliable=0 spec=0.00 pop=117074
  mpx-264 acc: trials=23700000 accuracy=0.5015
  mpx-264 traj: trials=23705000 wall=1956365s knowledge=0.0000 reliable=0 spec=0.00 pop=117214
  mpx-264 traj: trials=23710000 wall=1956719s knowledge=0.0000 reliable=0 spec=0.00 pop=117646
  mpx-264 traj: trials=23715000 wall=1957091s knowledge=0.0000 reliable=0 spec=0.00 pop=117357
  mpx-264 traj: trials=23720000 wall=1957451s knowledge=0.0000 reliable=0 spec=0.00 pop=117335
  mpx-264 traj: trials=23725000 wall=1957812s knowledge=0.0000 reliable=0 spec=0.00 pop=117380
  mpx-264 traj: trials=23730000 wall=1958174s knowledge=0.0000 reliable=0 spec=0.00 pop=117707
  mpx-264 traj: trials=23735000 wall=1958536s knowledge=0.0000 reliable=0 spec=0.00 pop=118076
  mpx-264 traj: trials=23740000 wall=1958907s knowledge=0.0000 reliable=0 spec=0.00 pop=118872
  mpx-264 traj: trials=23745000 wall=1959279s knowledge=0.0000 reliable=0 spec=0.00 pop=118934
  mpx-264 traj: trials=23750000 wall=1959652s knowledge=0.0000 reliable=0 spec=0.00 pop=118937
  mpx-264 traj: trials=23755000 wall=1960027s knowledge=0.0000 reliable=0 spec=0.00 pop=118586
  mpx-264 traj: trials=23760000 wall=1960405s knowledge=0.0000 reliable=0 spec=0.00 pop=118416
  mpx-264 traj: trials=23765000 wall=1960778s knowledge=0.0000 reliable=0 spec=0.00 pop=117872
  mpx-264 traj: trials=23770000 wall=1961142s knowledge=0.0000 reliable=0 spec=0.00 pop=117241
  mpx-264 traj: trials=23775000 wall=1961500s knowledge=0.0000 reliable=0 spec=0.00 pop=117406
  mpx-264 traj: trials=23780000 wall=1961854s knowledge=0.0000 reliable=0 spec=0.00 pop=117619
  mpx-264 traj: trials=23785000 wall=1962223s knowledge=0.0000 reliable=0 spec=0.00 pop=117304
  mpx-264 traj: trials=23790000 wall=1962592s knowledge=0.0000 reliable=0 spec=0.00 pop=117597
  mpx-264 traj: trials=23795000 wall=1962959s knowledge=0.0000 reliable=0 spec=0.00 pop=117576
  mpx-264 traj: trials=23800000 wall=1963322s knowledge=0.0000 reliable=0 spec=0.00 pop=117270
  mpx-264 acc: trials=23800000 accuracy=0.4998
  mpx-264 traj: trials=23805000 wall=1964308s knowledge=0.0000 reliable=0 spec=0.00 pop=117312
  mpx-264 traj: trials=23810000 wall=1964662s knowledge=0.0000 reliable=0 spec=0.00 pop=117767
  mpx-264 traj: trials=23815000 wall=1965034s knowledge=0.0000 reliable=0 spec=0.00 pop=117491
  mpx-264 traj: trials=23820000 wall=1965394s knowledge=0.0000 reliable=0 spec=0.00 pop=117904
  mpx-264 traj: trials=23825000 wall=1965764s knowledge=0.0000 reliable=0 spec=0.00 pop=117646
  mpx-264 traj: trials=23830000 wall=1966128s knowledge=0.0000 reliable=0 spec=0.00 pop=117950
  mpx-264 traj: trials=23835000 wall=1966497s knowledge=0.0000 reliable=0 spec=0.00 pop=117735
  mpx-264 traj: trials=23840000 wall=1966868s knowledge=0.0000 reliable=0 spec=0.00 pop=117434
  mpx-264 traj: trials=23845000 wall=1967227s knowledge=0.0000 reliable=0 spec=0.00 pop=117511
  mpx-264 traj: trials=23850000 wall=1967594s knowledge=0.0000 reliable=0 spec=0.00 pop=117191
  mpx-264 traj: trials=23855000 wall=1967949s knowledge=0.0000 reliable=0 spec=0.00 pop=116735
  mpx-264 traj: trials=23860000 wall=1968297s knowledge=0.0000 reliable=0 spec=0.00 pop=117132
  mpx-264 traj: trials=23865000 wall=1968654s knowledge=0.0000 reliable=0 spec=0.00 pop=116943
  mpx-264 traj: trials=23870000 wall=1969005s knowledge=0.0000 reliable=0 spec=0.00 pop=117461
  mpx-264 traj: trials=23875000 wall=1969368s knowledge=0.0000 reliable=0 spec=0.00 pop=117457
  mpx-264 traj: trials=23880000 wall=1969729s knowledge=0.0000 reliable=0 spec=0.00 pop=117569
  mpx-264 traj: trials=23885000 wall=1970097s knowledge=0.0000 reliable=0 spec=0.00 pop=117356
  mpx-264 traj: trials=23890000 wall=1970464s knowledge=0.0000 reliable=0 spec=0.00 pop=117350
  mpx-264 traj: trials=23895000 wall=1970826s knowledge=0.0000 reliable=0 spec=0.00 pop=117756
  mpx-264 traj: trials=23900000 wall=1971183s knowledge=0.0000 reliable=0 spec=0.00 pop=117557
  mpx-264 acc: trials=23900000 accuracy=0.5022
  mpx-264 traj: trials=23905000 wall=1972177s knowledge=0.0000 reliable=0 spec=0.00 pop=117762
  mpx-264 traj: trials=23910000 wall=1972539s knowledge=0.0000 reliable=0 spec=0.00 pop=118191
  mpx-264 traj: trials=23915000 wall=1972904s knowledge=0.0000 reliable=0 spec=0.00 pop=118654
  mpx-264 traj: trials=23920000 wall=1973284s knowledge=0.0000 reliable=0 spec=0.00 pop=118146
  mpx-264 traj: trials=23925000 wall=1973657s knowledge=0.0000 reliable=0 spec=0.00 pop=117982
  mpx-264 traj: trials=23930000 wall=1974022s knowledge=0.0000 reliable=0 spec=0.00 pop=118292
  mpx-264 traj: trials=23935000 wall=1974397s knowledge=0.0000 reliable=0 spec=0.00 pop=118361
  mpx-264 traj: trials=23940000 wall=1974762s knowledge=0.0000 reliable=0 spec=0.00 pop=119047
  mpx-264 traj: trials=23945000 wall=1975136s knowledge=0.0000 reliable=0 spec=0.00 pop=118804
  mpx-264 traj: trials=23950000 wall=1975512s knowledge=0.0000 reliable=0 spec=0.00 pop=118810
  mpx-264 traj: trials=23955000 wall=1975884s knowledge=0.0000 reliable=0 spec=0.00 pop=119354
  mpx-264 traj: trials=23960000 wall=1976268s knowledge=0.0000 reliable=0 spec=0.00 pop=118815
  mpx-264 traj: trials=23965000 wall=1976640s knowledge=0.0000 reliable=0 spec=0.00 pop=118312
  mpx-264 traj: trials=23970000 wall=1977008s knowledge=0.0000 reliable=0 spec=0.00 pop=118488
  mpx-264 traj: trials=23975000 wall=1977376s knowledge=0.0000 reliable=0 spec=0.00 pop=118870
  mpx-264 traj: trials=23980000 wall=1977753s knowledge=0.0000 reliable=0 spec=0.00 pop=118808
  mpx-264 traj: trials=23985000 wall=1978129s knowledge=0.0000 reliable=0 spec=0.00 pop=118937
  mpx-264 traj: trials=23990000 wall=1978509s knowledge=0.0000 reliable=0 spec=0.00 pop=118757
  mpx-264 traj: trials=23995000 wall=1978873s knowledge=0.0000 reliable=0 spec=0.00 pop=118812
  mpx-264 traj: trials=24000000 wall=1979251s knowledge=0.0000 reliable=0 spec=0.00 pop=118419
  mpx-264 acc: trials=24000000 accuracy=0.5055
  mpx-264 traj: trials=24005000 wall=1980250s knowledge=0.0000 reliable=0 spec=0.00 pop=118894
  mpx-264 traj: trials=24010000 wall=1980629s knowledge=0.0000 reliable=0 spec=0.00 pop=118665
  mpx-264 traj: trials=24015000 wall=1981000s knowledge=0.0000 reliable=0 spec=0.00 pop=119080
  mpx-264 traj: trials=24020000 wall=1981376s knowledge=0.0000 reliable=0 spec=0.00 pop=119266
  mpx-264 traj: trials=24025000 wall=1981753s knowledge=0.0000 reliable=0 spec=0.00 pop=119616
  mpx-264 traj: trials=24030000 wall=1982129s knowledge=0.0000 reliable=0 spec=0.00 pop=119788
  mpx-264 traj: trials=24035000 wall=1982514s knowledge=0.0000 reliable=0 spec=0.00 pop=119979
  mpx-264 traj: trials=24040000 wall=1982906s knowledge=0.0000 reliable=0 spec=0.00 pop=119197
  mpx-264 traj: trials=24045000 wall=1983278s knowledge=0.0000 reliable=0 spec=0.00 pop=119660
  mpx-264 traj: trials=24050000 wall=1983657s knowledge=0.0000 reliable=0 spec=0.00 pop=119687
  mpx-264 traj: trials=24055000 wall=1984032s knowledge=0.0000 reliable=0 spec=0.00 pop=120013
  mpx-264 traj: trials=24060000 wall=1984409s knowledge=0.0000 reliable=0 spec=0.00 pop=120708
  mpx-264 traj: trials=24065000 wall=1984804s knowledge=0.0000 reliable=0 spec=0.00 pop=120349
  mpx-264 traj: trials=24070000 wall=1985195s knowledge=0.0000 reliable=0 spec=0.00 pop=119886
  mpx-264 traj: trials=24075000 wall=1985579s knowledge=0.0000 reliable=0 spec=0.00 pop=120279
  mpx-264 traj: trials=24080000 wall=1985958s knowledge=0.0000 reliable=0 spec=0.00 pop=120197
  mpx-264 traj: trials=24085000 wall=1986345s knowledge=0.0000 reliable=0 spec=0.00 pop=119949
  mpx-264 traj: trials=24090000 wall=1986733s knowledge=0.0000 reliable=0 spec=0.00 pop=120565
