acs2-bench mpx-reach: sizes=[70] n_exp=1 seed=42 rss_cap=5.6GB time_cap=600000s do_ga=true alp_gen_variant=pyalcs
  mem mpx-70 (N=71): condition=142B effect=142B mark=1704B (stack) classifier=2072B  mark/classifier=82.2%  rss-cap pop-threshold=2702702
  mpx-70 trials_cap=18446744073709551615 (= 20000*2^(k-6)*10, clamped to u64::MAX) u_max=8
  mpx-70 traj: trials=120000 wall=123s knowledge=0.0015 reliable=2 spec=10.50 pop=3885
  mpx-70 diag: trials=120000 micro=3895 pop_spec=8.92 spec_max=19 q_mean=0.582 q_max=1.000 q_above_half=3126 marked=0.396 mark_density=0.879 exp_mean=2.9 addr_spec=0.962 addr_random=0.764 addr_full=0.0000 correct=0
  mpx-70 cover: trials=120000 overall=0.0015 a0_nochange=0.0000 a0_change=0.0000 a1_nochange=0.0000 a1_change=0.0061 matched_but_wrong=0
  mpx-70 traj: trials=240000 wall=249s knowledge=0.0107 reliable=10 spec=9.90 pop=4131
  mpx-70 diag: trials=240000 micro=4160 pop_spec=9.37 spec_max=19 q_mean=0.587 q_max=1.000 q_above_half=3413 marked=0.385 mark_density=0.872 exp_mean=3.1 addr_spec=0.987 addr_random=0.803 addr_full=0.0000 correct=0
  mpx-70 cover: trials=240000 overall=0.0107 a0_nochange=0.0000 a0_change=0.0182 a1_nochange=0.0000 a1_change=0.0246 matched_but_wrong=0
  mpx-70 traj: trials=360000 wall=341s knowledge=0.0253 reliable=20 spec=9.75 pop=4880
  mpx-70 diag: trials=360000 micro=4932 pop_spec=9.86 spec_max=20 q_mean=0.595 q_max=1.000 q_above_half=4078 marked=0.397 mark_density=0.866 exp_mean=3.7 addr_spec=1.215 addr_random=0.845 addr_full=0.0002 correct=0
  mpx-70 cover: trials=360000 overall=0.0253 a0_nochange=0.0000 a0_change=0.0151 a1_nochange=0.0000 a1_change=0.0859 matched_but_wrong=81
  mpx-70 traj: trials=480000 wall=429s knowledge=0.0323 reliable=28 spec=9.86 pop=4422
  mpx-70 diag: trials=480000 micro=4493 pop_spec=10.02 spec_max=20 q_mean=0.597 q_max=1.000 q_above_half=3739 marked=0.416 mark_density=0.864 exp_mean=4.7 addr_spec=1.198 addr_random=0.859 addr_full=0.0014 correct=0
  mpx-70 cover: trials=480000 overall=0.0323 a0_nochange=0.0038 a0_change=0.0151 a1_nochange=0.0000 a1_change=0.1102 matched_but_wrong=1
  mpx-70 traj: trials=600000 wall=517s knowledge=0.0385 reliable=29 spec=9.76 pop=5226
  mpx-70 diag: trials=600000 micro=5313 pop_spec=10.00 spec_max=20 q_mean=0.598 q_max=1.000 q_above_half=4393 marked=0.402 mark_density=0.865 exp_mean=4.9 addr_spec=1.269 addr_random=0.857 addr_full=0.0008 correct=0
  mpx-70 cover: trials=600000 overall=0.0385 a0_nochange=0.0081 a0_change=0.0263 a1_nochange=0.0000 a1_change=0.1198 matched_but_wrong=75
  mpx-70 traj: trials=720000 wall=620s knowledge=0.0544 reliable=34 spec=9.15 pop=5068
  mpx-70 diag: trials=720000 micro=5182 pop_spec=10.32 spec_max=21 q_mean=0.598 q_max=1.000 q_above_half=4217 marked=0.415 mark_density=0.861 exp_mean=5.6 addr_spec=1.472 addr_random=0.884 addr_full=0.0014 correct=1
  mpx-70 cover: trials=720000 overall=0.0544 a0_nochange=0.0232 a0_change=0.0750 a1_nochange=0.0000 a1_change=0.1191 matched_but_wrong=0
  mpx-70 traj: trials=840000 wall=719s knowledge=0.0864 reliable=60 spec=9.23 pop=4860
  mpx-70 diag: trials=840000 micro=5042 pop_spec=10.26 spec_max=21 q_mean=0.599 q_max=1.000 q_above_half=4015 marked=0.393 mark_density=0.864 exp_mean=7.7 addr_spec=1.519 addr_random=0.879 addr_full=0.0027 correct=2
  mpx-70 cover: trials=840000 overall=0.0864 a0_nochange=0.0473 a0_change=0.1426 a1_nochange=0.0000 a1_change=0.1558 matched_but_wrong=11
  mpx-70 traj: trials=960000 wall=812s knowledge=0.1022 reliable=62 spec=9.39 pop=4698
  mpx-70 diag: trials=960000 micro=4945 pop_spec=10.21 spec_max=22 q_mean=0.600 q_max=1.000 q_above_half=3924 marked=0.397 mark_density=0.864 exp_mean=9.1 addr_spec=1.508 addr_random=0.876 addr_full=0.0030 correct=2
  mpx-70 cover: trials=960000 overall=0.1022 a0_nochange=0.0666 a0_change=0.1661 a1_nochange=0.0000 a1_change=0.1763 matched_but_wrong=16
  mpx-70 traj: trials=1080000 wall=890s knowledge=0.1229 reliable=62 spec=8.87 pop=3981
  mpx-70 diag: trials=1080000 micro=4257 pop_spec=9.92 spec_max=22 q_mean=0.591 q_max=1.000 q_above_half=3162 marked=0.370 mark_density=0.866 exp_mean=13.1 addr_spec=1.393 addr_random=0.850 addr_full=0.0038 correct=5
  mpx-70 cover: trials=1080000 overall=0.1229 a0_nochange=0.0960 a0_change=0.2026 a1_nochange=0.0000 a1_change=0.1931 matched_but_wrong=0
  mpx-70 traj: trials=1200000 wall=970s knowledge=0.1482 reliable=78 spec=8.88 pop=4056
  mpx-70 diag: trials=1200000 micro=4357 pop_spec=9.84 spec_max=22 q_mean=0.615 q_max=1.000 q_above_half=3404 marked=0.383 mark_density=0.867 exp_mean=16.8 addr_spec=1.770 addr_random=0.844 addr_full=0.0052 correct=7
  mpx-70 cover: trials=1200000 overall=0.1482 a0_nochange=0.1189 a0_change=0.2409 a1_nochange=0.0000 a1_change=0.2329 matched_but_wrong=6
  mpx-70 traj: trials=1320000 wall=1039s knowledge=0.1840 reliable=94 spec=8.83 pop=3864
  mpx-70 diag: trials=1320000 micro=4279 pop_spec=9.91 spec_max=22 q_mean=0.609 q_max=1.000 q_above_half=3160 marked=0.375 mark_density=0.867 exp_mean=21.8 addr_spec=1.829 addr_random=0.849 addr_full=0.0078 correct=8
  mpx-70 cover: trials=1320000 overall=0.1840 a0_nochange=0.1609 a0_change=0.3129 a1_nochange=0.0000 a1_change=0.2621 matched_but_wrong=42
  mpx-70 traj: trials=1440000 wall=1123s knowledge=0.2101 reliable=101 spec=8.68 pop=3929
  mpx-70 diag: trials=1440000 micro=4358 pop_spec=9.25 spec_max=21 q_mean=0.587 q_max=1.000 q_above_half=2905 marked=0.374 mark_density=0.877 exp_mean=26.9 addr_spec=1.611 addr_random=0.793 addr_full=0.0102 correct=13
  mpx-70 cover: trials=1440000 overall=0.2101 a0_nochange=0.2101 a0_change=0.3547 a1_nochange=0.0000 a1_change=0.2755 matched_but_wrong=3
  mpx-70 traj: trials=1560000 wall=1204s knowledge=0.2313 reliable=106 spec=8.65 pop=3165
  mpx-70 diag: trials=1560000 micro=3620 pop_spec=9.36 spec_max=21 q_mean=0.602 q_max=1.000 q_above_half=2459 marked=0.374 mark_density=0.876 exp_mean=38.1 addr_spec=1.776 addr_random=0.803 addr_full=0.0120 correct=14
  mpx-70 cover: trials=1560000 overall=0.2313 a0_nochange=0.2212 a0_change=0.3959 a1_nochange=0.0000 a1_change=0.3082 matched_but_wrong=25
  mpx-70 traj: trials=1680000 wall=1278s knowledge=0.2496 reliable=114 spec=8.55 pop=3013
  mpx-70 diag: trials=1680000 micro=3511 pop_spec=9.40 spec_max=21 q_mean=0.605 q_max=1.000 q_above_half=2399 marked=0.370 mark_density=0.874 exp_mean=45.1 addr_spec=1.847 addr_random=0.805 addr_full=0.0159 correct=19
  mpx-70 cover: trials=1680000 overall=0.2496 a0_nochange=0.2448 a0_change=0.4301 a1_nochange=0.0000 a1_change=0.3237 matched_but_wrong=5
  mpx-70 traj: trials=1800000 wall=1356s knowledge=0.2939 reliable=131 spec=8.40 pop=2985
  mpx-70 diag: trials=1800000 micro=3550 pop_spec=9.16 spec_max=21 q_mean=0.610 q_max=1.000 q_above_half=2310 marked=0.375 mark_density=0.876 exp_mean=54.2 addr_spec=1.882 addr_random=0.785 addr_full=0.0208 correct=28
  mpx-70 cover: trials=1800000 overall=0.2939 a0_nochange=0.3358 a0_change=0.5021 a1_nochange=0.0000 a1_change=0.3376 matched_but_wrong=5
  mpx-70 traj: trials=1920000 wall=1411s knowledge=0.3357 reliable=151 spec=8.32 pop=2595
  mpx-70 diag: trials=1920000 micro=3287 pop_spec=8.85 spec_max=21 q_mean=0.609 q_max=1.000 q_above_half=2030 marked=0.376 mark_density=0.880 exp_mean=73.4 addr_spec=1.776 addr_random=0.759 addr_full=0.0254 correct=38
  mpx-70 cover: trials=1920000 overall=0.3357 a0_nochange=0.3915 a0_change=0.5752 a1_nochange=0.0000 a1_change=0.3763 matched_but_wrong=6
  mpx-70 traj: trials=2040000 wall=1467s knowledge=0.3684 reliable=155 spec=8.15 pop=2928
  mpx-70 diag: trials=2040000 micro=3712 pop_spec=8.44 spec_max=21 q_mean=0.605 q_max=1.000 q_above_half=2156 marked=0.403 mark_density=0.887 exp_mean=76.1 addr_spec=1.987 addr_random=0.723 addr_full=0.0290 correct=46
  mpx-70 cover: trials=2040000 overall=0.3684 a0_nochange=0.4405 a0_change=0.6248 a1_nochange=0.0000 a1_change=0.4083 matched_but_wrong=105
  mpx-70 traj: trials=2160000 wall=1518s knowledge=0.3960 reliable=155 spec=8.23 pop=2489
  mpx-70 diag: trials=2160000 micro=3317 pop_spec=8.60 spec_max=21 q_mean=0.608 q_max=1.000 q_above_half=1910 marked=0.370 mark_density=0.886 exp_mean=104.2 addr_spec=2.045 addr_random=0.737 addr_full=0.0358 correct=50
  mpx-70 cover: trials=2160000 overall=0.3960 a0_nochange=0.4441 a0_change=0.6849 a1_nochange=0.0000 a1_change=0.4549 matched_but_wrong=4
  mpx-70 traj: trials=2280000 wall=1573s knowledge=0.4284 reliable=164 spec=7.92 pop=2053
  mpx-70 diag: trials=2280000 micro=2923 pop_spec=8.38 spec_max=21 q_mean=0.602 q_max=1.000 q_above_half=1504 marked=0.377 mark_density=0.891 exp_mean=149.0 addr_spec=1.906 addr_random=0.719 addr_full=0.0472 correct=55
  mpx-70 cover: trials=2280000 overall=0.4284 a0_nochange=0.5102 a0_change=0.7430 a1_nochange=0.0000 a1_change=0.4602 matched_but_wrong=0
  mpx-70 traj: trials=2400000 wall=1646s knowledge=0.4458 reliable=163 spec=7.77 pop=3051
  mpx-70 diag: trials=2400000 micro=3993 pop_spec=7.92 spec_max=21 q_mean=0.573 q_max=1.000 q_above_half=1820 marked=0.333 mark_density=0.894 exp_mean=108.6 addr_spec=1.685 addr_random=0.679 addr_full=0.0298 correct=63
  mpx-70 cover: trials=2400000 overall=0.4458 a0_nochange=0.5661 a0_change=0.7444 a1_nochange=0.0000 a1_change=0.4726 matched_but_wrong=8
  mpx-70 traj: trials=2520000 wall=1706s knowledge=0.4803 reliable=181 spec=7.77 pop=2492
  mpx-70 diag: trials=2520000 micro=3488 pop_spec=8.30 spec_max=21 q_mean=0.626 q_max=1.000 q_above_half=1918 marked=0.378 mark_density=0.887 exp_mean=149.7 addr_spec=2.644 addr_random=0.711 addr_full=0.0409 correct=72
  mpx-70 cover: trials=2520000 overall=0.4803 a0_nochange=0.6452 a0_change=0.7714 a1_nochange=0.0000 a1_change=0.5045 matched_but_wrong=0
  mpx-70 traj: trials=2640000 wall=1760s knowledge=0.5142 reliable=179 spec=7.72 pop=1848
  mpx-70 diag: trials=2640000 micro=2981 pop_spec=8.28 spec_max=21 q_mean=0.619 q_max=1.000 q_above_half=1382 marked=0.354 mark_density=0.886 exp_mean=225.2 addr_spec=2.378 addr_random=0.710 addr_full=0.0584 correct=80
  mpx-70 cover: trials=2640000 overall=0.5142 a0_nochange=0.7326 a0_change=0.7751 a1_nochange=0.0000 a1_change=0.5491 matched_but_wrong=17
  mpx-70 traj: trials=2760000 wall=1820s knowledge=0.5294 reliable=174 spec=7.64 pop=1885
  mpx-70 diag: trials=2760000 micro=3023 pop_spec=7.71 spec_max=21 q_mean=0.592 q_max=1.000 q_above_half=1274 marked=0.373 mark_density=0.899 exp_mean=251.8 addr_spec=2.249 addr_random=0.661 addr_full=0.0668 correct=89
  mpx-70 cover: trials=2760000 overall=0.5294 a0_nochange=0.7599 a0_change=0.7962 a1_nochange=0.0000 a1_change=0.5614 matched_but_wrong=0
  mpx-70 traj: trials=2880000 wall=1895s knowledge=0.5337 reliable=170 spec=7.50 pop=2039
  mpx-70 diag: trials=2880000 micro=3218 pop_spec=7.94 spec_max=21 q_mean=0.582 q_max=1.000 q_above_half=1335 marked=0.352 mark_density=0.891 exp_mean=256.9 addr_spec=2.313 addr_random=0.681 addr_full=0.0574 correct=92
  mpx-70 cover: trials=2880000 overall=0.5337 a0_nochange=0.7763 a0_change=0.7937 a1_nochange=0.0000 a1_change=0.5648 matched_but_wrong=0
  mpx-70 traj: trials=3000000 wall=1958s knowledge=0.5522 reliable=179 spec=7.46 pop=1692
  mpx-70 diag: trials=3000000 micro=2924 pop_spec=7.62 spec_max=21 q_mean=0.600 q_max=1.000 q_above_half=1170 marked=0.376 mark_density=0.898 exp_mean=331.7 addr_spec=2.415 addr_random=0.654 addr_full=0.0727 correct=95
  mpx-70 cover: trials=3000000 overall=0.5522 a0_nochange=0.8139 a0_change=0.8159 a1_nochange=0.0000 a1_change=0.5789 matched_but_wrong=0
  mpx-70 traj: trials=3120000 wall=2028s knowledge=0.5656 reliable=175 spec=7.42 pop=1670
  mpx-70 diag: trials=3120000 micro=2972 pop_spec=7.61 spec_max=21 q_mean=0.606 q_max=1.000 q_above_half=1174 marked=0.356 mark_density=0.897 exp_mean=356.9 addr_spec=2.526 addr_random=0.652 addr_full=0.0796 correct=104
  mpx-70 cover: trials=3120000 overall=0.5656 a0_nochange=0.8354 a0_change=0.8684 a1_nochange=0.0000 a1_change=0.5586 matched_but_wrong=0
  mpx-70 traj: trials=3240000 wall=2091s knowledge=0.5677 reliable=169 spec=7.35 pop=1555
  mpx-70 diag: trials=3240000 micro=2852 pop_spec=7.60 spec_max=21 q_mean=0.613 q_max=1.000 q_above_half=1129 marked=0.341 mark_density=0.896 exp_mean=421.8 addr_spec=2.477 addr_random=0.651 addr_full=0.0862 correct=109
  mpx-70 cover: trials=3240000 overall=0.5677 a0_nochange=0.8433 a0_change=0.8553 a1_nochange=0.0000 a1_change=0.5721 matched_but_wrong=0
  mpx-70 traj: trials=3360000 wall=2175s knowledge=0.5962 reliable=179 spec=7.30 pop=1867
  mpx-70 diag: trials=3360000 micro=3220 pop_spec=7.34 spec_max=21 q_mean=0.599 q_max=1.000 q_above_half=1322 marked=0.329 mark_density=0.902 exp_mean=389.1 addr_spec=2.262 addr_random=0.629 addr_full=0.0787 correct=118
  mpx-70 cover: trials=3360000 overall=0.5962 a0_nochange=0.9308 a0_change=0.8713 a1_nochange=0.0000 a1_change=0.5829 matched_but_wrong=0
  mpx-70 traj: trials=3480000 wall=2254s knowledge=0.6072 reliable=178 spec=7.22 pop=1962
  mpx-70 diag: trials=3480000 micro=3367 pop_spec=6.95 spec_max=21 q_mean=0.588 q_max=1.000 q_above_half=1316 marked=0.378 mark_density=0.909 exp_mean=406.7 addr_spec=2.204 addr_random=0.596 addr_full=0.0775 correct=124
  mpx-70 cover: trials=3480000 overall=0.6072 a0_nochange=0.9522 a0_change=0.9031 a1_nochange=0.0000 a1_change=0.5735 matched_but_wrong=0
  mpx-70 traj: trials=3600000 wall=2339s knowledge=0.6155 reliable=181 spec=7.25 pop=1502
  mpx-70 diag: trials=3600000 micro=2953 pop_spec=7.54 spec_max=21 q_mean=0.603 q_max=1.000 q_above_half=1020 marked=0.380 mark_density=0.897 exp_mean=563.1 addr_spec=2.546 addr_random=0.646 addr_full=0.0992 correct=128
  mpx-70 cover: trials=3600000 overall=0.6155 a0_nochange=0.9545 a0_change=0.9116 a1_nochange=0.0000 a1_change=0.5960 matched_but_wrong=0
  mpx-70 traj: trials=3720000 wall=2421s knowledge=0.6187 reliable=179 spec=7.20 pop=1645
  mpx-70 diag: trials=3720000 micro=3068 pop_spec=7.27 spec_max=21 q_mean=0.595 q_max=1.000 q_above_half=1100 marked=0.345 mark_density=0.900 exp_mean=562.5 addr_spec=2.385 addr_random=0.623 addr_full=0.0948 correct=128
  mpx-70 cover: trials=3720000 overall=0.6187 a0_nochange=0.9535 a0_change=0.9150 a1_nochange=0.0000 a1_change=0.6062 matched_but_wrong=0
  mpx-70 traj: trials=3840000 wall=2511s knowledge=0.6128 reliable=176 spec=7.21 pop=1618
  mpx-70 diag: trials=3840000 micro=3054 pop_spec=7.15 spec_max=21 q_mean=0.596 q_max=1.000 q_above_half=1038 marked=0.387 mark_density=0.904 exp_mean=606.7 addr_spec=2.423 addr_random=0.613 addr_full=0.0977 correct=130
  mpx-70 cover: trials=3840000 overall=0.6128 a0_nochange=0.9642 a0_change=0.9016 a1_nochange=0.0001 a1_change=0.5850 matched_but_wrong=2
  mpx-70 traj: trials=3960000 wall=2586s knowledge=0.6160 reliable=180 spec=7.26 pop=1629
  mpx-70 diag: trials=3960000 micro=3062 pop_spec=7.35 spec_max=21 q_mean=0.596 q_max=1.000 q_above_half=1055 marked=0.340 mark_density=0.899 exp_mean=643.0 addr_spec=2.541 addr_random=0.630 addr_full=0.0921 correct=130
  mpx-70 cover: trials=3960000 overall=0.6160 a0_nochange=0.9644 a0_change=0.8938 a1_nochange=0.0000 a1_change=0.6056 matched_but_wrong=1
  mpx-70 traj: trials=4080000 wall=2683s knowledge=0.6154 reliable=174 spec=7.26 pop=1865
  mpx-70 diag: trials=4080000 micro=3300 pop_spec=7.53 spec_max=21 q_mean=0.573 q_max=1.000 q_above_half=1115 marked=0.360 mark_density=0.896 exp_mean=591.1 addr_spec=2.288 addr_random=0.646 addr_full=0.0858 correct=131
  mpx-70 cover: trials=4080000 overall=0.6154 a0_nochange=0.9608 a0_change=0.9001 a1_nochange=0.0000 a1_change=0.6008 matched_but_wrong=1
  mpx-70 traj: trials=4200000 wall=2781s knowledge=0.6238 reliable=181 spec=7.28 pop=1793
  mpx-70 diag: trials=4200000 micro=3220 pop_spec=7.31 spec_max=21 q_mean=0.599 q_max=1.000 q_above_half=1204 marked=0.319 mark_density=0.901 exp_mean=645.7 addr_spec=2.306 addr_random=0.626 addr_full=0.0859 correct=137
  mpx-70 cover: trials=4200000 overall=0.6238 a0_nochange=0.9636 a0_change=0.9195 a1_nochange=0.0000 a1_change=0.6118 matched_but_wrong=1
  mpx-70 traj: trials=4320000 wall=2881s knowledge=0.6329 reliable=181 spec=7.22 pop=1579
  mpx-70 diag: trials=4320000 micro=3102 pop_spec=7.31 spec_max=21 q_mean=0.599 q_max=1.000 q_above_half=1043 marked=0.355 mark_density=0.899 exp_mean=785.2 addr_spec=2.624 addr_random=0.626 addr_full=0.1026 correct=140
  mpx-70 cover: trials=4320000 overall=0.6329 a0_nochange=0.9758 a0_change=0.9401 a1_nochange=0.0000 a1_change=0.6154 matched_but_wrong=54
  mpx-70 traj: trials=4440000 wall=2955s knowledge=0.6324 reliable=179 spec=7.19 pop=1542
  mpx-70 diag: trials=4440000 micro=3027 pop_spec=7.17 spec_max=21 q_mean=0.596 q_max=1.000 q_above_half=996 marked=0.342 mark_density=0.900 exp_mean=846.1 addr_spec=2.513 addr_random=0.614 addr_full=0.1083 correct=139
  mpx-70 cover: trials=4440000 overall=0.6324 a0_nochange=0.9722 a0_change=0.9391 a1_nochange=0.0000 a1_change=0.6183 matched_but_wrong=1
  mpx-70 traj: trials=4560000 wall=3038s knowledge=0.6351 reliable=180 spec=7.27 pop=1509
  mpx-70 diag: trials=4560000 micro=3034 pop_spec=7.27 spec_max=21 q_mean=0.612 q_max=1.000 q_above_half=1048 marked=0.372 mark_density=0.900 exp_mean=907.8 addr_spec=2.641 addr_random=0.623 addr_full=0.1074 correct=140
  mpx-70 cover: trials=4560000 overall=0.6351 a0_nochange=0.9688 a0_change=0.9420 a1_nochange=0.0000 a1_change=0.6295 matched_but_wrong=78
  mpx-70 traj: trials=4680000 wall=3086s knowledge=0.6419 reliable=185 spec=7.32 pop=1652
  mpx-70 diag: trials=4680000 micro=3241 pop_spec=7.37 spec_max=22 q_mean=0.598 q_max=1.000 q_above_half=1132 marked=0.340 mark_density=0.898 exp_mean=877.7 addr_spec=2.587 addr_random=0.631 addr_full=0.1029 correct=142
  mpx-70 cover: trials=4680000 overall=0.6419 a0_nochange=0.9884 a0_change=0.9506 a1_nochange=0.0000 a1_change=0.6283 matched_but_wrong=9
  mpx-70 traj: trials=4800000 wall=3164s knowledge=0.6483 reliable=197 spec=7.34 pop=1601
  mpx-70 diag: trials=4800000 micro=3134 pop_spec=6.90 spec_max=22 q_mean=0.599 q_max=1.000 q_above_half=1044 marked=0.379 mark_density=0.906 exp_mean=955.9 addr_spec=2.601 addr_random=0.591 addr_full=0.1062 correct=144
  mpx-70 cover: trials=4800000 overall=0.6483 a0_nochange=0.9834 a0_change=0.9657 a1_nochange=0.0000 a1_change=0.6441 matched_but_wrong=0
  mpx-70 traj: trials=4920000 wall=3244s knowledge=0.6522 reliable=181 spec=7.34 pop=1469
  mpx-70 diag: trials=4920000 micro=3026 pop_spec=6.95 spec_max=22 q_mean=0.592 q_max=1.000 q_above_half=917 marked=0.352 mark_density=0.906 exp_mean=1087.4 addr_spec=2.696 addr_random=0.596 addr_full=0.1130 correct=145
  mpx-70 cover: trials=4920000 overall=0.6522 a0_nochange=0.9834 a0_change=0.9657 a1_nochange=0.0000 a1_change=0.6596 matched_but_wrong=0
  mpx-70 traj: trials=5040000 wall=3340s knowledge=0.6553 reliable=182 spec=7.20 pop=1431
  mpx-70 diag: trials=5040000 micro=3028 pop_spec=7.02 spec_max=22 q_mean=0.602 q_max=1.000 q_above_half=940 marked=0.369 mark_density=0.904 exp_mean=1174.4 addr_spec=2.530 addr_random=0.602 addr_full=0.1195 correct=148
  mpx-70 cover: trials=5040000 overall=0.6553 a0_nochange=0.9834 a0_change=0.9737 a1_nochange=0.0000 a1_change=0.6640 matched_but_wrong=0
  mpx-70 traj: trials=5160000 wall=3427s knowledge=0.6618 reliable=195 spec=7.19 pop=1903
  mpx-70 diag: trials=5160000 micro=3444 pop_spec=6.38 spec_max=22 q_mean=0.581 q_max=1.000 q_above_half=1120 marked=0.408 mark_density=0.916 exp_mean=922.3 addr_spec=2.115 addr_random=0.547 addr_full=0.0867 correct=150
  mpx-70 cover: trials=5160000 overall=0.6618 a0_nochange=0.9834 a0_change=0.9758 a1_nochange=0.0000 a1_change=0.6879 matched_but_wrong=0
  mpx-70 traj: trials=5280000 wall=3493s knowledge=0.6677 reliable=188 spec=7.20 pop=4793
  mpx-70 diag: trials=5280000 micro=6388 pop_spec=5.50 spec_max=22 q_mean=0.554 q_max=1.000 q_above_half=2946 marked=0.392 mark_density=0.930 exp_mean=386.5 addr_spec=1.103 addr_random=0.472 addr_full=0.0369 correct=154
  mpx-70 cover: trials=5280000 overall=0.6677 a0_nochange=0.9920 a0_change=0.9891 a1_nochange=0.0000 a1_change=0.6895 matched_but_wrong=0
  mpx-70 traj: trials=5400000 wall=3560s knowledge=0.6680 reliable=181 spec=7.14 pop=1454
  mpx-70 diag: trials=5400000 micro=3047 pop_spec=6.91 spec_max=22 q_mean=0.608 q_max=1.000 q_above_half=990 marked=0.367 mark_density=0.906 exp_mean=1321.4 addr_spec=2.715 addr_random=0.592 addr_full=0.1162 correct=153
  mpx-70 cover: trials=5400000 overall=0.6680 a0_nochange=0.9834 a0_change=0.9851 a1_nochange=0.0000 a1_change=0.7032 matched_but_wrong=0
  mpx-70 traj: trials=5520000 wall=3629s knowledge=0.6660 reliable=185 spec=7.18 pop=1493
  mpx-70 diag: trials=5520000 micro=3075 pop_spec=7.29 spec_max=22 q_mean=0.600 q_max=1.000 q_above_half=961 marked=0.340 mark_density=0.898 exp_mean=1333.3 addr_spec=2.348 addr_random=0.625 addr_full=0.1125 correct=153
  mpx-70 cover: trials=5520000 overall=0.6660 a0_nochange=0.9834 a0_change=0.9851 a1_nochange=0.0000 a1_change=0.6953 matched_but_wrong=2
  mpx-70 traj: trials=5640000 wall=3690s knowledge=0.6696 reliable=187 spec=7.16 pop=1415
  mpx-70 diag: trials=5640000 micro=3027 pop_spec=6.79 spec_max=22 q_mean=0.606 q_max=1.000 q_above_half=971 marked=0.313 mark_density=0.904 exp_mean=1468.3 addr_spec=2.643 addr_random=0.582 addr_full=0.1201 correct=152
  mpx-70 cover: trials=5640000 overall=0.6696 a0_nochange=0.9917 a0_change=0.9891 a1_nochange=0.0000 a1_change=0.6976 matched_but_wrong=0
  mpx-70 traj: trials=5760000 wall=3766s knowledge=0.6679 reliable=180 spec=7.14 pop=1417
  mpx-70 diag: trials=5760000 micro=3027 pop_spec=6.83 spec_max=22 q_mean=0.604 q_max=1.000 q_above_half=914 marked=0.368 mark_density=0.907 exp_mean=1527.2 addr_spec=2.745 addr_random=0.585 addr_full=0.1256 correct=153
  mpx-70 cover: trials=5760000 overall=0.6679 a0_nochange=0.9834 a0_change=0.9891 a1_nochange=0.0000 a1_change=0.6989 matched_but_wrong=0
  mpx-70 traj: trials=5880000 wall=3844s knowledge=0.6705 reliable=188 spec=7.04 pop=1475
  mpx-70 diag: trials=5880000 micro=3058 pop_spec=6.76 spec_max=22 q_mean=0.598 q_max=1.000 q_above_half=922 marked=0.378 mark_density=0.908 exp_mean=1527.0 addr_spec=2.412 addr_random=0.580 addr_full=0.1139 correct=154
  mpx-70 cover: trials=5880000 overall=0.6705 a0_nochange=0.9834 a0_change=0.9956 a1_nochange=0.0000 a1_change=0.7030 matched_but_wrong=0
  mpx-70 traj: trials=6000000 wall=3918s knowledge=0.6654 reliable=178 spec=7.04 pop=1429
  mpx-70 diag: trials=6000000 micro=3021 pop_spec=6.79 spec_max=22 q_mean=0.608 q_max=1.000 q_above_half=1015 marked=0.330 mark_density=0.906 exp_mean=1607.8 addr_spec=2.554 addr_random=0.582 addr_full=0.1134 correct=152
  mpx-70 cover: trials=6000000 overall=0.6654 a0_nochange=0.9834 a0_change=0.9828 a1_nochange=0.0000 a1_change=0.6952 matched_but_wrong=0
  mpx-70 traj: trials=6120000 wall=4000s knowledge=0.6728 reliable=184 spec=7.07 pop=1901
  mpx-70 diag: trials=6120000 micro=3513 pop_spec=6.65 spec_max=22 q_mean=0.579 q_max=1.000 q_above_half=1168 marked=0.351 mark_density=0.909 exp_mean=1255.0 addr_spec=2.223 addr_random=0.570 addr_full=0.0952 correct=154
  mpx-70 cover: trials=6120000 overall=0.6728 a0_nochange=0.9834 a0_change=0.9958 a1_nochange=0.0000 a1_change=0.7117 matched_but_wrong=0
  mpx-70 traj: trials=6240000 wall=4061s knowledge=0.6729 reliable=183 spec=7.04 pop=1461
  mpx-70 diag: trials=6240000 micro=3102 pop_spec=6.64 spec_max=22 q_mean=0.600 q_max=1.000 q_above_half=943 marked=0.373 mark_density=0.909 exp_mean=1692.4 addr_spec=2.468 addr_random=0.570 addr_full=0.1164 correct=156
  mpx-70 cover: trials=6240000 overall=0.6729 a0_nochange=1.0000 a0_change=0.9916 a1_nochange=0.0000 a1_change=0.6997 matched_but_wrong=0
  mpx-70 traj: trials=6360000 wall=4157s knowledge=0.6758 reliable=182 spec=7.02 pop=1377
  mpx-70 diag: trials=6360000 micro=3023 pop_spec=6.74 spec_max=22 q_mean=0.608 q_max=1.000 q_above_half=936 marked=0.369 mark_density=0.908 exp_mean=1848.0 addr_spec=2.598 addr_random=0.578 addr_full=0.1271 correct=157
  mpx-70 cover: trials=6360000 overall=0.6758 a0_nochange=1.0000 a0_change=0.9849 a1_nochange=0.0000 a1_change=0.7183 matched_but_wrong=0
  mpx-70 traj: trials=6480000 wall=4232s knowledge=0.6744 reliable=187 spec=7.08 pop=1814
  mpx-70 diag: trials=6480000 micro=3380 pop_spec=7.08 spec_max=22 q_mean=0.588 q_max=1.000 q_above_half=1100 marked=0.313 mark_density=0.905 exp_mean=1431.9 addr_spec=2.199 addr_random=0.607 addr_full=0.0937 correct=156
  mpx-70 cover: trials=6480000 overall=0.6744 a0_nochange=1.0000 a0_change=0.9954 a1_nochange=0.0000 a1_change=0.7019 matched_but_wrong=0
  mpx-70 traj: trials=6600000 wall=4347s knowledge=0.6728 reliable=188 spec=7.15 pop=1566
  mpx-70 diag: trials=6600000 micro=3194 pop_spec=6.62 spec_max=22 q_mean=0.609 q_max=1.000 q_above_half=1095 marked=0.340 mark_density=0.909 exp_mean=1713.8 addr_spec=2.503 addr_random=0.568 addr_full=0.1098 correct=155
  mpx-70 cover: trials=6600000 overall=0.6728 a0_nochange=1.0000 a0_change=0.9828 a1_nochange=0.0000 a1_change=0.7085 matched_but_wrong=11
  mpx-70 traj: trials=6720000 wall=4429s knowledge=0.6762 reliable=191 spec=7.13 pop=1475
  mpx-70 diag: trials=6720000 micro=3127 pop_spec=6.62 spec_max=22 q_mean=0.602 q_max=1.000 q_above_half=944 marked=0.367 mark_density=0.911 exp_mean=1876.9 addr_spec=2.570 addr_random=0.568 addr_full=0.1146 correct=156
  mpx-70 cover: trials=6720000 overall=0.6762 a0_nochange=1.0000 a0_change=0.9871 a1_nochange=0.0000 a1_change=0.7174 matched_but_wrong=0
  mpx-70 traj: trials=6840000 wall=4523s knowledge=0.6744 reliable=184 spec=7.12 pop=1343
  mpx-70 diag: trials=6840000 micro=3001 pop_spec=6.71 spec_max=22 q_mean=0.606 q_max=1.000 q_above_half=892 marked=0.350 mark_density=0.906 exp_mean=2123.6 addr_spec=2.929 addr_random=0.575 addr_full=0.1325 correct=156
  mpx-70 cover: trials=6840000 overall=0.6744 a0_nochange=1.0000 a0_change=0.9828 a1_nochange=0.0166 a1_change=0.6983 matched_but_wrong=0
  mpx-70 traj: trials=6960000 wall=4597s knowledge=0.6758 reliable=188 spec=7.13 pop=1428
  mpx-70 diag: trials=6960000 micro=3084 pop_spec=6.77 spec_max=22 q_mean=0.607 q_max=1.000 q_above_half=940 marked=0.317 mark_density=0.907 exp_mean=2042.2 addr_spec=2.716 addr_random=0.580 addr_full=0.1261 correct=157
  mpx-70 cover: trials=6960000 overall=0.6758 a0_nochange=1.0000 a0_change=0.9852 a1_nochange=0.0166 a1_change=0.7013 matched_but_wrong=68
  mpx-70 traj: trials=7080000 wall=4656s knowledge=0.6749 reliable=186 spec=7.13 pop=2369
  mpx-70 diag: trials=7080000 micro=4001 pop_spec=7.16 spec_max=22 q_mean=0.568 q_max=1.000 q_above_half=1268 marked=0.227 mark_density=0.905 exp_mean=1268.6 addr_spec=1.822 addr_random=0.614 addr_full=0.0739 correct=157
  mpx-70 cover: trials=7080000 overall=0.6749 a0_nochange=1.0000 a0_change=0.9828 a1_nochange=0.0166 a1_change=0.7000 matched_but_wrong=0
  mpx-70 traj: trials=7200000 wall=4745s knowledge=0.6772 reliable=189 spec=7.12 pop=1410
  mpx-70 diag: trials=7200000 micro=3044 pop_spec=6.75 spec_max=22 q_mean=0.604 q_max=1.000 q_above_half=929 marked=0.363 mark_density=0.907 exp_mean=2192.5 addr_spec=2.871 addr_random=0.579 addr_full=0.1262 correct=158
  mpx-70 cover: trials=7200000 overall=0.6772 a0_nochange=1.0000 a0_change=0.9898 a1_nochange=0.0166 a1_change=0.7023 matched_but_wrong=0
  mpx-70 traj: trials=7320000 wall=4814s knowledge=0.6747 reliable=185 spec=7.15 pop=1423
  mpx-70 diag: trials=7320000 micro=3051 pop_spec=6.86 spec_max=22 q_mean=0.597 q_max=1.000 q_above_half=887 marked=0.377 mark_density=0.906 exp_mean=2197.5 addr_spec=2.674 addr_random=0.588 addr_full=0.1223 correct=158
  mpx-70 cover: trials=7320000 overall=0.6747 a0_nochange=1.0000 a0_change=0.9828 a1_nochange=0.0166 a1_change=0.6992 matched_but_wrong=2
  mpx-70 traj: trials=7440000 wall=4924s knowledge=0.6828 reliable=186 spec=7.09 pop=1440
  mpx-70 diag: trials=7440000 micro=3092 pop_spec=6.72 spec_max=22 q_mean=0.609 q_max=1.000 q_above_half=975 marked=0.386 mark_density=0.910 exp_mean=2229.4 addr_spec=2.737 addr_random=0.576 addr_full=0.1257 correct=161
  mpx-70 cover: trials=7440000 overall=0.6828 a0_nochange=1.0000 a0_change=0.9912 a1_nochange=0.0166 a1_change=0.7234 matched_but_wrong=0
  mpx-70 traj: trials=7560000 wall=5004s knowledge=0.6857 reliable=190 spec=7.10 pop=1424
  mpx-70 diag: trials=7560000 micro=3091 pop_spec=6.61 spec_max=22 q_mean=0.597 q_max=1.000 q_above_half=918 marked=0.327 mark_density=0.911 exp_mean=2311.8 addr_spec=2.651 addr_random=0.566 addr_full=0.1285 correct=161
  mpx-70 cover: trials=7560000 overall=0.6857 a0_nochange=1.0000 a0_change=0.9912 a1_nochange=0.0166 a1_change=0.7349 matched_but_wrong=0
  mpx-70 traj: trials=7680000 wall=5090s knowledge=0.6906 reliable=196 spec=7.10 pop=1556
  mpx-70 diag: trials=7680000 micro=3205 pop_spec=6.96 spec_max=22 q_mean=0.594 q_max=1.000 q_above_half=961 marked=0.387 mark_density=0.904 exp_mean=2174.4 addr_spec=2.543 addr_random=0.597 addr_full=0.1138 correct=162
  mpx-70 cover: trials=7680000 overall=0.6906 a0_nochange=1.0000 a0_change=0.9952 a1_nochange=0.0166 a1_change=0.7507 matched_but_wrong=0
  mpx-70 traj: trials=7800000 wall=5174s knowledge=0.6894 reliable=194 spec=7.11 pop=1401
  mpx-70 diag: trials=7800000 micro=3067 pop_spec=6.71 spec_max=22 q_mean=0.606 q_max=1.000 q_above_half=942 marked=0.377 mark_density=0.909 exp_mean=2476.1 addr_spec=2.649 addr_random=0.575 addr_full=0.1263 correct=162
  mpx-70 cover: trials=7800000 overall=0.6894 a0_nochange=1.0000 a0_change=0.9912 a1_nochange=0.0166 a1_change=0.7495 matched_but_wrong=181
  mpx-70 traj: trials=7920000 wall=5270s knowledge=0.6962 reliable=190 spec=7.12 pop=3477
  mpx-70 diag: trials=7920000 micro=5193 pop_spec=6.58 spec_max=22 q_mean=0.565 q_max=1.000 q_above_half=2081 marked=0.243 mark_density=0.913 exp_mean=1023.9 addr_spec=1.461 addr_random=0.564 addr_full=0.0544 correct=164
  mpx-70 cover: trials=7920000 overall=0.6962 a0_nochange=1.0000 a0_change=0.9912 a1_nochange=0.0166 a1_change=0.7768 matched_but_wrong=0
  mpx-70 traj: trials=8040000 wall=5351s knowledge=0.7039 reliable=198 spec=7.10 pop=1352
  mpx-70 diag: trials=8040000 micro=3027 pop_spec=6.68 spec_max=22 q_mean=0.621 q_max=1.000 q_above_half=958 marked=0.382 mark_density=0.911 exp_mean=2678.5 addr_spec=2.771 addr_random=0.572 addr_full=0.1561 correct=166
  mpx-70 cover: trials=8040000 overall=0.7039 a0_nochange=1.0000 a0_change=0.9961 a1_nochange=0.0320 a1_change=0.7875 matched_but_wrong=0
  mpx-70 traj: trials=8160000 wall=5441s knowledge=0.7001 reliable=196 spec=7.12 pop=1667
  mpx-70 diag: trials=8160000 micro=3319 pop_spec=6.24 spec_max=22 q_mean=0.596 q_max=1.000 q_above_half=1075 marked=0.346 mark_density=0.918 exp_mean=2216.9 addr_spec=2.317 addr_random=0.535 addr_full=0.1122 correct=166
  mpx-70 cover: trials=8160000 overall=0.7001 a0_nochange=1.0000 a0_change=1.0000 a1_nochange=0.0242 a1_change=0.7763 matched_but_wrong=0
  mpx-70 traj: trials=8280000 wall=5529s knowledge=0.7013 reliable=195 spec=7.17 pop=1436
  mpx-70 diag: trials=8280000 micro=3116 pop_spec=6.75 spec_max=22 q_mean=0.598 q_max=1.000 q_above_half=918 marked=0.353 mark_density=0.909 exp_mean=2635.7 addr_spec=2.434 addr_random=0.579 addr_full=0.1281 correct=167
  mpx-70 cover: trials=8280000 overall=0.7013 a0_nochange=1.0000 a0_change=1.0000 a1_nochange=0.0251 a1_change=0.7800 matched_but_wrong=45
  mpx-70 traj: trials=8400000 wall=5624s knowledge=0.7005 reliable=189 spec=7.19 pop=2528
  mpx-70 diag: trials=8400000 micro=4218 pop_spec=6.91 spec_max=22 q_mean=0.568 q_max=1.000 q_above_half=1485 marked=0.312 mark_density=0.909 exp_mean=1505.2 addr_spec=1.731 addr_random=0.592 addr_full=0.0744 correct=167
  mpx-70 cover: trials=8400000 overall=0.7005 a0_nochange=1.0000 a0_change=1.0000 a1_nochange=0.0205 a1_change=0.7816 matched_but_wrong=2
  mpx-70 traj: trials=8520000 wall=5699s knowledge=0.7077 reliable=195 spec=7.16 pop=1406
  mpx-70 diag: trials=8520000 micro=3090 pop_spec=6.76 spec_max=22 q_mean=0.612 q_max=1.000 q_above_half=936 marked=0.346 mark_density=0.909 exp_mean=2769.9 addr_spec=2.606 addr_random=0.579 addr_full=0.1337 correct=169
  mpx-70 cover: trials=8520000 overall=0.7077 a0_nochange=1.0000 a0_change=1.0000 a1_nochange=0.0239 a1_change=0.8068 matched_but_wrong=0
  mpx-70 traj: trials=8640000 wall=5790s knowledge=0.7078 reliable=195 spec=7.20 pop=1255
  mpx-70 diag: trials=8640000 micro=2961 pop_spec=6.54 spec_max=22 q_mean=0.619 q_max=1.000 q_above_half=855 marked=0.327 mark_density=0.911 exp_mean=3175.7 addr_spec=2.863 addr_random=0.560 addr_full=0.1450 correct=169
  mpx-70 cover: trials=8640000 overall=0.7078 a0_nochange=1.0000 a0_change=1.0000 a1_nochange=0.0396 a1_change=0.7917 matched_but_wrong=41
  mpx-70 traj: trials=8760000 wall=5862s knowledge=0.7063 reliable=196 spec=7.15 pop=1454
  mpx-70 diag: trials=8760000 micro=3160 pop_spec=6.73 spec_max=22 q_mean=0.594 q_max=1.000 q_above_half=890 marked=0.356 mark_density=0.908 exp_mean=2798.8 addr_spec=2.525 addr_random=0.577 addr_full=0.1272 correct=168
  mpx-70 cover: trials=8760000 overall=0.7063 a0_nochange=1.0000 a0_change=1.0000 a1_nochange=0.0395 a1_change=0.7857 matched_but_wrong=0
  mpx-70 traj: trials=8880000 wall=5932s knowledge=0.7099 reliable=191 spec=7.16 pop=1277
  mpx-70 diag: trials=8880000 micro=2985 pop_spec=6.72 spec_max=22 q_mean=0.617 q_max=1.000 q_above_half=862 marked=0.345 mark_density=0.907 exp_mean=3232.4 addr_spec=2.999 addr_random=0.576 addr_full=0.1472 correct=170
  mpx-70 cover: trials=8880000 overall=0.7099 a0_nochange=1.0000 a0_change=1.0000 a1_nochange=0.0480 a1_change=0.7917 matched_but_wrong=0
  mpx-70 traj: trials=9000000 wall=6000s knowledge=0.7177 reliable=194 spec=7.12 pop=1407
  mpx-70 diag: trials=9000000 micro=3122 pop_spec=6.45 spec_max=22 q_mean=0.607 q_max=1.000 q_above_half=961 marked=0.345 mark_density=0.914 exp_mean=2998.5 addr_spec=2.544 addr_random=0.553 addr_full=0.1322 correct=170
  mpx-70 cover: trials=9000000 overall=0.7177 a0_nochange=1.0000 a0_change=1.0000 a1_nochange=0.0640 a1_change=0.8066 matched_but_wrong=0
  mpx-70 traj: trials=9120000 wall=6076s knowledge=0.7190 reliable=195 spec=7.12 pop=1161
  mpx-70 diag: trials=9120000 micro=2889 pop_spec=6.52 spec_max=22 q_mean=0.613 q_max=1.000 q_above_half=764 marked=0.320 mark_density=0.912 exp_mean=3712.7 addr_spec=3.198 addr_random=0.559 addr_full=0.1628 correct=170
  mpx-70 cover: trials=9120000 overall=0.7190 a0_nochange=1.0000 a0_change=1.0000 a1_nochange=0.0622 a1_change=0.8138 matched_but_wrong=0
  mpx-70 traj: trials=9240000 wall=6176s knowledge=0.7223 reliable=196 spec=7.09 pop=1527
  mpx-70 diag: trials=9240000 micro=3241 pop_spec=6.57 spec_max=22 q_mean=0.599 q_max=1.000 q_above_half=998 marked=0.327 mark_density=0.911 exp_mean=2883.1 addr_spec=2.574 addr_random=0.563 addr_full=0.1218 correct=171
  mpx-70 cover: trials=9240000 overall=0.7223 a0_nochange=1.0000 a0_change=1.0000 a1_nochange=0.0753 a1_change=0.8138 matched_but_wrong=0
  mpx-70 traj: trials=9360000 wall=6245s knowledge=0.7229 reliable=200 spec=7.12 pop=1386
  mpx-70 diag: trials=9360000 micro=3144 pop_spec=6.58 spec_max=22 q_mean=0.610 q_max=1.000 q_above_half=908 marked=0.343 mark_density=0.909 exp_mean=3214.6 addr_spec=3.012 addr_random=0.564 addr_full=0.1436 correct=172
  mpx-70 cover: trials=9360000 overall=0.7229 a0_nochange=1.0000 a0_change=1.0000 a1_nochange=0.0728 a1_change=0.8186 matched_but_wrong=45
  mpx-70 traj: trials=9480000 wall=6316s knowledge=0.7281 reliable=196 spec=7.14 pop=1235
  mpx-70 diag: trials=9480000 micro=2949 pop_spec=6.66 spec_max=22 q_mean=0.620 q_max=1.000 q_above_half=853 marked=0.327 mark_density=0.909 exp_mean=3679.8 addr_spec=3.240 addr_random=0.571 addr_full=0.1547 correct=172
  mpx-70 cover: trials=9480000 overall=0.7281 a0_nochange=1.0000 a0_change=1.0000 a1_nochange=0.0888 a1_change=0.8237 matched_but_wrong=0
  mpx-70 traj: trials=9600000 wall=6413s knowledge=0.7359 reliable=201 spec=7.13 pop=1213
  mpx-70 diag: trials=9600000 micro=2990 pop_spec=6.63 spec_max=22 q_mean=0.616 q_max=1.000 q_above_half=800 marked=0.317 mark_density=0.909 exp_mean=3823.9 addr_spec=3.128 addr_random=0.569 addr_full=0.1657 correct=174
  mpx-70 cover: trials=9600000 overall=0.7359 a0_nochange=1.0000 a0_change=1.0000 a1_nochange=0.0968 a1_change=0.8468 matched_but_wrong=0
  mpx-70 traj: trials=9720000 wall=6490s knowledge=0.7407 reliable=209 spec=7.13 pop=1223
  mpx-70 diag: trials=9720000 micro=2998 pop_spec=6.72 spec_max=22 q_mean=0.617 q_max=1.000 q_above_half=804 marked=0.316 mark_density=0.906 exp_mean=3870.5 addr_spec=3.345 addr_random=0.576 addr_full=0.1652 correct=175
  mpx-70 cover: trials=9720000 overall=0.7407 a0_nochange=1.0000 a0_change=1.0000 a1_nochange=0.1085 a1_change=0.8542 matched_but_wrong=0
  mpx-70 traj: trials=9840000 wall=6558s knowledge=0.7396 reliable=200 spec=7.11 pop=1277
  mpx-70 diag: trials=9840000 micro=3080 pop_spec=6.47 spec_max=22 q_mean=0.609 q_max=1.000 q_above_half=849 marked=0.326 mark_density=0.914 exp_mean=3777.9 addr_spec=2.971 addr_random=0.555 addr_full=0.1519 correct=175
  mpx-70 cover: trials=9840000 overall=0.7396 a0_nochange=1.0000 a0_change=1.0000 a1_nochange=0.1196 a1_change=0.8385 matched_but_wrong=0
  mpx-70 traj: trials=9960000 wall=6625s knowledge=0.7459 reliable=203 spec=7.11 pop=1683
  mpx-70 diag: trials=9960000 micro=3448 pop_spec=6.41 spec_max=22 q_mean=0.588 q_max=1.000 q_above_half=995 marked=0.353 mark_density=0.913 exp_mean=2922.8 addr_spec=2.360 addr_random=0.550 addr_full=0.1147 correct=176
  mpx-70 cover: trials=9960000 overall=0.7459 a0_nochange=1.0000 a0_change=1.0000 a1_nochange=0.1449 a1_change=0.8385 matched_but_wrong=0
  mpx-70 traj: trials=10080000 wall=6684s knowledge=0.7524 reliable=209 spec=7.13 pop=1344
  mpx-70 diag: trials=10080000 micro=3114 pop_spec=6.74 spec_max=22 q_mean=0.615 q_max=1.000 q_above_half=864 marked=0.324 mark_density=0.905 exp_mean=3729.7 addr_spec=3.058 addr_random=0.578 addr_full=0.1548 correct=177
  mpx-70 cover: trials=10080000 overall=0.7524 a0_nochange=1.0000 a0_change=1.0000 a1_nochange=0.1637 a1_change=0.8460 matched_but_wrong=0
  mpx-70 traj: trials=10200000 wall=6741s knowledge=0.7565 reliable=212 spec=7.11 pop=1234
  mpx-70 diag: trials=10200000 micro=3034 pop_spec=6.60 spec_max=22 q_mean=0.626 q_max=1.000 q_above_half=856 marked=0.335 mark_density=0.910 exp_mean=4140.1 addr_spec=3.124 addr_random=0.566 addr_full=0.1564 correct=179
  mpx-70 cover: trials=10200000 overall=0.7565 a0_nochange=1.0000 a0_change=1.0000 a1_nochange=0.1751 a1_change=0.8509 matched_but_wrong=0
  mpx-70 traj: trials=10320000 wall=6805s knowledge=0.7714 reliable=217 spec=7.15 pop=1378
  mpx-70 diag: trials=10320000 micro=3188 pop_spec=6.81 spec_max=22 q_mean=0.615 q_max=1.000 q_above_half=914 marked=0.356 mark_density=0.906 exp_mean=3745.0 addr_spec=2.956 addr_random=0.584 addr_full=0.1502 correct=182
  mpx-70 cover: trials=10320000 overall=0.7714 a0_nochange=1.0000 a0_change=1.0000 a1_nochange=0.2246 a1_change=0.8611 matched_but_wrong=0
  mpx-70 traj: trials=10440000 wall=6860s knowledge=0.7738 reliable=214 spec=7.12 pop=1241
  mpx-70 diag: trials=10440000 micro=3059 pop_spec=6.48 spec_max=21 q_mean=0.610 q_max=1.000 q_above_half=772 marked=0.325 mark_density=0.912 exp_mean=4235.5 addr_spec=3.088 addr_random=0.555 addr_full=0.1604 correct=181
  mpx-70 cover: trials=10440000 overall=0.7738 a0_nochange=1.0000 a0_change=1.0000 a1_nochange=0.2311 a1_change=0.8639 matched_but_wrong=0
  mpx-70 traj: trials=10560000 wall=6901s knowledge=0.7716 reliable=213 spec=7.13 pop=1224
  mpx-70 diag: trials=10560000 micro=3051 pop_spec=6.58 spec_max=21 q_mean=0.624 q_max=1.000 q_above_half=827 marked=0.333 mark_density=0.911 exp_mean=4373.2 addr_spec=3.266 addr_random=0.564 addr_full=0.1634 correct=182
  mpx-70 cover: trials=10560000 overall=0.7716 a0_nochange=1.0000 a0_change=1.0000 a1_nochange=0.2411 a1_change=0.8452 matched_but_wrong=43
  mpx-70 traj: trials=10680000 wall=6945s knowledge=0.7786 reliable=226 spec=7.14 pop=1190
  mpx-70 diag: trials=10680000 micro=2967 pop_spec=6.57 spec_max=21 q_mean=0.637 q_max=1.000 q_above_half=841 marked=0.305 mark_density=0.908 exp_mean=4576.4 addr_spec=3.604 addr_random=0.563 addr_full=0.1655 correct=183
  mpx-70 cover: trials=10680000 overall=0.7786 a0_nochange=1.0000 a0_change=1.0000 a1_nochange=0.2410 a1_change=0.8733 matched_but_wrong=0
  mpx-70 traj: trials=10800000 wall=6977s knowledge=0.7939 reliable=226 spec=7.15 pop=1191
  mpx-70 diag: trials=10800000 micro=3073 pop_spec=6.55 spec_max=21 q_mean=0.623 q_max=1.000 q_above_half=797 marked=0.322 mark_density=0.910 exp_mean=4655.4 addr_spec=3.455 addr_random=0.562 addr_full=0.1746 correct=187
  mpx-70 cover: trials=10800000 overall=0.7939 a0_nochange=1.0000 a0_change=1.0000 a1_nochange=0.2945 a1_change=0.8810 matched_but_wrong=0
  mpx-70 traj: trials=10920000 wall=7005s knowledge=0.8092 reliable=228 spec=7.12 pop=1237
  mpx-70 diag: trials=10920000 micro=3095 pop_spec=6.35 spec_max=21 q_mean=0.627 q_max=1.000 q_above_half=871 marked=0.332 mark_density=0.915 exp_mean=4531.8 addr_spec=3.388 addr_random=0.545 addr_full=0.1722 correct=191
  mpx-70 cover: trials=10920000 overall=0.8092 a0_nochange=1.0000 a0_change=1.0000 a1_nochange=0.3419 a1_change=0.8949 matched_but_wrong=0
  mpx-70 traj: trials=11040000 wall=7032s knowledge=0.8249 reliable=229 spec=7.13 pop=1210
  mpx-70 diag: trials=11040000 micro=3146 pop_spec=6.46 spec_max=21 q_mean=0.627 q_max=1.000 q_above_half=807 marked=0.311 mark_density=0.911 exp_mean=4694.0 addr_spec=3.617 addr_random=0.554 addr_full=0.1752 correct=195
  mpx-70 cover: trials=11040000 overall=0.8249 a0_nochange=1.0000 a0_change=1.0000 a1_nochange=0.4092 a1_change=0.8904 matched_but_wrong=0
  mpx-70 traj: trials=11160000 wall=7053s knowledge=0.8284 reliable=230 spec=7.11 pop=1190
  mpx-70 diag: trials=11160000 micro=3166 pop_spec=6.44 spec_max=21 q_mean=0.628 q_max=1.000 q_above_half=782 marked=0.314 mark_density=0.914 exp_mean=4855.4 addr_spec=3.478 addr_random=0.552 addr_full=0.1815 correct=194
  mpx-70 cover: trials=11160000 overall=0.8284 a0_nochange=1.0000 a0_change=1.0000 a1_nochange=0.4232 a1_change=0.8903 matched_but_wrong=0
  mpx-70 traj: trials=11280000 wall=7074s knowledge=0.8286 reliable=231 spec=7.16 pop=1130
  mpx-70 diag: trials=11280000 micro=3093 pop_spec=6.54 spec_max=21 q_mean=0.643 q_max=1.000 q_above_half=781 marked=0.289 mark_density=0.911 exp_mean=5203.2 addr_spec=3.711 addr_random=0.561 addr_full=0.1912 correct=196
  mpx-70 cover: trials=11280000 overall=0.8286 a0_nochange=1.0000 a0_change=1.0000 a1_nochange=0.4116 a1_change=0.9029 matched_but_wrong=0
  mpx-70 traj: trials=11400000 wall=7097s knowledge=0.8354 reliable=232 spec=7.16 pop=1111
  mpx-70 diag: trials=11400000 micro=3097 pop_spec=6.44 spec_max=21 q_mean=0.633 q_max=1.000 q_above_half=723 marked=0.320 mark_density=0.914 exp_mean=5380.6 addr_spec=3.951 addr_random=0.552 addr_full=0.1971 correct=199
  mpx-70 cover: trials=11400000 overall=0.8354 a0_nochange=1.0000 a0_change=1.0000 a1_nochange=0.4458 a1_change=0.8959 matched_but_wrong=0
  mpx-70 traj: trials=11520000 wall=7117s knowledge=0.8461 reliable=235 spec=7.21 pop=1111
  mpx-70 diag: trials=11520000 micro=3166 pop_spec=6.45 spec_max=21 q_mean=0.636 q_max=1.000 q_above_half=735 marked=0.308 mark_density=0.913 exp_mean=5437.4 addr_spec=3.977 addr_random=0.553 addr_full=0.2007 correct=199
  mpx-70 cover: trials=11520000 overall=0.8461 a0_nochange=1.0000 a0_change=1.0000 a1_nochange=0.4772 a1_change=0.9072 matched_but_wrong=0
  mpx-70 traj: trials=11640000 wall=7135s knowledge=0.8536 reliable=245 spec=7.26 pop=1164
  mpx-70 diag: trials=11640000 micro=3175 pop_spec=6.54 spec_max=21 q_mean=0.647 q_max=1.000 q_above_half=819 marked=0.277 mark_density=0.911 exp_mean=5273.7 addr_spec=3.890 addr_random=0.560 addr_full=0.1993 correct=201
  mpx-70 cover: trials=11640000 overall=0.8536 a0_nochange=1.0000 a0_change=1.0000 a1_nochange=0.4952 a1_change=0.9192 matched_but_wrong=0
  mpx-70 traj: trials=11760000 wall=7154s knowledge=0.8646 reliable=250 spec=7.23 pop=1283
  mpx-70 diag: trials=11760000 micro=3341 pop_spec=6.52 spec_max=21 q_mean=0.634 q_max=1.000 q_above_half=853 marked=0.327 mark_density=0.912 exp_mean=4861.7 addr_spec=3.741 addr_random=0.559 addr_full=0.1816 correct=202
  mpx-70 cover: trials=11760000 overall=0.8646 a0_nochange=1.0000 a0_change=1.0000 a1_nochange=0.5520 a1_change=0.9064 matched_but_wrong=0
  mpx-70 traj: trials=11880000 wall=7172s knowledge=0.8793 reliable=253 spec=7.19 pop=1228
  mpx-70 diag: trials=11880000 micro=3307 pop_spec=6.51 spec_max=21 q_mean=0.644 q_max=1.000 q_above_half=850 marked=0.282 mark_density=0.912 exp_mean=5161.6 addr_spec=4.072 addr_random=0.558 addr_full=0.1979 correct=205
  mpx-70 cover: trials=11880000 overall=0.8793 a0_nochange=1.0000 a0_change=1.0000 a1_nochange=0.6008 a1_change=0.9163 matched_but_wrong=0
  mpx-70 traj: trials=12000000 wall=7190s knowledge=0.8918 reliable=256 spec=7.19 pop=1253
  mpx-70 diag: trials=12000000 micro=3357 pop_spec=6.55 spec_max=20 q_mean=0.635 q_max=1.000 q_above_half=861 marked=0.342 mark_density=0.912 exp_mean=5141.1 addr_spec=3.982 addr_random=0.561 addr_full=0.1844 correct=208
  mpx-70 cover: trials=12000000 overall=0.8918 a0_nochange=1.0000 a0_change=1.0000 a1_nochange=0.6484 a1_change=0.9186 matched_but_wrong=0
  mpx-70 traj: trials=12120000 wall=7207s knowledge=0.9056 reliable=262 spec=7.21 pop=1174
  mpx-70 diag: trials=12120000 micro=3320 pop_spec=6.49 spec_max=20 q_mean=0.652 q_max=1.000 q_above_half=817 marked=0.272 mark_density=0.914 exp_mean=5581.6 addr_spec=4.014 addr_random=0.556 addr_full=0.2078 correct=208
  mpx-70 cover: trials=12120000 overall=0.9056 a0_nochange=1.0000 a0_change=1.0000 a1_nochange=0.6911 a1_change=0.9314 matched_but_wrong=0
  mpx-70 traj: trials=12240000 wall=7225s knowledge=0.9152 reliable=265 spec=7.22 pop=1261
  mpx-70 diag: trials=12240000 micro=3453 pop_spec=6.55 spec_max=20 q_mean=0.646 q_max=1.000 q_above_half=910 marked=0.313 mark_density=0.911 exp_mean=5250.3 addr_spec=4.029 addr_random=0.562 addr_full=0.1911 correct=211
  mpx-70 cover: trials=12240000 overall=0.9152 a0_nochange=1.0000 a0_change=1.0000 a1_nochange=0.7322 a1_change=0.9288 matched_but_wrong=6
  mpx-70 traj: trials=12360000 wall=7242s knowledge=0.9280 reliable=275 spec=7.17 pop=1256
  mpx-70 diag: trials=12360000 micro=3434 pop_spec=6.52 spec_max=20 q_mean=0.650 q_max=1.000 q_above_half=896 marked=0.290 mark_density=0.912 exp_mean=5353.1 addr_spec=4.118 addr_random=0.559 addr_full=0.1935 correct=217
  mpx-70 cover: trials=12360000 overall=0.9280 a0_nochange=1.0000 a0_change=1.0000 a1_nochange=0.7821 a1_change=0.9299 matched_but_wrong=0
  mpx-70 traj: trials=12480000 wall=7260s knowledge=0.9254 reliable=260 spec=7.15 pop=1238
  mpx-70 diag: trials=12480000 micro=3485 pop_spec=6.50 spec_max=20 q_mean=0.646 q_max=1.000 q_above_half=902 marked=0.275 mark_density=0.912 exp_mean=5446.6 addr_spec=4.090 addr_random=0.557 addr_full=0.2027 correct=217
  mpx-70 cover: trials=12480000 overall=0.9254 a0_nochange=1.0000 a0_change=1.0000 a1_nochange=0.7612 a1_change=0.9404 matched_but_wrong=0
  mpx-70 traj: trials=12600000 wall=7278s knowledge=0.9469 reliable=275 spec=7.11 pop=1305
  mpx-70 diag: trials=12600000 micro=3596 pop_spec=6.48 spec_max=20 q_mean=0.643 q_max=1.000 q_above_half=910 marked=0.276 mark_density=0.911 exp_mean=5245.7 addr_spec=4.258 addr_random=0.555 addr_full=0.1885 correct=222
  mpx-70 cover: trials=12600000 overall=0.9469 a0_nochange=1.0000 a0_change=1.0000 a1_nochange=0.8149 a1_change=0.9726 matched_but_wrong=0
  mpx-70 traj: trials=12720000 wall=7296s knowledge=0.9487 reliable=266 spec=7.11 pop=1250
  mpx-70 diag: trials=12720000 micro=3554 pop_spec=6.44 spec_max=20 q_mean=0.640 q_max=1.000 q_above_half=872 marked=0.302 mark_density=0.912 exp_mean=5549.6 addr_spec=4.238 addr_random=0.552 addr_full=0.2144 correct=226
  mpx-70 cover: trials=12720000 overall=0.9487 a0_nochange=1.0000 a0_change=1.0000 a1_nochange=0.8294 a1_change=0.9654 matched_but_wrong=0
  mpx-70 traj: trials=12840000 wall=7314s knowledge=0.9521 reliable=275 spec=7.10 pop=1229
  mpx-70 diag: trials=12840000 micro=3490 pop_spec=6.46 spec_max=20 q_mean=0.648 q_max=1.000 q_above_half=857 marked=0.269 mark_density=0.913 exp_mean=5691.8 addr_spec=4.248 addr_random=0.554 addr_full=0.2205 correct=229
  mpx-70 cover: trials=12840000 overall=0.9521 a0_nochange=1.0000 a0_change=1.0000 a1_nochange=0.8429 a1_change=0.9653 matched_but_wrong=0
  mpx-70 traj: trials=12960000 wall=7332s knowledge=0.9521 reliable=263 spec=7.10 pop=1140
  mpx-70 diag: trials=12960000 micro=3479 pop_spec=6.36 spec_max=20 q_mean=0.655 q_max=1.000 q_above_half=806 marked=0.282 mark_density=0.914 exp_mean=6195.2 addr_spec=4.138 addr_random=0.545 addr_full=0.2246 correct=228
  mpx-70 cover: trials=12960000 overall=0.9521 a0_nochange=1.0000 a0_change=1.0000 a1_nochange=0.8293 a1_change=0.9790 matched_but_wrong=0
  mpx-70 traj: trials=13080000 wall=7349s knowledge=0.9570 reliable=274 spec=7.08 pop=1193
  mpx-70 diag: trials=13080000 micro=3557 pop_spec=6.43 spec_max=20 q_mean=0.644 q_max=1.000 q_above_half=821 marked=0.282 mark_density=0.913 exp_mean=6016.3 addr_spec=4.300 addr_random=0.551 addr_full=0.2146 correct=231
  mpx-70 cover: trials=13080000 overall=0.9570 a0_nochange=1.0000 a0_change=1.0000 a1_nochange=0.8391 a1_change=0.9887 matched_but_wrong=0
  mpx-70 traj: trials=13200000 wall=7366s knowledge=0.9600 reliable=271 spec=7.07 pop=1203
  mpx-70 diag: trials=13200000 micro=3606 pop_spec=6.47 spec_max=20 q_mean=0.644 q_max=1.000 q_above_half=815 marked=0.278 mark_density=0.912 exp_mean=6058.1 addr_spec=4.248 addr_random=0.555 addr_full=0.2103 correct=232
  mpx-70 cover: trials=13200000 overall=0.9600 a0_nochange=1.0000 a0_change=1.0000 a1_nochange=0.8553 a1_change=0.9846 matched_but_wrong=0
  mpx-70 traj: trials=13320000 wall=7383s knowledge=0.9574 reliable=266 spec=7.07 pop=1214
  mpx-70 diag: trials=13320000 micro=3546 pop_spec=6.37 spec_max=20 q_mean=0.652 q_max=1.000 q_above_half=855 marked=0.298 mark_density=0.914 exp_mean=6096.9 addr_spec=4.216 addr_random=0.546 addr_full=0.2109 correct=233
  mpx-70 cover: trials=13320000 overall=0.9574 a0_nochange=1.0000 a0_change=1.0000 a1_nochange=0.8408 a1_change=0.9886 matched_but_wrong=0
  mpx-70 traj: trials=13440000 wall=7401s knowledge=0.9576 reliable=278 spec=7.09 pop=1189
  mpx-70 diag: trials=13440000 micro=3536 pop_spec=6.45 spec_max=20 q_mean=0.649 q_max=1.000 q_above_half=828 marked=0.287 mark_density=0.911 exp_mean=6317.8 addr_spec=4.373 addr_random=0.553 addr_full=0.2279 correct=236
  mpx-70 cover: trials=13440000 overall=0.9576 a0_nochange=1.0000 a0_change=1.0000 a1_nochange=0.8382 a1_change=0.9920 matched_but_wrong=0
  mpx-70 traj: trials=13560000 wall=7418s knowledge=0.9646 reliable=266 spec=7.08 pop=1141
  mpx-70 diag: trials=13560000 micro=3492 pop_spec=6.50 spec_max=20 q_mean=0.656 q_max=1.000 q_above_half=823 marked=0.283 mark_density=0.911 exp_mean=6585.9 addr_spec=4.336 addr_random=0.557 addr_full=0.2279 correct=239
  mpx-70 cover: trials=13560000 overall=0.9646 a0_nochange=1.0000 a0_change=1.0000 a1_nochange=0.8649 a1_change=0.9935 matched_but_wrong=0
  mpx-70 traj: trials=13680000 wall=7435s knowledge=0.9706 reliable=266 spec=7.07 pop=1184
  mpx-70 diag: trials=13680000 micro=3576 pop_spec=6.38 spec_max=20 q_mean=0.650 q_max=1.000 q_above_half=831 marked=0.276 mark_density=0.913 exp_mean=6441.7 addr_spec=4.329 addr_random=0.547 addr_full=0.2255 correct=240
  mpx-70 cover: trials=13680000 overall=0.9706 a0_nochange=1.0000 a0_change=1.0000 a1_nochange=0.8822 a1_change=1.0000 matched_but_wrong=0
  mpx-70 traj: trials=13800000 wall=7452s knowledge=0.9696 reliable=259 spec=7.07 pop=1145
  mpx-70 diag: trials=13800000 micro=3506 pop_spec=6.34 spec_max=20 q_mean=0.642 q_max=1.000 q_above_half=759 marked=0.280 mark_density=0.914 exp_mean=6753.2 addr_spec=4.256 addr_random=0.544 addr_full=0.2393 correct=241
  mpx-70 cover: trials=13800000 overall=0.9696 a0_nochange=1.0000 a0_change=1.0000 a1_nochange=0.8784 a1_change=1.0000 matched_but_wrong=0
  mpx-70 traj: trials=13920000 wall=7469s knowledge=0.9771 reliable=268 spec=7.07 pop=1172
  mpx-70 diag: trials=13920000 micro=3643 pop_spec=6.40 spec_max=20 q_mean=0.648 q_max=1.000 q_above_half=845 marked=0.268 mark_density=0.914 exp_mean=6699.1 addr_spec=4.327 addr_random=0.548 addr_full=0.2244 correct=245
  mpx-70 cover: trials=13920000 overall=0.9771 a0_nochange=1.0000 a0_change=1.0000 a1_nochange=0.9084 a1_change=1.0000 matched_but_wrong=0
  mpx-70 traj: trials=14040000 wall=7486s knowledge=0.9763 reliable=273 spec=7.07 pop=1208
  mpx-70 diag: trials=14040000 micro=3621 pop_spec=6.40 spec_max=20 q_mean=0.651 q_max=1.000 q_above_half=862 marked=0.273 mark_density=0.913 exp_mean=6584.1 addr_spec=4.436 addr_random=0.549 addr_full=0.2210 correct=245
  mpx-70 cover: trials=14040000 overall=0.9763 a0_nochange=1.0000 a0_change=1.0000 a1_nochange=0.9051 a1_change=1.0000 matched_but_wrong=0
  mpx-70 traj: trials=14160000 wall=7502s knowledge=0.9784 reliable=265 spec=7.06 pop=1185
  mpx-70 diag: trials=14160000 micro=3588 pop_spec=6.41 spec_max=20 q_mean=0.653 q_max=1.000 q_above_half=856 marked=0.280 mark_density=0.913 exp_mean=6805.2 addr_spec=4.287 addr_random=0.549 addr_full=0.2262 correct=246
  mpx-70 cover: trials=14160000 overall=0.9784 a0_nochange=1.0000 a0_change=1.0000 a1_nochange=0.9137 a1_change=1.0000 matched_but_wrong=0
  mpx-70 traj: trials=14280000 wall=7519s knowledge=0.9784 reliable=266 spec=7.06 pop=1178
  mpx-70 diag: trials=14280000 micro=3635 pop_spec=6.41 spec_max=20 q_mean=0.658 q_max=1.000 q_above_half=864 marked=0.264 mark_density=0.913 exp_mean=6937.1 addr_spec=4.368 addr_random=0.549 addr_full=0.2351 correct=246
  mpx-70 cover: trials=14280000 overall=0.9784 a0_nochange=1.0000 a0_change=1.0000 a1_nochange=0.9136 a1_change=1.0000 matched_but_wrong=0
  mpx-70 traj: trials=14400000 wall=7536s knowledge=0.9766 reliable=267 spec=7.06 pop=1268
  mpx-70 diag: trials=14400000 micro=3645 pop_spec=6.38 spec_max=20 q_mean=0.644 q_max=1.000 q_above_half=910 marked=0.261 mark_density=0.914 exp_mean=6447.0 addr_spec=4.262 addr_random=0.547 addr_full=0.2098 correct=243
  mpx-70 cover: trials=14400000 overall=0.9766 a0_nochange=1.0000 a0_change=0.9891 a1_nochange=0.9174 a1_change=1.0000 matched_but_wrong=0
  mpx-70 traj: trials=14520000 wall=7552s knowledge=0.9765 reliable=269 spec=7.04 pop=1229
  mpx-70 diag: trials=14520000 micro=3603 pop_spec=6.35 spec_max=20 q_mean=0.640 q_max=1.000 q_above_half=839 marked=0.276 mark_density=0.914 exp_mean=6747.3 addr_spec=4.385 addr_random=0.544 addr_full=0.2221 correct=246
  mpx-70 cover: trials=14520000 overall=0.9765 a0_nochange=1.0000 a0_change=0.9966 a1_nochange=0.9096 a1_change=1.0000 matched_but_wrong=0
  mpx-70 traj: trials=14640000 wall=7568s knowledge=0.9749 reliable=268 spec=7.04 pop=1158
  mpx-70 diag: trials=14640000 micro=3584 pop_spec=6.37 spec_max=20 q_mean=0.648 q_max=1.000 q_above_half=805 marked=0.263 mark_density=0.914 exp_mean=7242.5 addr_spec=4.383 addr_random=0.546 addr_full=0.2358 correct=246
  mpx-70 cover: trials=14640000 overall=0.9749 a0_nochange=1.0000 a0_change=0.9956 a1_nochange=0.9040 a1_change=1.0000 matched_but_wrong=0
  mpx-70 traj: trials=14760000 wall=7584s knowledge=0.9832 reliable=264 spec=7.04 pop=1173
  mpx-70 diag: trials=14760000 micro=3609 pop_spec=6.33 spec_max=19 q_mean=0.648 q_max=1.000 q_above_half=820 marked=0.281 mark_density=0.915 exp_mean=7247.8 addr_spec=4.261 addr_random=0.542 addr_full=0.2285 correct=247
  mpx-70 cover: trials=14760000 overall=0.9832 a0_nochange=1.0000 a0_change=0.9850 a1_nochange=0.9479 a1_change=1.0000 matched_but_wrong=0
  mpx-70 traj: trials=14880000 wall=7600s knowledge=0.9823 reliable=270 spec=7.04 pop=1217
  mpx-70 diag: trials=14880000 micro=3636 pop_spec=6.35 spec_max=19 q_mean=0.644 q_max=1.000 q_above_half=823 marked=0.273 mark_density=0.914 exp_mean=7083.0 addr_spec=4.303 addr_random=0.544 addr_full=0.2210 correct=248
  mpx-70 cover: trials=14880000 overall=0.9823 a0_nochange=1.0000 a0_change=0.9891 a1_nochange=0.9399 a1_change=1.0000 matched_but_wrong=0
  mpx-70 traj: trials=15000000 wall=7616s knowledge=0.9855 reliable=279 spec=7.06 pop=1245
  mpx-70 diag: trials=15000000 micro=3657 pop_spec=6.35 spec_max=19 q_mean=0.648 q_max=1.000 q_above_half=880 marked=0.268 mark_density=0.913 exp_mean=7019.1 addr_spec=4.308 addr_random=0.545 addr_full=0.2233 correct=248
  mpx-70 cover: trials=15000000 overall=0.9855 a0_nochange=1.0000 a0_change=0.9912 a1_nochange=0.9509 a1_change=1.0000 matched_but_wrong=0
  mpx-70 traj: trials=15120000 wall=7632s knowledge=0.9920 reliable=268 spec=7.06 pop=1175
  mpx-70 diag: trials=15120000 micro=3637 pop_spec=6.34 spec_max=19 q_mean=0.650 q_max=1.000 q_above_half=840 marked=0.259 mark_density=0.914 exp_mean=7536.8 addr_spec=4.374 addr_random=0.543 addr_full=0.2357 correct=250
  mpx-70 cover: trials=15120000 overall=0.9920 a0_nochange=1.0000 a0_change=0.9931 a1_nochange=0.9750 a1_change=1.0000 matched_but_wrong=0
  mpx-70 traj: trials=15240000 wall=7648s knowledge=0.9948 reliable=276 spec=7.07 pop=1236
  mpx-70 diag: trials=15240000 micro=3721 pop_spec=6.45 spec_max=19 q_mean=0.655 q_max=1.000 q_above_half=908 marked=0.254 mark_density=0.912 exp_mean=7260.2 addr_spec=4.387 addr_random=0.553 addr_full=0.2290 correct=251
  mpx-70 cover: trials=15240000 overall=0.9948 a0_nochange=1.0000 a0_change=0.9965 a1_nochange=0.9829 a1_change=1.0000 matched_but_wrong=0
  mpx-70 traj: trials=15360000 wall=7663s knowledge=0.9921 reliable=276 spec=7.07 pop=1163
  mpx-70 diag: trials=15360000 micro=3632 pop_spec=6.37 spec_max=19 q_mean=0.653 q_max=1.000 q_above_half=804 marked=0.236 mark_density=0.916 exp_mean=7816.9 addr_spec=4.337 addr_random=0.546 addr_full=0.2382 correct=252
  mpx-70 cover: trials=15360000 overall=0.9921 a0_nochange=1.0000 a0_change=1.0000 a1_nochange=0.9682 a1_change=1.0000 matched_but_wrong=0
  mpx-70 traj: trials=15480000 wall=7679s knowledge=0.9917 reliable=277 spec=7.04 pop=1179
  mpx-70 diag: trials=15480000 micro=3675 pop_spec=6.37 spec_max=19 q_mean=0.654 q_max=1.000 q_above_half=848 marked=0.277 mark_density=0.914 exp_mean=7808.0 addr_spec=4.383 addr_random=0.546 addr_full=0.2341 correct=252
  mpx-70 cover: trials=15480000 overall=0.9917 a0_nochange=1.0000 a0_change=1.0000 a1_nochange=0.9668 a1_change=1.0000 matched_but_wrong=0
  mpx-70 traj: trials=15600000 wall=7695s knowledge=0.9944 reliable=269 spec=7.04 pop=1202
  mpx-70 diag: trials=15600000 micro=3704 pop_spec=6.35 spec_max=19 q_mean=0.652 q_max=1.000 q_above_half=891 marked=0.258 mark_density=0.913 exp_mean=7753.7 addr_spec=4.415 addr_random=0.545 addr_full=0.2238 correct=253
  mpx-70 cover: trials=15600000 overall=0.9944 a0_nochange=1.0000 a0_change=1.0000 a1_nochange=0.9775 a1_change=1.0000 matched_but_wrong=0
  mpx-70 traj: trials=15720000 wall=7710s knowledge=0.9944 reliable=278 spec=7.04 pop=1190
  mpx-70 diag: trials=15720000 micro=3660 pop_spec=6.38 spec_max=19 q_mean=0.661 q_max=1.000 q_above_half=872 marked=0.268 mark_density=0.913 exp_mean=7934.6 addr_spec=4.381 addr_random=0.547 addr_full=0.2319 correct=253
  mpx-70 cover: trials=15720000 overall=0.9944 a0_nochange=1.0000 a0_change=1.0000 a1_nochange=0.9775 a1_change=1.0000 matched_but_wrong=0
  mpx-70 traj: trials=15840000 wall=7726s knowledge=0.9964 reliable=266 spec=7.04 pop=1242
  mpx-70 diag: trials=15840000 micro=3751 pop_spec=6.33 spec_max=19 q_mean=0.642 q_max=1.000 q_above_half=838 marked=0.292 mark_density=0.915 exp_mean=7696.8 addr_spec=4.364 addr_random=0.542 addr_full=0.2303 correct=254
  mpx-70 cover: trials=15840000 overall=0.9964 a0_nochange=1.0000 a0_change=1.0000 a1_nochange=0.9854 a1_change=1.0000 matched_but_wrong=0
  mpx-70 traj: trials=15960000 wall=7741s knowledge=0.9925 reliable=263 spec=7.04 pop=1199
  mpx-70 diag: trials=15960000 micro=3667 pop_spec=6.30 spec_max=19 q_mean=0.642 q_max=1.000 q_above_half=796 marked=0.290 mark_density=0.916 exp_mean=8062.6 addr_spec=4.322 addr_random=0.540 addr_full=0.2310 correct=252
  mpx-70 cover: trials=15960000 overall=0.9925 a0_nochange=1.0000 a0_change=1.0000 a1_nochange=0.9698 a1_change=1.0000 matched_but_wrong=0
  mpx-70 traj: trials=16080000 wall=7757s knowledge=0.9925 reliable=272 spec=7.04 pop=1190
  mpx-70 diag: trials=16080000 micro=3668 pop_spec=6.37 spec_max=19 q_mean=0.651 q_max=1.000 q_above_half=831 marked=0.280 mark_density=0.913 exp_mean=8225.4 addr_spec=4.459 addr_random=0.546 addr_full=0.2303 correct=252
  mpx-70 cover: trials=16080000 overall=0.9925 a0_nochange=1.0000 a0_change=1.0000 a1_nochange=0.9698 a1_change=1.0000 matched_but_wrong=0
  mpx-70 traj: trials=16200000 wall=7773s knowledge=0.9925 reliable=268 spec=7.04 pop=1242
  mpx-70 diag: trials=16200000 micro=3711 pop_spec=6.34 spec_max=19 q_mean=0.649 q_max=1.000 q_above_half=888 marked=0.278 mark_density=0.913 exp_mean=7976.7 addr_spec=4.444 addr_random=0.543 addr_full=0.2214 correct=252
  mpx-70 cover: trials=16200000 overall=0.9925 a0_nochange=1.0000 a0_change=1.0000 a1_nochange=0.9698 a1_change=1.0000 matched_but_wrong=0
  mpx-70 traj: trials=16320000 wall=7790s knowledge=0.9929 reliable=264 spec=7.05 pop=1136
  mpx-70 diag: trials=16320000 micro=3691 pop_spec=6.38 spec_max=19 q_mean=0.651 q_max=1.000 q_above_half=806 marked=0.258 mark_density=0.914 exp_mean=8824.3 addr_spec=4.476 addr_random=0.547 addr_full=0.2421 correct=252
  mpx-70 cover: trials=16320000 overall=0.9929 a0_nochange=1.0000 a0_change=1.0000 a1_nochange=0.9716 a1_change=1.0000 matched_but_wrong=0
  mpx-70 traj: trials=16440000 wall=7806s knowledge=0.9935 reliable=263 spec=7.04 pop=1169
  mpx-70 diag: trials=16440000 micro=3705 pop_spec=6.29 spec_max=19 q_mean=0.645 q_max=1.000 q_above_half=801 marked=0.280 mark_density=0.915 exp_mean=8677.7 addr_spec=4.362 addr_random=0.539 addr_full=0.2327 correct=252
  mpx-70 cover: trials=16440000 overall=0.9935 a0_nochange=1.0000 a0_change=1.0000 a1_nochange=0.9741 a1_change=1.0000 matched_but_wrong=0
  mpx-70 traj: trials=16560000 wall=7822s knowledge=0.9935 reliable=270 spec=7.04 pop=1191
  mpx-70 diag: trials=16560000 micro=3684 pop_spec=6.36 spec_max=19 q_mean=0.648 q_max=1.000 q_above_half=828 marked=0.290 mark_density=0.914 exp_mean=8618.1 addr_spec=4.342 addr_random=0.545 addr_full=0.2267 correct=253
  mpx-70 cover: trials=16560000 overall=0.9935 a0_nochange=1.0000 a0_change=1.0000 a1_nochange=0.9741 a1_change=1.0000 matched_but_wrong=0
  mpx-70 traj: trials=16680000 wall=7839s knowledge=0.9944 reliable=273 spec=7.04 pop=1195
  mpx-70 diag: trials=16680000 micro=3675 pop_spec=6.37 spec_max=19 q_mean=0.647 q_max=1.000 q_above_half=792 marked=0.284 mark_density=0.913 exp_mean=8689.8 addr_spec=4.405 addr_random=0.546 addr_full=0.2276 correct=253
  mpx-70 cover: trials=16680000 overall=0.9944 a0_nochange=1.0000 a0_change=1.0000 a1_nochange=0.9778 a1_change=1.0000 matched_but_wrong=0
  mpx-70 traj: trials=16800000 wall=7855s knowledge=0.9983 reliable=274 spec=7.04 pop=1247
  mpx-70 diag: trials=16800000 micro=3695 pop_spec=6.33 spec_max=19 q_mean=0.642 q_max=1.000 q_above_half=828 marked=0.285 mark_density=0.915 exp_mean=8423.9 addr_spec=4.274 addr_random=0.543 addr_full=0.2197 correct=255
  mpx-70 cover: trials=16800000 overall=0.9983 a0_nochange=1.0000 a0_change=1.0000 a1_nochange=0.9931 a1_change=1.0000 matched_but_wrong=0
  mpx-70 traj: trials=16920000 wall=7871s knowledge=0.9958 reliable=275 spec=7.04 pop=1170
  mpx-70 diag: trials=16920000 micro=3660 pop_spec=6.38 spec_max=19 q_mean=0.653 q_max=1.000 q_above_half=818 marked=0.261 mark_density=0.913 exp_mean=9079.8 addr_spec=4.470 addr_random=0.547 addr_full=0.2385 correct=253
  mpx-70 cover: trials=16920000 overall=0.9958 a0_nochange=1.0000 a0_change=1.0000 a1_nochange=0.9834 a1_change=1.0000 matched_but_wrong=0
  mpx-70 traj: trials=17040000 wall=7888s knowledge=0.9957 reliable=271 spec=7.04 pop=1193
  mpx-70 diag: trials=17040000 micro=3672 pop_spec=6.38 spec_max=19 q_mean=0.650 q_max=1.000 q_above_half=841 marked=0.274 mark_density=0.912 exp_mean=9004.8 addr_spec=4.410 addr_random=0.547 addr_full=0.2313 correct=253
  mpx-70 cover: trials=17040000 overall=0.9957 a0_nochange=1.0000 a0_change=1.0000 a1_nochange=0.9827 a1_change=1.0000 matched_but_wrong=0
  mpx-70 traj: trials=17160000 wall=7904s knowledge=0.9952 reliable=264 spec=7.04 pop=1172
  mpx-70 diag: trials=17160000 micro=3709 pop_spec=6.41 spec_max=19 q_mean=0.653 q_max=1.000 q_above_half=827 marked=0.281 mark_density=0.912 exp_mean=9251.9 addr_spec=4.433 addr_random=0.550 addr_full=0.2270 correct=253
  mpx-70 cover: trials=17160000 overall=0.9952 a0_nochange=1.0000 a0_change=1.0000 a1_nochange=0.9886 a1_change=0.9921 matched_but_wrong=0
  mpx-70 traj: trials=17280000 wall=7921s knowledge=0.9961 reliable=272 spec=7.05 pop=1153
  mpx-70 diag: trials=17280000 micro=3639 pop_spec=6.37 spec_max=19 q_mean=0.654 q_max=1.000 q_above_half=812 marked=0.252 mark_density=0.913 exp_mean=9508.5 addr_spec=4.342 addr_random=0.546 addr_full=0.2402 correct=254
  mpx-70 cover: trials=17280000 overall=0.9961 a0_nochange=1.0000 a0_change=1.0000 a1_nochange=0.9844 a1_change=1.0000 matched_but_wrong=0
  mpx-70 traj: trials=17400000 wall=7937s knowledge=0.9982 reliable=270 spec=7.04 pop=1210
  mpx-70 diag: trials=17400000 micro=3646 pop_spec=6.40 spec_max=19 q_mean=0.648 q_max=1.000 q_above_half=869 marked=0.279 mark_density=0.913 exp_mean=9153.9 addr_spec=4.418 addr_random=0.548 addr_full=0.2256 correct=255
  mpx-70 cover: trials=17400000 overall=0.9982 a0_nochange=1.0000 a0_change=1.0000 a1_nochange=0.9926 a1_change=1.0000 matched_but_wrong=0
  mpx-70 traj: trials=17520000 wall=7953s knowledge=0.9998 reliable=275 spec=7.04 pop=1160
  mpx-70 diag: trials=17520000 micro=3699 pop_spec=6.32 spec_max=19 q_mean=0.656 q_max=1.000 q_above_half=845 marked=0.292 mark_density=0.914 exp_mean=9636.8 addr_spec=4.428 addr_random=0.542 addr_full=0.2397 correct=255
  mpx-70 cover: trials=17520000 overall=0.9998 a0_nochange=1.0000 a0_change=1.0000 a1_nochange=0.9990 a1_change=1.0000 matched_but_wrong=0
  mpx-70 traj: trials=17640000 wall=7970s knowledge=0.9982 reliable=268 spec=7.04 pop=1177
  mpx-70 diag: trials=17640000 micro=3683 pop_spec=6.31 spec_max=19 q_mean=0.650 q_max=1.000 q_above_half=818 marked=0.261 mark_density=0.915 exp_mean=9599.5 addr_spec=4.365 addr_random=0.541 addr_full=0.2336 correct=255
  mpx-70 cover: trials=17640000 overall=0.9982 a0_nochange=1.0000 a0_change=1.0000 a1_nochange=0.9926 a1_change=1.0000 matched_but_wrong=0
  mpx-70 traj: trials=17760000 wall=7986s knowledge=0.9982 reliable=268 spec=7.04 pop=1205
  mpx-70 diag: trials=17760000 micro=3687 pop_spec=6.42 spec_max=19 q_mean=0.654 q_max=1.000 q_above_half=910 marked=0.294 mark_density=0.912 exp_mean=9476.0 addr_spec=4.425 addr_random=0.550 addr_full=0.2390 correct=255
  mpx-70 cover: trials=17760000 overall=0.9982 a0_nochange=1.0000 a0_change=1.0000 a1_nochange=0.9926 a1_change=1.0000 matched_but_wrong=0
  mpx-70 traj: trials=17880000 wall=8002s knowledge=1.0000 reliable=277 spec=7.04 pop=1248
  mpx-70 diag: trials=17880000 micro=3738 pop_spec=6.38 spec_max=19 q_mean=0.644 q_max=1.000 q_above_half=868 marked=0.264 mark_density=0.914 exp_mean=9245.8 addr_spec=4.373 addr_random=0.547 addr_full=0.2268 correct=256
  mpx-70 cover: trials=17880000 overall=1.0000 a0_nochange=1.0000 a0_change=1.0000 a1_nochange=1.0000 a1_change=1.0000 matched_but_wrong=0
  mpx-70 repeat 0: SUCCESS trials=17880000 knowledge=1.0000 reliable=277 spec=7.04/71 peak_macro=16326 peak_rss=0.00GB wall=8002.4s
  mpx-70 verdict agreement across 1 repeats: ALL AGREE
