run-provenance: commit=93812a9 job=5869133 attempt=0 tag=smoke37 size=37 seed=42 time_cap=600s partition=bem2-cpu-short host=r22c01b03.bem2.kdm.wcss.pl started=2026-09-11T02:00:06+02:00
run-argv:  
run-segment: base=slurm_mpx37_s42_smoke37 checkpoint=/home/alelys2099/mpx_runs/checkpoints/slurm_mpx37_s42_smoke37.ckpt checkpoint_every=100000 resumed=no
acs2-bench mpx-reach: agent=acs2 sizes=[37] n_exp=1 seed=42 rss_cap=5.6GB time_cap=600s do_ga=true alp_gen_variant=pyalcs epsilon=0.8 encoding=flip eval_interval=60000 strict_resource_limits=false rss_scope=process-lifetime checkpoint=on checkpoint_every=100000
  mem mpx-37 (N=38): condition=76B effect=76B mark=912B (stack) classifier=1152B  mark/classifier=79.2%  rss-cap pop-threshold=4861111
  mpx-37 trials_cap=429496729600000 (= 20000*2^(k-6)*10, clamped to u64::MAX) u_max=7
  mpx-37 traj: trials=60000 wall=29s knowledge=0.2503 reliable=116 spec=8.20 pop=3805
  mpx-37 acc: trials=60000 accuracy=0.7560
  mpx-37 traj: trials=120000 wall=53s knowledge=0.4873 reliable=181 spec=7.81 pop=2601
  mpx-37 acc: trials=120000 accuracy=0.8501
  mpx-37 traj: trials=180000 wall=71s knowledge=0.6113 reliable=170 spec=7.31 pop=2359
  mpx-37 acc: trials=180000 accuracy=0.9086
  mpx-37 traj: trials=240000 wall=88s knowledge=0.7039 reliable=159 spec=6.71 pop=1457
  mpx-37 acc: trials=240000 accuracy=0.9280
  mpx-37 traj: trials=300000 wall=100s knowledge=0.7598 reliable=155 spec=6.54 pop=1170
  mpx-37 acc: trials=300000 accuracy=0.9464
  mpx-37 traj: trials=360000 wall=110s knowledge=0.8192 reliable=166 spec=6.46 pop=1049
  mpx-37 acc: trials=360000 accuracy=0.9760
  mpx-37 traj: trials=420000 wall=118s knowledge=0.8934 reliable=153 spec=6.22 pop=813
  mpx-37 acc: trials=420000 accuracy=0.9813
  mpx-37 traj: trials=480000 wall=124s knowledge=0.9392 reliable=155 spec=6.10 pop=827
  mpx-37 acc: trials=480000 accuracy=0.9963
  mpx-37 traj: trials=540000 wall=130s knowledge=0.9736 reliable=169 spec=6.08 pop=788
  mpx-37 acc: trials=540000 accuracy=0.9978
  mpx-37 traj: trials=600000 wall=134s knowledge=0.9970 reliable=154 spec=6.07 pop=727
  mpx-37 acc: trials=600000 accuracy=1.0000
  mpx-37 traj: trials=660000 wall=139s knowledge=0.9940 reliable=151 spec=6.03 pop=787
  mpx-37 acc: trials=660000 accuracy=1.0000
  mpx-37 traj: trials=720000 wall=143s knowledge=0.9981 reliable=145 spec=6.03 pop=818
  mpx-37 acc: trials=720000 accuracy=1.0000
  mpx-37 traj: trials=780000 wall=148s knowledge=1.0000 reliable=148 spec=6.00 pop=785
  mpx-37 acc: trials=780000 accuracy=1.0000
  mpx-37 repeat 0: SUCCESS trials=780000 knowledge=1.0000 knowledge_trials=780000 reliable=148 spec=6.00/38 peak_macro=6893 peak_rss=0.03GB wall=148.9s
  mpx-37 verdict agreement across 1 repeats: ALL AGREE
