acs2-bench mpx-reach: agent=acs2 sizes=[70] n_exp=1 seed=44 rss_cap=5.6GB time_cap=600000s do_ga=true alp_gen_variant=pyalcs epsilon=0.8
  mem mpx-70 (N=71): condition=142B effect=142B mark=1704B (stack) classifier=2072B  mark/classifier=82.2%  rss-cap pop-threshold=2702702
  mpx-70 trials_cap=18446744073709551615 (= 20000*2^(k-6)*10, clamped to u64::MAX) u_max=8
  mpx-70 traj: trials=60000 wall=88s knowledge=0.0000 reliable=0 spec=0.00 pop=9846
  mpx-70 diag: trials=60000 micro=9894 pop_spec=9.63 spec_max=19 q_mean=0.557 q_max=0.823 q_above_half=7435 marked=0.359 mark_density=0.868 exp_mean=2.8 addr_spec=0.993 addr_random=0.825 addr_full=0.0000 correct=0
  mpx-70 cover: trials=60000 overall=0.0000 a0_nochange=0.0000 a0_change=0.0000 a1_nochange=0.0000 a1_change=0.0000 matched_but_wrong=0
  mpx-70 acc: trials=60000 accuracy=0.5268
  mpx-70 traj: trials=120000 wall=264s knowledge=0.0060 reliable=5 spec=8.80 pop=12051
  mpx-70 diag: trials=120000 micro=12097 pop_spec=10.03 spec_max=20 q_mean=0.572 q_max=1.000 q_above_half=9659 marked=0.349 mark_density=0.862 exp_mean=2.8 addr_spec=1.213 addr_random=0.859 addr_full=0.0002 correct=0
  mpx-70 cover: trials=120000 overall=0.0060 a0_nochange=0.0000 a0_change=0.0241 a1_nochange=0.0000 a1_change=0.0000 matched_but_wrong=12
  mpx-70 acc: trials=120000 accuracy=0.5433
  mpx-70 traj: trials=180000 wall=429s knowledge=0.0315 reliable=27 spec=9.07 pop=11746
  mpx-70 diag: trials=180000 micro=11836 pop_spec=10.39 spec_max=20 q_mean=0.584 q_max=1.000 q_above_half=9533 marked=0.362 mark_density=0.859 exp_mean=3.0 addr_spec=1.629 addr_random=0.890 addr_full=0.0006 correct=0
  mpx-70 cover: trials=180000 overall=0.0315 a0_nochange=0.0035 a0_change=0.0749 a1_nochange=0.0000 a1_change=0.0477 matched_but_wrong=16
  mpx-70 acc: trials=180000 accuracy=0.5668
  mpx-70 traj: trials=240000 wall=594s knowledge=0.0589 reliable=42 spec=8.86 pop=11971
  mpx-70 diag: trials=240000 micro=12131 pop_spec=10.50 spec_max=21 q_mean=0.583 q_max=1.000 q_above_half=9696 marked=0.362 mark_density=0.858 exp_mean=3.2 addr_spec=1.801 addr_random=0.900 addr_full=0.0019 correct=1
  mpx-70 cover: trials=240000 overall=0.0589 a0_nochange=0.0261 a0_change=0.1098 a1_nochange=0.0158 a1_change=0.0839 matched_but_wrong=10
  mpx-70 acc: trials=240000 accuracy=0.5954
  mpx-70 traj: trials=300000 wall=740s knowledge=0.1037 reliable=76 spec=8.88 pop=11353
  mpx-70 diag: trials=300000 micro=11617 pop_spec=10.70 spec_max=22 q_mean=0.588 q_max=1.000 q_above_half=9135 marked=0.372 mark_density=0.856 exp_mean=3.7 addr_spec=1.980 addr_random=0.917 addr_full=0.0034 correct=3
  mpx-70 cover: trials=300000 overall=0.1037 a0_nochange=0.0644 a0_change=0.1831 a1_nochange=0.0239 a1_change=0.1435 matched_but_wrong=119
  mpx-70 acc: trials=300000 accuracy=0.6202
  mpx-70 traj: trials=360000 wall=859s knowledge=0.1505 reliable=105 spec=8.87 pop=10387
  mpx-70 diag: trials=360000 micro=10702 pop_spec=10.71 spec_max=22 q_mean=0.590 q_max=1.000 q_above_half=8243 marked=0.362 mark_density=0.856 exp_mean=4.5 addr_spec=2.070 addr_random=0.918 addr_full=0.0043 correct=9
  mpx-70 cover: trials=360000 overall=0.1505 a0_nochange=0.1078 a0_change=0.2533 a1_nochange=0.0258 a1_change=0.2153 matched_but_wrong=107
  mpx-70 acc: trials=360000 accuracy=0.6645
  mpx-70 traj: trials=420000 wall=963s knowledge=0.2141 reliable=133 spec=8.50 pop=8716
  mpx-70 diag: trials=420000 micro=9183 pop_spec=10.71 spec_max=22 q_mean=0.591 q_max=1.000 q_above_half=6761 marked=0.366 mark_density=0.857 exp_mean=6.3 addr_spec=2.265 addr_random=0.918 addr_full=0.0067 correct=14
  mpx-70 cover: trials=420000 overall=0.2141 a0_nochange=0.1803 a0_change=0.3719 a1_nochange=0.0310 a1_change=0.2732 matched_but_wrong=81
  mpx-70 acc: trials=420000 accuracy=0.7009
  mpx-70 traj: trials=480000 wall=1047s knowledge=0.2668 reliable=152 spec=8.32 pop=7677
  mpx-70 diag: trials=480000 micro=8238 pop_spec=10.62 spec_max=22 q_mean=0.587 q_max=1.000 q_above_half=5797 marked=0.372 mark_density=0.859 exp_mean=8.3 addr_spec=2.403 addr_random=0.910 addr_full=0.0094 correct=19
  mpx-70 cover: trials=480000 overall=0.2668 a0_nochange=0.2351 a0_change=0.4513 a1_nochange=0.0310 a1_change=0.3497 matched_but_wrong=118
  mpx-70 acc: trials=480000 accuracy=0.7502
  mpx-70 traj: trials=540000 wall=1106s knowledge=0.3394 reliable=176 spec=8.05 pop=6317
  mpx-70 diag: trials=540000 micro=7011 pop_spec=10.58 spec_max=22 q_mean=0.596 q_max=1.000 q_above_half=4754 marked=0.345 mark_density=0.858 exp_mean=11.5 addr_spec=2.635 addr_random=0.907 addr_full=0.0147 correct=30
  mpx-70 cover: trials=540000 overall=0.3394 a0_nochange=0.3156 a0_change=0.5638 a1_nochange=0.0549 a1_change=0.4233 matched_but_wrong=53
  mpx-70 acc: trials=540000 accuracy=0.7928
  mpx-70 traj: trials=600000 wall=1153s knowledge=0.3827 reliable=175 spec=7.89 pop=5356
  mpx-70 diag: trials=600000 micro=6189 pop_spec=10.46 spec_max=22 q_mean=0.592 q_max=1.000 q_above_half=3978 marked=0.348 mark_density=0.860 exp_mean=16.7 addr_spec=2.693 addr_random=0.897 addr_full=0.0183 correct=41
  mpx-70 cover: trials=600000 overall=0.3827 a0_nochange=0.3587 a0_change=0.6057 a1_nochange=0.0706 a1_change=0.4958 matched_but_wrong=173
  mpx-70 acc: trials=600000 accuracy=0.8163
  mpx-70 traj: trials=660000 wall=1192s knowledge=0.4469 reliable=197 spec=7.78 pop=4712
  mpx-70 diag: trials=660000 micro=5627 pop_spec=10.32 spec_max=22 q_mean=0.591 q_max=1.000 q_above_half=3367 marked=0.356 mark_density=0.863 exp_mean=23.2 addr_spec=2.832 addr_random=0.885 addr_full=0.0255 correct=54
  mpx-70 cover: trials=660000 overall=0.4469 a0_nochange=0.4266 a0_change=0.7000 a1_nochange=0.1303 a1_change=0.5305 matched_but_wrong=6
  mpx-70 acc: trials=660000 accuracy=0.8532
  mpx-70 traj: trials=720000 wall=1226s knowledge=0.5045 reliable=208 spec=7.59 pop=3751
  mpx-70 diag: trials=720000 micro=4827 pop_spec=10.37 spec_max=23 q_mean=0.591 q_max=1.000 q_above_half=2611 marked=0.352 mark_density=0.862 exp_mean=34.6 addr_spec=2.914 addr_random=0.889 addr_full=0.0315 correct=70
  mpx-70 cover: trials=720000 overall=0.5045 a0_nochange=0.4974 a0_change=0.7599 a1_nochange=0.1629 a1_change=0.5978 matched_but_wrong=3
  mpx-70 acc: trials=720000 accuracy=0.8716
  mpx-70 traj: trials=780000 wall=1255s knowledge=0.5294 reliable=206 spec=7.53 pop=3343
  mpx-70 diag: trials=780000 micro=4458 pop_spec=10.03 spec_max=23 q_mean=0.591 q_max=1.000 q_above_half=2298 marked=0.376 mark_density=0.868 exp_mean=45.8 addr_spec=2.975 addr_random=0.860 addr_full=0.0395 correct=79
  mpx-70 cover: trials=780000 overall=0.5294 a0_nochange=0.5249 a0_change=0.7897 a1_nochange=0.1855 a1_change=0.6174 matched_but_wrong=1
  mpx-70 acc: trials=780000 accuracy=0.8792
  mpx-70 traj: trials=840000 wall=1282s knowledge=0.5740 reliable=224 spec=7.45 pop=2922
  mpx-70 diag: trials=840000 micro=4067 pop_spec=9.90 spec_max=23 q_mean=0.599 q_max=1.000 q_above_half=2018 marked=0.326 mark_density=0.863 exp_mean=61.5 addr_spec=3.084 addr_random=0.848 addr_full=0.0541 correct=92
  mpx-70 cover: trials=840000 overall=0.5740 a0_nochange=0.5612 a0_change=0.8287 a1_nochange=0.2271 a1_change=0.6791 matched_but_wrong=7
  mpx-70 acc: trials=840000 accuracy=0.8951
  mpx-70 traj: trials=900000 wall=1305s knowledge=0.6125 reliable=236 spec=7.44 pop=2643
  mpx-70 diag: trials=900000 micro=3948 pop_spec=9.66 spec_max=23 q_mean=0.595 q_max=1.000 q_above_half=1784 marked=0.356 mark_density=0.869 exp_mean=80.8 addr_spec=3.201 addr_random=0.828 addr_full=0.0579 correct=108
  mpx-70 cover: trials=900000 overall=0.6125 a0_nochange=0.6105 a0_change=0.8325 a1_nochange=0.2705 a1_change=0.7365 matched_but_wrong=0
  mpx-70 acc: trials=900000 accuracy=0.9048
  mpx-70 traj: trials=960000 wall=1327s knowledge=0.6449 reliable=233 spec=7.37 pop=2341
  mpx-70 diag: trials=960000 micro=3669 pop_spec=9.50 spec_max=23 q_mean=0.601 q_max=1.000 q_above_half=1595 marked=0.349 mark_density=0.871 exp_mean=100.2 addr_spec=3.200 addr_random=0.814 addr_full=0.0743 correct=121
  mpx-70 cover: trials=960000 overall=0.6449 a0_nochange=0.6681 a0_change=0.8573 a1_nochange=0.2808 a1_change=0.7734 matched_but_wrong=0
  mpx-70 acc: trials=960000 accuracy=0.9085
  mpx-70 traj: trials=1020000 wall=1347s knowledge=0.6837 reliable=237 spec=7.32 pop=2239
  mpx-70 diag: trials=1020000 micro=3696 pop_spec=9.25 spec_max=23 q_mean=0.598 q_max=1.000 q_above_half=1472 marked=0.337 mark_density=0.874 exp_mean=115.4 addr_spec=3.371 addr_random=0.793 addr_full=0.0768 correct=130
  mpx-70 cover: trials=1020000 overall=0.6837 a0_nochange=0.7396 a0_change=0.8410 a1_nochange=0.3459 a1_change=0.8083 matched_but_wrong=0
  mpx-70 acc: trials=1020000 accuracy=0.9211
  mpx-70 traj: trials=1080000 wall=1365s knowledge=0.6856 reliable=225 spec=7.32 pop=2169
  mpx-70 diag: trials=1080000 micro=3667 pop_spec=9.00 spec_max=23 q_mean=0.605 q_max=1.000 q_above_half=1475 marked=0.338 mark_density=0.874 exp_mean=130.9 addr_spec=3.345 addr_random=0.772 addr_full=0.0867 correct=131
  mpx-70 cover: trials=1080000 overall=0.6856 a0_nochange=0.7581 a0_change=0.8149 a1_nochange=0.3681 a1_change=0.8013 matched_but_wrong=0
  mpx-70 acc: trials=1080000 accuracy=0.9349
  mpx-70 traj: trials=1140000 wall=1383s knowledge=0.7139 reliable=238 spec=7.27 pop=2178
  mpx-70 diag: trials=1140000 micro=3726 pop_spec=8.84 spec_max=23 q_mean=0.610 q_max=1.000 q_above_half=1489 marked=0.342 mark_density=0.875 exp_mean=145.5 addr_spec=3.419 addr_random=0.757 addr_full=0.0849 correct=135
  mpx-70 cover: trials=1140000 overall=0.7139 a0_nochange=0.7714 a0_change=0.8351 a1_nochange=0.4224 a1_change=0.8266 matched_but_wrong=117
  mpx-70 acc: trials=1140000 accuracy=0.9312
  mpx-70 traj: trials=1200000 wall=1399s knowledge=0.7284 reliable=234 spec=7.24 pop=2018
  mpx-70 diag: trials=1200000 micro=3639 pop_spec=8.59 spec_max=23 q_mean=0.602 q_max=1.000 q_above_half=1317 marked=0.356 mark_density=0.881 exp_mean=172.8 addr_spec=3.536 addr_random=0.736 addr_full=0.0793 correct=138
  mpx-70 cover: trials=1200000 overall=0.7284 a0_nochange=0.7540 a0_change=0.8450 a1_nochange=0.4650 a1_change=0.8494 matched_but_wrong=0
  mpx-70 acc: trials=1200000 accuracy=0.9412
  mpx-70 traj: trials=1260000 wall=1415s knowledge=0.7477 reliable=242 spec=7.27 pop=1866
  mpx-70 diag: trials=1260000 micro=3552 pop_spec=8.48 spec_max=23 q_mean=0.613 q_max=1.000 q_above_half=1293 marked=0.341 mark_density=0.880 exp_mean=201.6 addr_spec=3.700 addr_random=0.727 addr_full=0.0997 correct=147
  mpx-70 cover: trials=1260000 overall=0.7477 a0_nochange=0.7857 a0_change=0.8420 a1_nochange=0.5103 a1_change=0.8527 matched_but_wrong=1
  mpx-70 acc: trials=1260000 accuracy=0.9416
  mpx-70 traj: trials=1320000 wall=1429s knowledge=0.7696 reliable=255 spec=7.26 pop=1868
  mpx-70 diag: trials=1320000 micro=3543 pop_spec=8.26 spec_max=23 q_mean=0.612 q_max=1.000 q_above_half=1259 marked=0.335 mark_density=0.883 exp_mean=224.3 addr_spec=3.662 addr_random=0.708 addr_full=0.1044 correct=153
  mpx-70 cover: trials=1320000 overall=0.7696 a0_nochange=0.8287 a0_change=0.8770 a1_nochange=0.5196 a1_change=0.8533 matched_but_wrong=0
  mpx-70 acc: trials=1320000 accuracy=0.9476
  mpx-70 traj: trials=1380000 wall=1444s knowledge=0.7874 reliable=260 spec=7.24 pop=1702
  mpx-70 diag: trials=1380000 micro=3486 pop_spec=8.26 spec_max=23 q_mean=0.615 q_max=1.000 q_above_half=1114 marked=0.344 mark_density=0.883 exp_mean=263.6 addr_spec=3.753 addr_random=0.708 addr_full=0.1169 correct=165
  mpx-70 cover: trials=1380000 overall=0.7874 a0_nochange=0.8391 a0_change=0.8949 a1_nochange=0.5319 a1_change=0.8838 matched_but_wrong=88
  mpx-70 acc: trials=1380000 accuracy=0.9545
  mpx-70 traj: trials=1440000 wall=1457s knowledge=0.8036 reliable=256 spec=7.22 pop=1738
  mpx-70 diag: trials=1440000 micro=3567 pop_spec=8.07 spec_max=23 q_mean=0.624 q_max=1.000 q_above_half=1209 marked=0.319 mark_density=0.886 exp_mean=279.6 addr_spec=3.793 addr_random=0.691 addr_full=0.1191 correct=167
  mpx-70 cover: trials=1440000 overall=0.8036 a0_nochange=0.8901 a0_change=0.8939 a1_nochange=0.5527 a1_change=0.8778 matched_but_wrong=0
  mpx-70 acc: trials=1440000 accuracy=0.9545
  mpx-70 traj: trials=1500000 wall=1470s knowledge=0.8207 reliable=256 spec=7.18 pop=1792
  mpx-70 diag: trials=1500000 micro=3673 pop_spec=7.92 spec_max=23 q_mean=0.621 q_max=1.000 q_above_half=1242 marked=0.314 mark_density=0.889 exp_mean=296.7 addr_spec=3.788 addr_random=0.679 addr_full=0.1172 correct=177
  mpx-70 cover: trials=1500000 overall=0.8207 a0_nochange=0.8936 a0_change=0.9146 a1_nochange=0.5878 a1_change=0.8868 matched_but_wrong=0
  mpx-70 acc: trials=1500000 accuracy=0.9612
  mpx-70 traj: trials=1560000 wall=1483s knowledge=0.8509 reliable=265 spec=7.13 pop=1763
  mpx-70 diag: trials=1560000 micro=3770 pop_spec=7.81 spec_max=23 q_mean=0.618 q_max=1.000 q_above_half=1189 marked=0.337 mark_density=0.892 exp_mean=318.3 addr_spec=3.859 addr_random=0.670 addr_full=0.1225 correct=185
  mpx-70 cover: trials=1560000 overall=0.8509 a0_nochange=0.9093 a0_change=0.9227 a1_nochange=0.6947 a1_change=0.8768 matched_but_wrong=0
  mpx-70 acc: trials=1560000 accuracy=0.9629
  mpx-70 traj: trials=1620000 wall=1495s knowledge=0.8569 reliable=255 spec=7.12 pop=1673
  mpx-70 diag: trials=1620000 micro=3687 pop_spec=7.67 spec_max=23 q_mean=0.620 q_max=1.000 q_above_half=1170 marked=0.339 mark_density=0.893 exp_mean=357.9 addr_spec=3.876 addr_random=0.658 addr_full=0.1363 correct=192
  mpx-70 cover: trials=1620000 overall=0.8569 a0_nochange=0.8985 a0_change=0.9132 a1_nochange=0.7212 a1_change=0.8947 matched_but_wrong=0
  mpx-70 acc: trials=1620000 accuracy=0.9662
  mpx-70 traj: trials=1680000 wall=1507s knowledge=0.8737 reliable=265 spec=7.13 pop=1609
  mpx-70 diag: trials=1680000 micro=3740 pop_spec=7.63 spec_max=23 q_mean=0.626 q_max=1.000 q_above_half=1101 marked=0.338 mark_density=0.894 exp_mean=393.4 addr_spec=3.991 addr_random=0.654 addr_full=0.1429 correct=194
  mpx-70 cover: trials=1680000 overall=0.8737 a0_nochange=0.9215 a0_change=0.9137 a1_nochange=0.7521 a1_change=0.9074 matched_but_wrong=0
  mpx-70 acc: trials=1680000 accuracy=0.9657
  mpx-70 traj: trials=1740000 wall=1519s knowledge=0.8833 reliable=263 spec=7.13 pop=1602
  mpx-70 diag: trials=1740000 micro=3722 pop_spec=7.52 spec_max=23 q_mean=0.626 q_max=1.000 q_above_half=1073 marked=0.319 mark_density=0.894 exp_mean=428.0 addr_spec=3.978 addr_random=0.645 addr_full=0.1492 correct=196
  mpx-70 cover: trials=1740000 overall=0.8833 a0_nochange=0.9370 a0_change=0.9185 a1_nochange=0.7508 a1_change=0.9269 matched_but_wrong=0
  mpx-70 acc: trials=1740000 accuracy=0.9726
  mpx-70 traj: trials=1800000 wall=1530s knowledge=0.8946 reliable=273 spec=7.11 pop=1556
  mpx-70 diag: trials=1800000 micro=3725 pop_spec=7.39 spec_max=23 q_mean=0.630 q_max=1.000 q_above_half=1053 marked=0.305 mark_density=0.897 exp_mean=472.8 addr_spec=4.123 addr_random=0.634 addr_full=0.1530 correct=204
  mpx-70 cover: trials=1800000 overall=0.8946 a0_nochange=0.9459 a0_change=0.9370 a1_nochange=0.7758 a1_change=0.9198 matched_but_wrong=0
  mpx-70 acc: trials=1800000 accuracy=0.9657
  mpx-70 traj: trials=1860000 wall=1541s knowledge=0.9043 reliable=271 spec=7.07 pop=1465
  mpx-70 diag: trials=1860000 micro=3678 pop_spec=7.34 spec_max=23 q_mean=0.637 q_max=1.000 q_above_half=1057 marked=0.301 mark_density=0.896 exp_mean=539.2 addr_spec=4.130 addr_random=0.629 addr_full=0.1563 correct=208
  mpx-70 cover: trials=1860000 overall=0.9043 a0_nochange=0.9522 a0_change=0.9509 a1_nochange=0.7722 a1_change=0.9421 matched_but_wrong=47
  mpx-70 acc: trials=1860000 accuracy=0.9799
  mpx-70 traj: trials=1920000 wall=1552s knowledge=0.8929 reliable=264 spec=7.07 pop=1464
  mpx-70 diag: trials=1920000 micro=3652 pop_spec=7.24 spec_max=23 q_mean=0.630 q_max=1.000 q_above_half=1000 marked=0.322 mark_density=0.901 exp_mean=552.6 addr_spec=4.148 addr_random=0.621 addr_full=0.1564 correct=207
  mpx-70 cover: trials=1920000 overall=0.8929 a0_nochange=0.9475 a0_change=0.9492 a1_nochange=0.7393 a1_change=0.9357 matched_but_wrong=0
  mpx-70 acc: trials=1920000 accuracy=0.9790
  mpx-70 traj: trials=1980000 wall=1563s knowledge=0.9027 reliable=267 spec=7.06 pop=1445
  mpx-70 diag: trials=1980000 micro=3665 pop_spec=7.18 spec_max=23 q_mean=0.627 q_max=1.000 q_above_half=988 marked=0.297 mark_density=0.899 exp_mean=591.9 addr_spec=4.176 addr_random=0.616 addr_full=0.1647 correct=210
  mpx-70 cover: trials=1980000 overall=0.9027 a0_nochange=0.9682 a0_change=0.9584 a1_nochange=0.7580 a1_change=0.9262 matched_but_wrong=0
  mpx-70 acc: trials=1980000 accuracy=0.9820
  mpx-70 traj: trials=2040000 wall=1575s knowledge=0.9086 reliable=269 spec=7.04 pop=1447
  mpx-70 diag: trials=2040000 micro=3674 pop_spec=7.12 spec_max=23 q_mean=0.634 q_max=1.000 q_above_half=1023 marked=0.291 mark_density=0.900 exp_mean=624.6 addr_spec=4.242 addr_random=0.611 addr_full=0.1714 correct=212
  mpx-70 cover: trials=2040000 overall=0.9086 a0_nochange=0.9549 a0_change=0.9517 a1_nochange=0.7923 a1_change=0.9356 matched_but_wrong=0
  mpx-70 acc: trials=2040000 accuracy=0.9784
  mpx-70 traj: trials=2100000 wall=1585s knowledge=0.9142 reliable=259 spec=7.02 pop=1422
  mpx-70 diag: trials=2100000 micro=3714 pop_spec=7.08 spec_max=23 q_mean=0.631 q_max=1.000 q_above_half=977 marked=0.294 mark_density=0.901 exp_mean=672.4 addr_spec=4.223 addr_random=0.607 addr_full=0.1744 correct=216
  mpx-70 cover: trials=2100000 overall=0.9142 a0_nochange=0.9508 a0_change=0.9589 a1_nochange=0.8033 a1_change=0.9436 matched_but_wrong=0
  mpx-70 acc: trials=2100000 accuracy=0.9858
  mpx-70 traj: trials=2160000 wall=1596s knowledge=0.9285 reliable=263 spec=7.03 pop=1439
  mpx-70 diag: trials=2160000 micro=3737 pop_spec=7.00 spec_max=23 q_mean=0.637 q_max=1.000 q_above_half=1021 marked=0.290 mark_density=0.904 exp_mean=703.4 addr_spec=4.183 addr_random=0.600 addr_full=0.1751 correct=224
  mpx-70 cover: trials=2160000 overall=0.9285 a0_nochange=0.9662 a0_change=0.9725 a1_nochange=0.8143 a1_change=0.9608 matched_but_wrong=0
  mpx-70 acc: trials=2160000 accuracy=0.9823
  mpx-70 traj: trials=2220000 wall=1607s knowledge=0.9224 reliable=261 spec=7.02 pop=1353
  mpx-70 diag: trials=2220000 micro=3668 pop_spec=6.99 spec_max=23 q_mean=0.631 q_max=1.000 q_above_half=934 marked=0.290 mark_density=0.904 exp_mean=786.5 addr_spec=4.261 addr_random=0.599 addr_full=0.1803 correct=222
  mpx-70 cover: trials=2220000 overall=0.9224 a0_nochange=0.9598 a0_change=0.9776 a1_nochange=0.7851 a1_change=0.9670 matched_but_wrong=0
  mpx-70 acc: trials=2220000 accuracy=0.9934
  mpx-70 traj: trials=2280000 wall=1618s knowledge=0.9341 reliable=272 spec=7.01 pop=1354
  mpx-70 diag: trials=2280000 micro=3718 pop_spec=6.97 spec_max=23 q_mean=0.644 q_max=1.000 q_above_half=978 marked=0.299 mark_density=0.903 exp_mean=822.6 addr_spec=4.241 addr_random=0.598 addr_full=0.1898 correct=226
  mpx-70 cover: trials=2280000 overall=0.9341 a0_nochange=0.9674 a0_change=0.9878 a1_nochange=0.8065 a1_change=0.9746 matched_but_wrong=0
  mpx-70 acc: trials=2280000 accuracy=0.9902
  mpx-70 traj: trials=2340000 wall=1628s knowledge=0.9401 reliable=268 spec=7.01 pop=1414
  mpx-70 diag: trials=2340000 micro=3718 pop_spec=6.84 spec_max=23 q_mean=0.635 q_max=1.000 q_above_half=1024 marked=0.293 mark_density=0.907 exp_mean=823.5 addr_spec=4.220 addr_random=0.586 addr_full=0.1810 correct=227
  mpx-70 cover: trials=2340000 overall=0.9401 a0_nochange=0.9720 a0_change=0.9837 a1_nochange=0.8151 a1_change=0.9895 matched_but_wrong=0
  mpx-70 acc: trials=2340000 accuracy=0.9958
  mpx-70 traj: trials=2400000 wall=1639s knowledge=0.9408 reliable=271 spec=7.01 pop=1385
  mpx-70 diag: trials=2400000 micro=3743 pop_spec=6.85 spec_max=23 q_mean=0.632 q_max=1.000 q_above_half=908 marked=0.305 mark_density=0.907 exp_mean=874.4 addr_spec=4.261 addr_random=0.587 addr_full=0.1863 correct=228
  mpx-70 cover: trials=2400000 overall=0.9408 a0_nochange=0.9683 a0_change=0.9884 a1_nochange=0.8105 a1_change=0.9962 matched_but_wrong=0
  mpx-70 acc: trials=2400000 accuracy=0.9973
  mpx-70 traj: trials=2460000 wall=1650s knowledge=0.9407 reliable=265 spec=7.02 pop=1347
  mpx-70 diag: trials=2460000 micro=3702 pop_spec=6.84 spec_max=23 q_mean=0.636 q_max=1.000 q_above_half=918 marked=0.284 mark_density=0.907 exp_mean=914.1 addr_spec=4.289 addr_random=0.586 addr_full=0.1819 correct=228
  mpx-70 cover: trials=2460000 overall=0.9407 a0_nochange=0.9598 a0_change=0.9813 a1_nochange=0.8293 a1_change=0.9925 matched_but_wrong=0
  mpx-70 acc: trials=2460000 accuracy=0.9939
  mpx-70 traj: trials=2520000 wall=1660s knowledge=0.9479 reliable=271 spec=7.01 pop=1364
  mpx-70 diag: trials=2520000 micro=3730 pop_spec=6.83 spec_max=23 q_mean=0.642 q_max=1.000 q_above_half=963 marked=0.301 mark_density=0.907 exp_mean=946.3 addr_spec=4.334 addr_random=0.585 addr_full=0.1848 correct=229
  mpx-70 cover: trials=2520000 overall=0.9479 a0_nochange=0.9568 a0_change=0.9836 a1_nochange=0.8513 a1_change=1.0000 matched_but_wrong=0
  mpx-70 acc: trials=2520000 accuracy=0.9957
  mpx-70 traj: trials=2580000 wall=1670s knowledge=0.9532 reliable=277 spec=7.01 pop=1361
  mpx-70 diag: trials=2580000 micro=3774 pop_spec=6.81 spec_max=23 q_mean=0.641 q_max=1.000 q_above_half=955 marked=0.302 mark_density=0.907 exp_mean=989.6 addr_spec=4.368 addr_random=0.584 addr_full=0.1896 correct=230
  mpx-70 cover: trials=2580000 overall=0.9532 a0_nochange=0.9586 a0_change=0.9877 a1_nochange=0.8664 a1_change=1.0000 matched_but_wrong=0
  mpx-70 acc: trials=2580000 accuracy=0.9966
  mpx-70 traj: trials=2640000 wall=1681s knowledge=0.9560 reliable=275 spec=7.02 pop=1343
  mpx-70 diag: trials=2640000 micro=3753 pop_spec=6.74 spec_max=23 q_mean=0.637 q_max=1.000 q_above_half=892 marked=0.278 mark_density=0.908 exp_mean=1043.8 addr_spec=4.308 addr_random=0.577 addr_full=0.1862 correct=232
  mpx-70 cover: trials=2640000 overall=0.9560 a0_nochange=0.9705 a0_change=0.9877 a1_nochange=0.8660 a1_change=1.0000 matched_but_wrong=0
  mpx-70 acc: trials=2640000 accuracy=0.9964
  mpx-70 traj: trials=2700000 wall=1691s knowledge=0.9581 reliable=279 spec=7.02 pop=1343
  mpx-70 diag: trials=2700000 micro=3808 pop_spec=6.73 spec_max=23 q_mean=0.643 q_max=1.000 q_above_half=940 marked=0.294 mark_density=0.910 exp_mean=1086.2 addr_spec=4.385 addr_random=0.577 addr_full=0.1966 correct=238
  mpx-70 cover: trials=2700000 overall=0.9581 a0_nochange=0.9721 a0_change=0.9898 a1_nochange=0.8705 a1_change=1.0000 matched_but_wrong=0
  mpx-70 acc: trials=2700000 accuracy=0.9983
  mpx-70 traj: trials=2760000 wall=1701s knowledge=0.9714 reliable=279 spec=7.01 pop=1359
  mpx-70 diag: trials=2760000 micro=3815 pop_spec=6.68 spec_max=23 q_mean=0.640 q_max=1.000 q_above_half=938 marked=0.280 mark_density=0.909 exp_mean=1115.5 addr_spec=4.303 addr_random=0.572 addr_full=0.1965 correct=241
  mpx-70 cover: trials=2760000 overall=0.9714 a0_nochange=0.9767 a0_change=0.9851 a1_nochange=0.9238 a1_change=1.0000 matched_but_wrong=0
  mpx-70 acc: trials=2760000 accuracy=0.9997
  mpx-70 traj: trials=2820000 wall=1711s knowledge=0.9709 reliable=273 spec=7.01 pop=1294
  mpx-70 diag: trials=2820000 micro=3785 pop_spec=6.71 spec_max=23 q_mean=0.641 q_max=1.000 q_above_half=888 marked=0.270 mark_density=0.908 exp_mean=1209.5 addr_spec=4.353 addr_random=0.575 addr_full=0.2063 correct=241
  mpx-70 cover: trials=2820000 overall=0.9709 a0_nochange=0.9800 a0_change=0.9834 a1_nochange=0.9204 a1_change=1.0000 matched_but_wrong=0
  mpx-70 acc: trials=2820000 accuracy=0.9963
  mpx-70 traj: trials=2880000 wall=1721s knowledge=0.9717 reliable=274 spec=7.01 pop=1345
  mpx-70 diag: trials=2880000 micro=3820 pop_spec=6.62 spec_max=23 q_mean=0.638 q_max=1.000 q_above_half=889 marked=0.306 mark_density=0.910 exp_mean=1202.2 addr_spec=4.395 addr_random=0.567 addr_full=0.2022 correct=240
  mpx-70 cover: trials=2880000 overall=0.9717 a0_nochange=0.9760 a0_change=0.9917 a1_nochange=0.9190 a1_change=1.0000 matched_but_wrong=0
  mpx-70 acc: trials=2880000 accuracy=0.9983
  mpx-70 traj: trials=2940000 wall=1731s knowledge=0.9778 reliable=276 spec=7.00 pop=1318
  mpx-70 diag: trials=2940000 micro=3744 pop_spec=6.58 spec_max=23 q_mean=0.645 q_max=1.000 q_above_half=917 marked=0.307 mark_density=0.910 exp_mean=1270.8 addr_spec=4.288 addr_random=0.564 addr_full=0.1988 correct=243
  mpx-70 cover: trials=2940000 overall=0.9778 a0_nochange=0.9874 a0_change=0.9834 a1_nochange=0.9404 a1_change=1.0000 matched_but_wrong=0
  mpx-70 acc: trials=2940000 accuracy=0.9978
  mpx-70 traj: trials=3000000 wall=1740s knowledge=0.9813 reliable=278 spec=7.01 pop=1286
  mpx-70 diag: trials=3000000 micro=3766 pop_spec=6.64 spec_max=23 q_mean=0.645 q_max=1.000 q_above_half=892 marked=0.286 mark_density=0.909 exp_mean=1340.3 addr_spec=4.381 addr_random=0.569 addr_full=0.2201 correct=246
  mpx-70 cover: trials=3000000 overall=0.9813 a0_nochange=0.9926 a0_change=1.0000 a1_nochange=0.9326 a1_change=1.0000 matched_but_wrong=0
  mpx-70 acc: trials=3000000 accuracy=1.0000
  mpx-70 traj: trials=3060000 wall=1749s knowledge=0.9803 reliable=280 spec=7.01 pop=1197
  mpx-70 diag: trials=3060000 micro=3701 pop_spec=6.57 spec_max=23 q_mean=0.653 q_max=1.000 q_above_half=848 marked=0.278 mark_density=0.910 exp_mean=1483.1 addr_spec=4.391 addr_random=0.563 addr_full=0.2256 correct=246
  mpx-70 cover: trials=3060000 overall=0.9803 a0_nochange=0.9959 a0_change=1.0000 a1_nochange=0.9252 a1_change=1.0000 matched_but_wrong=49
  mpx-70 acc: trials=3060000 accuracy=1.0000
  mpx-70 traj: trials=3120000 wall=1759s knowledge=0.9848 reliable=275 spec=7.01 pop=1305
  mpx-70 diag: trials=3120000 micro=3851 pop_spec=6.54 spec_max=23 q_mean=0.647 q_max=1.000 q_above_half=926 marked=0.270 mark_density=0.912 exp_mean=1395.2 addr_spec=4.418 addr_random=0.560 addr_full=0.2138 correct=247
  mpx-70 cover: trials=3120000 overall=0.9848 a0_nochange=0.9953 a0_change=1.0000 a1_nochange=0.9437 a1_change=1.0000 matched_but_wrong=0
  mpx-70 acc: trials=3120000 accuracy=1.0000
  mpx-70 traj: trials=3180000 wall=1768s knowledge=0.9834 reliable=273 spec=7.01 pop=1189
  mpx-70 diag: trials=3180000 micro=3758 pop_spec=6.59 spec_max=23 q_mean=0.651 q_max=1.000 q_above_half=812 marked=0.247 mark_density=0.910 exp_mean=1577.9 addr_spec=4.432 addr_random=0.565 addr_full=0.2229 correct=247
  mpx-70 cover: trials=3180000 overall=0.9834 a0_nochange=0.9959 a0_change=1.0000 a1_nochange=0.9378 a1_change=1.0000 matched_but_wrong=0
  mpx-70 acc: trials=3180000 accuracy=1.0000
  mpx-70 traj: trials=3240000 wall=1777s knowledge=0.9822 reliable=271 spec=7.01 pop=1256
  mpx-70 diag: trials=3240000 micro=3828 pop_spec=6.60 spec_max=23 q_mean=0.648 q_max=1.000 q_above_half=864 marked=0.283 mark_density=0.909 exp_mean=1540.9 addr_spec=4.409 addr_random=0.566 addr_full=0.2182 correct=248
  mpx-70 cover: trials=3240000 overall=0.9822 a0_nochange=0.9959 a0_change=1.0000 a1_nochange=0.9329 a1_change=1.0000 matched_but_wrong=0
  mpx-70 acc: trials=3240000 accuracy=1.0000
  mpx-70 traj: trials=3300000 wall=1786s knowledge=0.9798 reliable=272 spec=7.01 pop=1244
  mpx-70 diag: trials=3300000 micro=3767 pop_spec=6.60 spec_max=23 q_mean=0.648 q_max=1.000 q_above_half=851 marked=0.298 mark_density=0.910 exp_mean=1599.0 addr_spec=4.490 addr_random=0.565 addr_full=0.2130 correct=246
  mpx-70 cover: trials=3300000 overall=0.9798 a0_nochange=0.9836 a0_change=1.0000 a1_nochange=0.9358 a1_change=1.0000 matched_but_wrong=0
  mpx-70 acc: trials=3300000 accuracy=1.0000
  mpx-70 traj: trials=3360000 wall=1795s knowledge=0.9829 reliable=268 spec=7.00 pop=1203
  mpx-70 diag: trials=3360000 micro=3761 pop_spec=6.59 spec_max=23 q_mean=0.649 q_max=1.000 q_above_half=840 marked=0.290 mark_density=0.910 exp_mean=1701.6 addr_spec=4.510 addr_random=0.565 addr_full=0.2336 correct=247
  mpx-70 cover: trials=3360000 overall=0.9829 a0_nochange=1.0000 a0_change=1.0000 a1_nochange=0.9314 a1_change=1.0000 matched_but_wrong=0
  mpx-70 acc: trials=3360000 accuracy=1.0000
  mpx-70 traj: trials=3420000 wall=1804s knowledge=0.9838 reliable=272 spec=7.00 pop=1204
  mpx-70 diag: trials=3420000 micro=3730 pop_spec=6.58 spec_max=23 q_mean=0.648 q_max=1.000 q_above_half=840 marked=0.270 mark_density=0.910 exp_mean=1749.5 addr_spec=4.443 addr_random=0.564 addr_full=0.2342 correct=246
  mpx-70 cover: trials=3420000 overall=0.9838 a0_nochange=0.9912 a0_change=1.0000 a1_nochange=0.9438 a1_change=1.0000 matched_but_wrong=0
  mpx-70 acc: trials=3420000 accuracy=1.0000
  mpx-70 traj: trials=3480000 wall=1813s knowledge=0.9836 reliable=268 spec=7.00 pop=1178
  mpx-70 diag: trials=3480000 micro=3738 pop_spec=6.54 spec_max=23 q_mean=0.650 q_max=1.000 q_above_half=835 marked=0.293 mark_density=0.912 exp_mean=1837.5 addr_spec=4.354 addr_random=0.561 addr_full=0.2224 correct=247
  mpx-70 cover: trials=3480000 overall=0.9836 a0_nochange=0.9912 a0_change=1.0000 a1_nochange=0.9431 a1_change=1.0000 matched_but_wrong=0
  mpx-70 acc: trials=3480000 accuracy=1.0000
  mpx-70 traj: trials=3540000 wall=1822s knowledge=0.9860 reliable=270 spec=7.01 pop=1230
  mpx-70 diag: trials=3540000 micro=3823 pop_spec=6.52 spec_max=23 q_mean=0.647 q_max=1.000 q_above_half=869 marked=0.311 mark_density=0.911 exp_mean=1806.7 addr_spec=4.445 addr_random=0.559 addr_full=0.2211 correct=248
  mpx-70 cover: trials=3540000 overall=0.9860 a0_nochange=0.9912 a0_change=1.0000 a1_nochange=0.9529 a1_change=1.0000 matched_but_wrong=0
  mpx-70 acc: trials=3540000 accuracy=1.0000
  mpx-70 traj: trials=3600000 wall=1831s knowledge=0.9851 reliable=273 spec=7.00 pop=1292
  mpx-70 diag: trials=3600000 micro=3867 pop_spec=6.57 spec_max=23 q_mean=0.647 q_max=1.000 q_above_half=888 marked=0.279 mark_density=0.909 exp_mean=1759.4 addr_spec=4.398 addr_random=0.563 addr_full=0.2113 correct=248
  mpx-70 cover: trials=3600000 overall=0.9851 a0_nochange=0.9920 a0_change=1.0000 a1_nochange=0.9482 a1_change=1.0000 matched_but_wrong=0
  mpx-70 acc: trials=3600000 accuracy=1.0000
  mpx-70 traj: trials=3660000 wall=1840s knowledge=0.9839 reliable=258 spec=7.00 pop=1315
  mpx-70 diag: trials=3660000 micro=3882 pop_spec=6.53 spec_max=23 q_mean=0.643 q_max=1.000 q_above_half=918 marked=0.287 mark_density=0.910 exp_mean=1772.3 addr_spec=4.381 addr_random=0.560 addr_full=0.2122 correct=249
  mpx-70 cover: trials=3660000 overall=0.9839 a0_nochange=0.9833 a0_change=1.0000 a1_nochange=0.9525 a1_change=1.0000 matched_but_wrong=0
  mpx-70 acc: trials=3660000 accuracy=1.0000
  mpx-70 traj: trials=3720000 wall=1849s knowledge=0.9856 reliable=267 spec=7.00 pop=1206
  mpx-70 diag: trials=3720000 micro=3732 pop_spec=6.52 spec_max=23 q_mean=0.648 q_max=1.000 q_above_half=859 marked=0.297 mark_density=0.911 exp_mean=1976.6 addr_spec=4.420 addr_random=0.558 addr_full=0.2280 correct=248
  mpx-70 cover: trials=3720000 overall=0.9856 a0_nochange=0.9941 a0_change=1.0000 a1_nochange=0.9482 a1_change=1.0000 matched_but_wrong=0
  mpx-70 acc: trials=3720000 accuracy=1.0000
  mpx-70 traj: trials=3780000 wall=1858s knowledge=0.9887 reliable=275 spec=7.00 pop=1220
  mpx-70 diag: trials=3780000 micro=3778 pop_spec=6.55 spec_max=23 q_mean=0.651 q_max=1.000 q_above_half=869 marked=0.288 mark_density=0.910 exp_mean=2003.2 addr_spec=4.388 addr_random=0.562 addr_full=0.2221 correct=249
  mpx-70 cover: trials=3780000 overall=0.9887 a0_nochange=1.0000 a0_change=1.0000 a1_nochange=0.9548 a1_change=1.0000 matched_but_wrong=0
  mpx-70 acc: trials=3780000 accuracy=1.0000
  mpx-70 traj: trials=3840000 wall=1867s knowledge=0.9895 reliable=267 spec=7.00 pop=1319
  mpx-70 diag: trials=3840000 micro=3854 pop_spec=6.53 spec_max=23 q_mean=0.646 q_max=1.000 q_above_half=943 marked=0.296 mark_density=0.911 exp_mean=1897.7 addr_spec=4.428 addr_random=0.559 addr_full=0.2176 correct=249
  mpx-70 cover: trials=3840000 overall=0.9895 a0_nochange=1.0000 a0_change=1.0000 a1_nochange=0.9580 a1_change=1.0000 matched_but_wrong=0
  mpx-70 acc: trials=3840000 accuracy=1.0000
  mpx-70 traj: trials=3900000 wall=1876s knowledge=0.9888 reliable=275 spec=7.00 pop=1245
  mpx-70 diag: trials=3900000 micro=3779 pop_spec=6.47 spec_max=23 q_mean=0.649 q_max=1.000 q_above_half=858 marked=0.286 mark_density=0.911 exp_mean=2058.5 addr_spec=4.341 addr_random=0.555 addr_full=0.2161 correct=250
  mpx-70 cover: trials=3900000 overall=0.9888 a0_nochange=1.0000 a0_change=1.0000 a1_nochange=0.9552 a1_change=1.0000 matched_but_wrong=34
  mpx-70 acc: trials=3900000 accuracy=1.0000
  mpx-70 traj: trials=3960000 wall=1885s knowledge=0.9913 reliable=275 spec=7.00 pop=1234
  mpx-70 diag: trials=3960000 micro=3779 pop_spec=6.53 spec_max=23 q_mean=0.654 q_max=1.000 q_above_half=902 marked=0.280 mark_density=0.910 exp_mean=2124.4 addr_spec=4.434 addr_random=0.560 addr_full=0.2261 correct=250
  mpx-70 cover: trials=3960000 overall=0.9913 a0_nochange=1.0000 a0_change=1.0000 a1_nochange=0.9653 a1_change=1.0000 matched_but_wrong=0
  mpx-70 acc: trials=3960000 accuracy=1.0000
  mpx-70 traj: trials=4020000 wall=1894s knowledge=0.9911 reliable=267 spec=7.00 pop=1320
  mpx-70 diag: trials=4020000 micro=3864 pop_spec=6.55 spec_max=23 q_mean=0.642 q_max=1.000 q_above_half=931 marked=0.306 mark_density=0.910 exp_mean=2031.3 addr_spec=4.480 addr_random=0.562 addr_full=0.2121 correct=251
  mpx-70 cover: trials=4020000 overall=0.9911 a0_nochange=1.0000 a0_change=1.0000 a1_nochange=0.9645 a1_change=1.0000 matched_but_wrong=0
  mpx-70 acc: trials=4020000 accuracy=1.0000
  mpx-70 traj: trials=4080000 wall=1903s knowledge=0.9929 reliable=282 spec=7.00 pop=1253
  mpx-70 diag: trials=4080000 micro=3797 pop_spec=6.49 spec_max=23 q_mean=0.651 q_max=1.000 q_above_half=870 marked=0.277 mark_density=0.910 exp_mean=2188.1 addr_spec=4.448 addr_random=0.557 addr_full=0.2171 correct=251
  mpx-70 cover: trials=4080000 overall=0.9929 a0_nochange=1.0000 a0_change=1.0000 a1_nochange=0.9716 a1_change=1.0000 matched_but_wrong=0
  mpx-70 acc: trials=4080000 accuracy=1.0000
  mpx-70 traj: trials=4140000 wall=1913s knowledge=0.9919 reliable=273 spec=7.00 pop=1264
  mpx-70 diag: trials=4140000 micro=3786 pop_spec=6.55 spec_max=23 q_mean=0.650 q_max=1.000 q_above_half=891 marked=0.297 mark_density=0.909 exp_mean=2207.1 addr_spec=4.457 addr_random=0.561 addr_full=0.2199 correct=251
  mpx-70 cover: trials=4140000 overall=0.9919 a0_nochange=1.0000 a0_change=1.0000 a1_nochange=0.9676 a1_change=1.0000 matched_but_wrong=0
  mpx-70 acc: trials=4140000 accuracy=1.0000
  mpx-70 traj: trials=4200000 wall=1923s knowledge=0.9919 reliable=275 spec=7.00 pop=1254
  mpx-70 diag: trials=4200000 micro=3805 pop_spec=6.56 spec_max=23 q_mean=0.648 q_max=1.000 q_above_half=899 marked=0.278 mark_density=0.908 exp_mean=2271.5 addr_spec=4.431 addr_random=0.562 addr_full=0.2121 correct=251
  mpx-70 cover: trials=4200000 overall=0.9919 a0_nochange=1.0000 a0_change=1.0000 a1_nochange=0.9676 a1_change=1.0000 matched_but_wrong=0
  mpx-70 acc: trials=4200000 accuracy=1.0000
  mpx-70 traj: trials=4260000 wall=1932s knowledge=0.9918 reliable=266 spec=7.00 pop=1238
  mpx-70 diag: trials=4260000 micro=3808 pop_spec=6.53 spec_max=23 q_mean=0.649 q_max=1.000 q_above_half=885 marked=0.299 mark_density=0.910 exp_mean=2348.3 addr_spec=4.464 addr_random=0.559 addr_full=0.2286 correct=251
  mpx-70 cover: trials=4260000 overall=0.9918 a0_nochange=1.0000 a0_change=1.0000 a1_nochange=0.9671 a1_change=1.0000 matched_but_wrong=0
  mpx-70 acc: trials=4260000 accuracy=1.0000
  mpx-70 traj: trials=4320000 wall=1942s knowledge=0.9928 reliable=272 spec=7.00 pop=1307
  mpx-70 diag: trials=4320000 micro=3847 pop_spec=6.53 spec_max=23 q_mean=0.644 q_max=1.000 q_above_half=912 marked=0.282 mark_density=0.909 exp_mean=2271.1 addr_spec=4.407 addr_random=0.559 addr_full=0.2226 correct=252
  mpx-70 cover: trials=4320000 overall=0.9928 a0_nochange=1.0000 a0_change=1.0000 a1_nochange=0.9712 a1_change=1.0000 matched_but_wrong=0
  mpx-70 acc: trials=4320000 accuracy=1.0000
  mpx-70 traj: trials=4380000 wall=1952s knowledge=0.9928 reliable=272 spec=7.00 pop=1267
  mpx-70 diag: trials=4380000 micro=3853 pop_spec=6.44 spec_max=23 q_mean=0.644 q_max=1.000 q_above_half=878 marked=0.273 mark_density=0.911 exp_mean=2388.9 addr_spec=4.376 addr_random=0.552 addr_full=0.2131 correct=252
  mpx-70 cover: trials=4380000 overall=0.9928 a0_nochange=1.0000 a0_change=1.0000 a1_nochange=0.9712 a1_change=1.0000 matched_but_wrong=0
  mpx-70 acc: trials=4380000 accuracy=1.0000
  mpx-70 traj: trials=4440000 wall=1961s knowledge=0.9943 reliable=278 spec=7.00 pop=1208
  mpx-70 diag: trials=4440000 micro=3815 pop_spec=6.50 spec_max=23 q_mean=0.656 q_max=1.000 q_above_half=862 marked=0.307 mark_density=0.910 exp_mean=2555.0 addr_spec=4.443 addr_random=0.558 addr_full=0.2343 correct=252
  mpx-70 cover: trials=4440000 overall=0.9943 a0_nochange=1.0000 a0_change=1.0000 a1_nochange=0.9771 a1_change=1.0000 matched_but_wrong=0
  mpx-70 acc: trials=4440000 accuracy=1.0000
  mpx-70 traj: trials=4500000 wall=1970s knowledge=0.9949 reliable=278 spec=7.00 pop=1287
  mpx-70 diag: trials=4500000 micro=3850 pop_spec=6.43 spec_max=23 q_mean=0.650 q_max=1.000 q_above_half=922 marked=0.282 mark_density=0.912 exp_mean=2445.1 addr_spec=4.385 addr_random=0.551 addr_full=0.2183 correct=252
  mpx-70 cover: trials=4500000 overall=0.9949 a0_nochange=1.0000 a0_change=1.0000 a1_nochange=0.9797 a1_change=1.0000 matched_but_wrong=0
  mpx-70 acc: trials=4500000 accuracy=1.0000
  mpx-70 traj: trials=4560000 wall=1980s knowledge=0.9943 reliable=270 spec=7.00 pop=1268
  mpx-70 diag: trials=4560000 micro=3873 pop_spec=6.51 spec_max=23 q_mean=0.648 q_max=1.000 q_above_half=887 marked=0.294 mark_density=0.909 exp_mean=2528.1 addr_spec=4.405 addr_random=0.558 addr_full=0.2232 correct=253
  mpx-70 cover: trials=4560000 overall=0.9943 a0_nochange=1.0000 a0_change=1.0000 a1_nochange=0.9774 a1_change=1.0000 matched_but_wrong=0
  mpx-70 acc: trials=4560000 accuracy=1.0000
  mpx-70 traj: trials=4620000 wall=1990s knowledge=0.9937 reliable=276 spec=7.00 pop=1255
  mpx-70 diag: trials=4620000 micro=3827 pop_spec=6.48 spec_max=23 q_mean=0.647 q_max=1.000 q_above_half=853 marked=0.292 mark_density=0.911 exp_mean=2601.6 addr_spec=4.511 addr_random=0.556 addr_full=0.2279 correct=252
  mpx-70 cover: trials=4620000 overall=0.9937 a0_nochange=1.0000 a0_change=1.0000 a1_nochange=0.9746 a1_change=1.0000 matched_but_wrong=0
  mpx-70 acc: trials=4620000 accuracy=1.0000
  mpx-70 traj: trials=4680000 wall=1999s knowledge=0.9937 reliable=273 spec=7.00 pop=1307
  mpx-70 diag: trials=4680000 micro=3907 pop_spec=6.41 spec_max=23 q_mean=0.638 q_max=1.000 q_above_half=911 marked=0.301 mark_density=0.913 exp_mean=2544.1 addr_spec=4.440 addr_random=0.550 addr_full=0.2142 correct=252
  mpx-70 cover: trials=4680000 overall=0.9937 a0_nochange=1.0000 a0_change=1.0000 a1_nochange=0.9746 a1_change=1.0000 matched_but_wrong=0
  mpx-70 acc: trials=4680000 accuracy=1.0000
  mpx-70 traj: trials=4740000 wall=2009s knowledge=0.9949 reliable=273 spec=7.00 pop=1292
  mpx-70 diag: trials=4740000 micro=3858 pop_spec=6.47 spec_max=23 q_mean=0.641 q_max=1.000 q_above_half=888 marked=0.310 mark_density=0.912 exp_mean=2619.5 addr_spec=4.433 addr_random=0.554 addr_full=0.2221 correct=253
  mpx-70 cover: trials=4740000 overall=0.9949 a0_nochange=1.0000 a0_change=1.0000 a1_nochange=0.9795 a1_change=1.0000 matched_but_wrong=0
  mpx-70 acc: trials=4740000 accuracy=1.0000
  mpx-70 traj: trials=4800000 wall=2018s knowledge=0.9973 reliable=277 spec=7.00 pop=1249
  mpx-70 diag: trials=4800000 micro=3825 pop_spec=6.41 spec_max=23 q_mean=0.642 q_max=1.000 q_above_half=840 marked=0.283 mark_density=0.911 exp_mean=2757.9 addr_spec=4.416 addr_random=0.549 addr_full=0.2210 correct=254
  mpx-70 cover: trials=4800000 overall=0.9973 a0_nochange=1.0000 a0_change=1.0000 a1_nochange=0.9891 a1_change=1.0000 matched_but_wrong=0
  mpx-70 acc: trials=4800000 accuracy=1.0000
  mpx-70 traj: trials=4860000 wall=2028s knowledge=0.9953 reliable=265 spec=7.00 pop=1231
  mpx-70 diag: trials=4860000 micro=3843 pop_spec=6.42 spec_max=23 q_mean=0.645 q_max=1.000 q_above_half=873 marked=0.268 mark_density=0.912 exp_mean=2846.0 addr_spec=4.424 addr_random=0.550 addr_full=0.2266 correct=253
  mpx-70 cover: trials=4860000 overall=0.9953 a0_nochange=1.0000 a0_change=1.0000 a1_nochange=0.9814 a1_change=1.0000 matched_but_wrong=0
  mpx-70 acc: trials=4860000 accuracy=1.0000
  mpx-70 traj: trials=4920000 wall=2037s knowledge=0.9956 reliable=274 spec=7.01 pop=1227
  mpx-70 diag: trials=4920000 micro=3842 pop_spec=6.51 spec_max=23 q_mean=0.648 q_max=1.000 q_above_half=838 marked=0.286 mark_density=0.911 exp_mean=2903.9 addr_spec=4.493 addr_random=0.558 addr_full=0.2258 correct=253
  mpx-70 cover: trials=4920000 overall=0.9956 a0_nochange=1.0000 a0_change=1.0000 a1_nochange=0.9822 a1_change=1.0000 matched_but_wrong=0
  mpx-70 acc: trials=4920000 accuracy=1.0000
  mpx-70 traj: trials=4980000 wall=2046s knowledge=0.9973 reliable=278 spec=7.01 pop=1282
  mpx-70 diag: trials=4980000 micro=3891 pop_spec=6.48 spec_max=23 q_mean=0.647 q_max=1.000 q_above_half=901 marked=0.299 mark_density=0.911 exp_mean=2826.7 addr_spec=4.463 addr_random=0.556 addr_full=0.2137 correct=254
  mpx-70 cover: trials=4980000 overall=0.9973 a0_nochange=1.0000 a0_change=1.0000 a1_nochange=0.9893 a1_change=1.0000 matched_but_wrong=0
  mpx-70 acc: trials=4980000 accuracy=1.0000
  mpx-70 traj: trials=5040000 wall=2056s knowledge=0.9973 reliable=272 spec=7.00 pop=1210
  mpx-70 diag: trials=5040000 micro=3844 pop_spec=6.46 spec_max=23 q_mean=0.650 q_max=1.000 q_above_half=866 marked=0.281 mark_density=0.912 exp_mean=3044.0 addr_spec=4.563 addr_random=0.553 addr_full=0.2331 correct=254
  mpx-70 cover: trials=5040000 overall=0.9973 a0_nochange=1.0000 a0_change=1.0000 a1_nochange=0.9893 a1_change=1.0000 matched_but_wrong=0
  mpx-70 acc: trials=5040000 accuracy=1.0000
  mpx-70 traj: trials=5100000 wall=2065s knowledge=0.9974 reliable=271 spec=7.00 pop=1267
  mpx-70 diag: trials=5100000 micro=3822 pop_spec=6.43 spec_max=23 q_mean=0.645 q_max=1.000 q_above_half=874 marked=0.299 mark_density=0.913 exp_mean=2954.0 addr_spec=4.416 addr_random=0.551 addr_full=0.2297 correct=253
  mpx-70 cover: trials=5100000 overall=0.9974 a0_nochange=1.0000 a0_change=1.0000 a1_nochange=0.9898 a1_change=1.0000 matched_but_wrong=0
  mpx-70 acc: trials=5100000 accuracy=1.0000
  mpx-70 traj: trials=5160000 wall=2074s knowledge=0.9948 reliable=266 spec=7.00 pop=1242
  mpx-70 diag: trials=5160000 micro=3840 pop_spec=6.46 spec_max=23 q_mean=0.645 q_max=1.000 q_above_half=868 marked=0.284 mark_density=0.913 exp_mean=3061.2 addr_spec=4.506 addr_random=0.554 addr_full=0.2230 correct=252
  mpx-70 cover: trials=5160000 overall=0.9948 a0_nochange=1.0000 a0_change=1.0000 a1_nochange=0.9792 a1_change=1.0000 matched_but_wrong=0
  mpx-70 acc: trials=5160000 accuracy=1.0000
  mpx-70 traj: trials=5220000 wall=2083s knowledge=0.9937 reliable=274 spec=7.00 pop=1253
  mpx-70 diag: trials=5220000 micro=3833 pop_spec=6.41 spec_max=23 q_mean=0.651 q_max=1.000 q_above_half=882 marked=0.267 mark_density=0.914 exp_mean=3082.4 addr_spec=4.410 addr_random=0.550 addr_full=0.2306 correct=253
  mpx-70 cover: trials=5220000 overall=0.9937 a0_nochange=1.0000 a0_change=1.0000 a1_nochange=0.9748 a1_change=1.0000 matched_but_wrong=0
  mpx-70 acc: trials=5220000 accuracy=1.0000
  mpx-70 traj: trials=5280000 wall=2092s knowledge=0.9980 reliable=278 spec=7.00 pop=1230
  mpx-70 diag: trials=5280000 micro=3807 pop_spec=6.47 spec_max=23 q_mean=0.650 q_max=1.000 q_above_half=849 marked=0.269 mark_density=0.912 exp_mean=3188.6 addr_spec=4.443 addr_random=0.555 addr_full=0.2276 correct=254
  mpx-70 cover: trials=5280000 overall=0.9980 a0_nochange=1.0000 a0_change=1.0000 a1_nochange=0.9921 a1_change=1.0000 matched_but_wrong=0
  mpx-70 acc: trials=5280000 accuracy=1.0000
  mpx-70 traj: trials=5340000 wall=2101s knowledge=0.9970 reliable=274 spec=7.00 pop=1254
  mpx-70 diag: trials=5340000 micro=3781 pop_spec=6.47 spec_max=23 q_mean=0.646 q_max=1.000 q_above_half=880 marked=0.292 mark_density=0.911 exp_mean=3170.1 addr_spec=4.447 addr_random=0.554 addr_full=0.2233 correct=254
  mpx-70 cover: trials=5340000 overall=0.9970 a0_nochange=1.0000 a0_change=1.0000 a1_nochange=0.9880 a1_change=1.0000 matched_but_wrong=0
  mpx-70 acc: trials=5340000 accuracy=1.0000
  mpx-70 traj: trials=5400000 wall=2110s knowledge=0.9951 reliable=276 spec=7.00 pop=1257
  mpx-70 diag: trials=5400000 micro=3819 pop_spec=6.40 spec_max=23 q_mean=0.645 q_max=1.000 q_above_half=868 marked=0.283 mark_density=0.911 exp_mean=3209.9 addr_spec=4.389 addr_random=0.549 addr_full=0.2180 correct=254
  mpx-70 cover: trials=5400000 overall=0.9951 a0_nochange=1.0000 a0_change=1.0000 a1_nochange=0.9802 a1_change=1.0000 matched_but_wrong=0
  mpx-70 acc: trials=5400000 accuracy=1.0000
  mpx-70 traj: trials=5460000 wall=2119s knowledge=0.9951 reliable=267 spec=7.00 pop=1284
  mpx-70 diag: trials=5460000 micro=3865 pop_spec=6.41 spec_max=23 q_mean=0.644 q_max=1.000 q_above_half=874 marked=0.312 mark_density=0.912 exp_mean=3189.4 addr_spec=4.495 addr_random=0.549 addr_full=0.2142 correct=254
  mpx-70 cover: trials=5460000 overall=0.9951 a0_nochange=1.0000 a0_change=1.0000 a1_nochange=0.9802 a1_change=1.0000 matched_but_wrong=0
  mpx-70 acc: trials=5460000 accuracy=1.0000
  mpx-70 traj: trials=5520000 wall=2128s knowledge=0.9990 reliable=268 spec=7.00 pop=1270
  mpx-70 diag: trials=5520000 micro=3885 pop_spec=6.49 spec_max=23 q_mean=0.646 q_max=1.000 q_above_half=910 marked=0.305 mark_density=0.910 exp_mean=3271.4 addr_spec=4.511 addr_random=0.556 addr_full=0.2315 correct=255
  mpx-70 cover: trials=5520000 overall=0.9990 a0_nochange=1.0000 a0_change=1.0000 a1_nochange=0.9962 a1_change=1.0000 matched_but_wrong=0
  mpx-70 acc: trials=5520000 accuracy=1.0000
  mpx-70 traj: trials=5580000 wall=2137s knowledge=0.9990 reliable=275 spec=7.00 pop=1239
  mpx-70 diag: trials=5580000 micro=3822 pop_spec=6.49 spec_max=23 q_mean=0.652 q_max=1.000 q_above_half=887 marked=0.270 mark_density=0.911 exp_mean=3401.9 addr_spec=4.435 addr_random=0.556 addr_full=0.2187 correct=255
  mpx-70 cover: trials=5580000 overall=0.9990 a0_nochange=1.0000 a0_change=1.0000 a1_nochange=0.9962 a1_change=1.0000 matched_but_wrong=0
  mpx-70 acc: trials=5580000 accuracy=1.0000
  mpx-70 traj: trials=5640000 wall=2146s knowledge=0.9979 reliable=278 spec=7.00 pop=1265
  mpx-70 diag: trials=5640000 micro=3869 pop_spec=6.47 spec_max=23 q_mean=0.645 q_max=1.000 q_above_half=863 marked=0.284 mark_density=0.909 exp_mean=3373.9 addr_spec=4.485 addr_random=0.555 addr_full=0.2253 correct=255
  mpx-70 cover: trials=5640000 overall=0.9979 a0_nochange=1.0000 a0_change=1.0000 a1_nochange=0.9915 a1_change=1.0000 matched_but_wrong=0
  mpx-70 acc: trials=5640000 accuracy=1.0000
  mpx-70 traj: trials=5700000 wall=2155s knowledge=0.9979 reliable=273 spec=7.00 pop=1219
  mpx-70 diag: trials=5700000 micro=3799 pop_spec=6.41 spec_max=23 q_mean=0.655 q_max=1.000 q_above_half=882 marked=0.276 mark_density=0.912 exp_mean=3550.7 addr_spec=4.456 addr_random=0.550 addr_full=0.2313 correct=255
  mpx-70 cover: trials=5700000 overall=0.9979 a0_nochange=1.0000 a0_change=1.0000 a1_nochange=0.9915 a1_change=1.0000 matched_but_wrong=0
  mpx-70 acc: trials=5700000 accuracy=1.0000
  mpx-70 traj: trials=5760000 wall=2163s knowledge=0.9990 reliable=270 spec=7.00 pop=1224
  mpx-70 diag: trials=5760000 micro=3840 pop_spec=6.45 spec_max=23 q_mean=0.644 q_max=1.000 q_above_half=839 marked=0.322 mark_density=0.912 exp_mean=3584.9 addr_spec=4.498 addr_random=0.553 addr_full=0.2345 correct=255
  mpx-70 cover: trials=5760000 overall=0.9990 a0_nochange=1.0000 a0_change=1.0000 a1_nochange=0.9959 a1_change=1.0000 matched_but_wrong=0
  mpx-70 acc: trials=5760000 accuracy=1.0000
  mpx-70 traj: trials=5820000 wall=2172s knowledge=0.9990 reliable=275 spec=7.00 pop=1216
  mpx-70 diag: trials=5820000 micro=3799 pop_spec=6.41 spec_max=23 q_mean=0.653 q_max=1.000 q_above_half=831 marked=0.271 mark_density=0.912 exp_mean=3658.5 addr_spec=4.493 addr_random=0.550 addr_full=0.2229 correct=255
  mpx-70 cover: trials=5820000 overall=0.9990 a0_nochange=1.0000 a0_change=1.0000 a1_nochange=0.9959 a1_change=1.0000 matched_but_wrong=0
  mpx-70 acc: trials=5820000 accuracy=1.0000
  mpx-70 traj: trials=5880000 wall=2181s knowledge=0.9961 reliable=273 spec=7.00 pop=1273
  mpx-70 diag: trials=5880000 micro=3862 pop_spec=6.41 spec_max=23 q_mean=0.640 q_max=1.000 q_above_half=850 marked=0.278 mark_density=0.912 exp_mean=3539.9 addr_spec=4.460 addr_random=0.549 addr_full=0.2247 correct=255
  mpx-70 cover: trials=5880000 overall=0.9961 a0_nochange=1.0000 a0_change=1.0000 a1_nochange=0.9843 a1_change=1.0000 matched_but_wrong=0
  mpx-70 acc: trials=5880000 accuracy=1.0000
  mpx-70 traj: trials=5940000 wall=2190s knowledge=0.9961 reliable=279 spec=7.00 pop=1256
  mpx-70 diag: trials=5940000 micro=3798 pop_spec=6.38 spec_max=23 q_mean=0.649 q_max=1.000 q_above_half=913 marked=0.274 mark_density=0.912 exp_mean=3635.0 addr_spec=4.443 addr_random=0.547 addr_full=0.2237 correct=255
  mpx-70 cover: trials=5940000 overall=0.9961 a0_nochange=1.0000 a0_change=1.0000 a1_nochange=0.9843 a1_change=1.0000 matched_but_wrong=0
  mpx-70 acc: trials=5940000 accuracy=1.0000
  mpx-70 traj: trials=6000000 wall=2199s knowledge=0.9961 reliable=269 spec=7.00 pop=1212
  mpx-70 diag: trials=6000000 micro=3810 pop_spec=6.41 spec_max=23 q_mean=0.653 q_max=1.000 q_above_half=887 marked=0.259 mark_density=0.912 exp_mean=3815.7 addr_spec=4.415 addr_random=0.549 addr_full=0.2203 correct=255
  mpx-70 cover: trials=6000000 overall=0.9961 a0_nochange=1.0000 a0_change=1.0000 a1_nochange=0.9843 a1_change=1.0000 matched_but_wrong=0
  mpx-70 acc: trials=6000000 accuracy=1.0000
  mpx-70 traj: trials=6060000 wall=2208s knowledge=0.9961 reliable=275 spec=7.00 pop=1236
  mpx-70 diag: trials=6060000 micro=3855 pop_spec=6.42 spec_max=23 q_mean=0.650 q_max=1.000 q_above_half=859 marked=0.267 mark_density=0.912 exp_mean=3790.8 addr_spec=4.424 addr_random=0.550 addr_full=0.2257 correct=255
  mpx-70 cover: trials=6060000 overall=0.9961 a0_nochange=1.0000 a0_change=1.0000 a1_nochange=0.9843 a1_change=1.0000 matched_but_wrong=0
  mpx-70 acc: trials=6060000 accuracy=1.0000
  mpx-70 traj: trials=6120000 wall=2217s knowledge=0.9961 reliable=273 spec=7.00 pop=1286
  mpx-70 diag: trials=6120000 micro=3805 pop_spec=6.38 spec_max=23 q_mean=0.643 q_max=1.000 q_above_half=876 marked=0.313 mark_density=0.912 exp_mean=3689.7 addr_spec=4.414 addr_random=0.547 addr_full=0.2123 correct=255
  mpx-70 cover: trials=6120000 overall=0.9961 a0_nochange=1.0000 a0_change=1.0000 a1_nochange=0.9843 a1_change=1.0000 matched_but_wrong=0
  mpx-70 acc: trials=6120000 accuracy=1.0000
  mpx-70 traj: trials=6180000 wall=2225s knowledge=0.9961 reliable=276 spec=7.00 pop=1233
  mpx-70 diag: trials=6180000 micro=3857 pop_spec=6.38 spec_max=23 q_mean=0.648 q_max=1.000 q_above_half=861 marked=0.276 mark_density=0.913 exp_mean=3896.5 addr_spec=4.491 addr_random=0.547 addr_full=0.2295 correct=255
  mpx-70 cover: trials=6180000 overall=0.9961 a0_nochange=1.0000 a0_change=1.0000 a1_nochange=0.9843 a1_change=1.0000 matched_but_wrong=0
  mpx-70 acc: trials=6180000 accuracy=1.0000
  mpx-70 traj: trials=6240000 wall=2234s knowledge=0.9961 reliable=270 spec=7.00 pop=1202
  mpx-70 diag: trials=6240000 micro=3809 pop_spec=6.44 spec_max=23 q_mean=0.655 q_max=1.000 q_above_half=888 marked=0.265 mark_density=0.911 exp_mean=4046.3 addr_spec=4.577 addr_random=0.552 addr_full=0.2354 correct=255
  mpx-70 cover: trials=6240000 overall=0.9961 a0_nochange=1.0000 a0_change=1.0000 a1_nochange=0.9843 a1_change=1.0000 matched_but_wrong=0
  mpx-70 acc: trials=6240000 accuracy=1.0000
  mpx-70 traj: trials=6300000 wall=2243s knowledge=0.9961 reliable=264 spec=7.00 pop=1255
  mpx-70 diag: trials=6300000 micro=3814 pop_spec=6.40 spec_max=23 q_mean=0.646 q_max=1.000 q_above_half=866 marked=0.285 mark_density=0.912 exp_mean=3922.8 addr_spec=4.460 addr_random=0.548 addr_full=0.2367 correct=255
  mpx-70 cover: trials=6300000 overall=0.9961 a0_nochange=1.0000 a0_change=1.0000 a1_nochange=0.9843 a1_change=1.0000 matched_but_wrong=0
  mpx-70 acc: trials=6300000 accuracy=1.0000
  mpx-70 traj: trials=6360000 wall=2252s knowledge=0.9961 reliable=274 spec=7.00 pop=1241
  mpx-70 diag: trials=6360000 micro=3827 pop_spec=6.40 spec_max=23 q_mean=0.648 q_max=1.000 q_above_half=877 marked=0.280 mark_density=0.912 exp_mean=4015.8 addr_spec=4.495 addr_random=0.548 addr_full=0.2264 correct=255
  mpx-70 cover: trials=6360000 overall=0.9961 a0_nochange=1.0000 a0_change=1.0000 a1_nochange=0.9843 a1_change=1.0000 matched_but_wrong=0
  mpx-70 acc: trials=6360000 accuracy=1.0000
  mpx-70 traj: trials=6420000 wall=2261s knowledge=0.9961 reliable=282 spec=7.00 pop=1257
  mpx-70 diag: trials=6420000 micro=3822 pop_spec=6.44 spec_max=23 q_mean=0.649 q_max=1.000 q_above_half=867 marked=0.282 mark_density=0.913 exp_mean=4014.0 addr_spec=4.460 addr_random=0.552 addr_full=0.2243 correct=255
  mpx-70 cover: trials=6420000 overall=0.9961 a0_nochange=1.0000 a0_change=1.0000 a1_nochange=0.9843 a1_change=1.0000 matched_but_wrong=0
  mpx-70 acc: trials=6420000 accuracy=1.0000
  mpx-70 traj: trials=6480000 wall=2271s knowledge=0.9961 reliable=274 spec=7.00 pop=1256
  mpx-70 diag: trials=6480000 micro=3844 pop_spec=6.45 spec_max=23 q_mean=0.654 q_max=1.000 q_above_half=907 marked=0.284 mark_density=0.912 exp_mean=4063.2 addr_spec=4.469 addr_random=0.553 addr_full=0.2237 correct=255
  mpx-70 cover: trials=6480000 overall=0.9961 a0_nochange=1.0000 a0_change=1.0000 a1_nochange=0.9843 a1_change=1.0000 matched_but_wrong=0
  mpx-70 acc: trials=6480000 accuracy=1.0000
  mpx-70 traj: trials=6540000 wall=2280s knowledge=0.9961 reliable=273 spec=7.00 pop=1257
  mpx-70 diag: trials=6540000 micro=3821 pop_spec=6.39 spec_max=23 q_mean=0.646 q_max=1.000 q_above_half=875 marked=0.280 mark_density=0.913 exp_mean=4107.4 addr_spec=4.487 addr_random=0.547 addr_full=0.2339 correct=255
  mpx-70 cover: trials=6540000 overall=0.9961 a0_nochange=1.0000 a0_change=1.0000 a1_nochange=0.9843 a1_change=1.0000 matched_but_wrong=0
  mpx-70 acc: trials=6540000 accuracy=1.0000
  mpx-70 traj: trials=6600000 wall=2290s knowledge=0.9980 reliable=270 spec=7.00 pop=1224
  mpx-70 diag: trials=6600000 micro=3800 pop_spec=6.41 spec_max=23 q_mean=0.651 q_max=1.000 q_above_half=847 marked=0.300 mark_density=0.913 exp_mean=4267.3 addr_spec=4.487 addr_random=0.549 addr_full=0.2369 correct=255
  mpx-70 cover: trials=6600000 overall=0.9980 a0_nochange=1.0000 a0_change=1.0000 a1_nochange=0.9922 a1_change=1.0000 matched_but_wrong=0
  mpx-70 acc: trials=6600000 accuracy=1.0000
  mpx-70 traj: trials=6660000 wall=2299s knowledge=0.9980 reliable=276 spec=7.00 pop=1267
  mpx-70 diag: trials=6660000 micro=3880 pop_spec=6.39 spec_max=23 q_mean=0.648 q_max=1.000 q_above_half=895 marked=0.285 mark_density=0.913 exp_mean=4170.8 addr_spec=4.436 addr_random=0.548 addr_full=0.2249 correct=255
  mpx-70 cover: trials=6660000 overall=0.9980 a0_nochange=1.0000 a0_change=1.0000 a1_nochange=0.9922 a1_change=1.0000 matched_but_wrong=0
  mpx-70 acc: trials=6660000 accuracy=1.0000
  mpx-70 traj: trials=6720000 wall=2309s knowledge=0.9980 reliable=277 spec=7.00 pop=1316
  mpx-70 diag: trials=6720000 micro=3856 pop_spec=6.44 spec_max=23 q_mean=0.649 q_max=1.000 q_above_half=924 marked=0.302 mark_density=0.911 exp_mean=4061.3 addr_spec=4.499 addr_random=0.552 addr_full=0.2234 correct=255
  mpx-70 cover: trials=6720000 overall=0.9980 a0_nochange=1.0000 a0_change=1.0000 a1_nochange=0.9922 a1_change=1.0000 matched_but_wrong=0
  mpx-70 acc: trials=6720000 accuracy=1.0000
  mpx-70 traj: trials=6780000 wall=2318s knowledge=0.9980 reliable=273 spec=7.00 pop=1290
  mpx-70 diag: trials=6780000 micro=3859 pop_spec=6.39 spec_max=23 q_mean=0.638 q_max=1.000 q_above_half=874 marked=0.277 mark_density=0.913 exp_mean=4188.1 addr_spec=4.447 addr_random=0.548 addr_full=0.2132 correct=255
  mpx-70 cover: trials=6780000 overall=0.9980 a0_nochange=1.0000 a0_change=1.0000 a1_nochange=0.9922 a1_change=1.0000 matched_but_wrong=0
  mpx-70 acc: trials=6780000 accuracy=1.0000
  mpx-70 traj: trials=6840000 wall=2328s knowledge=0.9980 reliable=279 spec=7.00 pop=1235
  mpx-70 diag: trials=6840000 micro=3849 pop_spec=6.38 spec_max=23 q_mean=0.649 q_max=1.000 q_above_half=857 marked=0.273 mark_density=0.913 exp_mean=4424.0 addr_spec=4.459 addr_random=0.547 addr_full=0.2243 correct=255
  mpx-70 cover: trials=6840000 overall=0.9980 a0_nochange=1.0000 a0_change=1.0000 a1_nochange=0.9922 a1_change=1.0000 matched_but_wrong=0
  mpx-70 acc: trials=6840000 accuracy=1.0000
  mpx-70 traj: trials=6900000 wall=2337s knowledge=0.9973 reliable=268 spec=7.00 pop=1231
  mpx-70 diag: trials=6900000 micro=3822 pop_spec=6.34 spec_max=23 q_mean=0.645 q_max=1.000 q_above_half=859 marked=0.297 mark_density=0.915 exp_mean=4475.6 addr_spec=4.333 addr_random=0.543 addr_full=0.2218 correct=254
  mpx-70 cover: trials=6900000 overall=0.9973 a0_nochange=1.0000 a0_change=1.0000 a1_nochange=0.9894 a1_change=1.0000 matched_but_wrong=0
  mpx-70 acc: trials=6900000 accuracy=1.0000
  mpx-70 traj: trials=6960000 wall=2346s knowledge=0.9962 reliable=266 spec=7.00 pop=1283
  mpx-70 diag: trials=6960000 micro=3861 pop_spec=6.38 spec_max=23 q_mean=0.643 q_max=1.000 q_above_half=886 marked=0.265 mark_density=0.913 exp_mean=4340.8 addr_spec=4.445 addr_random=0.547 addr_full=0.2245 correct=254
  mpx-70 cover: trials=6960000 overall=0.9962 a0_nochange=1.0000 a0_change=1.0000 a1_nochange=0.9850 a1_change=1.0000 matched_but_wrong=0
  mpx-70 acc: trials=6960000 accuracy=1.0000
  mpx-70 traj: trials=7020000 wall=2356s knowledge=0.9991 reliable=278 spec=7.00 pop=1228
  mpx-70 diag: trials=7020000 micro=3838 pop_spec=6.36 spec_max=23 q_mean=0.652 q_max=1.000 q_above_half=869 marked=0.280 mark_density=0.914 exp_mean=4585.3 addr_spec=4.419 addr_random=0.545 addr_full=0.2337 correct=255
  mpx-70 cover: trials=7020000 overall=0.9991 a0_nochange=1.0000 a0_change=1.0000 a1_nochange=0.9965 a1_change=1.0000 matched_but_wrong=0
  mpx-70 acc: trials=7020000 accuracy=1.0000
  mpx-70 traj: trials=7080000 wall=2365s knowledge=0.9982 reliable=266 spec=7.00 pop=1265
  mpx-70 diag: trials=7080000 micro=3893 pop_spec=6.38 spec_max=23 q_mean=0.645 q_max=1.000 q_above_half=872 marked=0.292 mark_density=0.913 exp_mean=4497.8 addr_spec=4.459 addr_random=0.547 addr_full=0.2269 correct=255
  mpx-70 cover: trials=7080000 overall=0.9982 a0_nochange=1.0000 a0_change=1.0000 a1_nochange=0.9928 a1_change=1.0000 matched_but_wrong=0
  mpx-70 acc: trials=7080000 accuracy=1.0000
  mpx-70 traj: trials=7140000 wall=2375s knowledge=0.9982 reliable=274 spec=7.00 pop=1263
  mpx-70 diag: trials=7140000 micro=3903 pop_spec=6.40 spec_max=23 q_mean=0.643 q_max=1.000 q_above_half=851 marked=0.300 mark_density=0.913 exp_mean=4552.9 addr_spec=4.457 addr_random=0.549 addr_full=0.2217 correct=255
  mpx-70 cover: trials=7140000 overall=0.9982 a0_nochange=1.0000 a0_change=1.0000 a1_nochange=0.9928 a1_change=1.0000 matched_but_wrong=0
  mpx-70 acc: trials=7140000 accuracy=1.0000
  mpx-70 traj: trials=7200000 wall=2384s knowledge=0.9982 reliable=276 spec=7.00 pop=1299
  mpx-70 diag: trials=7200000 micro=3885 pop_spec=6.38 spec_max=23 q_mean=0.643 q_max=1.000 q_above_half=903 marked=0.291 mark_density=0.913 exp_mean=4472.3 addr_spec=4.497 addr_random=0.547 addr_full=0.2194 correct=254
  mpx-70 cover: trials=7200000 overall=0.9982 a0_nochange=1.0000 a0_change=1.0000 a1_nochange=0.9926 a1_change=1.0000 matched_but_wrong=0
  mpx-70 acc: trials=7200000 accuracy=1.0000
  mpx-70 traj: trials=7260000 wall=2394s knowledge=0.9962 reliable=270 spec=7.00 pop=1229
  mpx-70 diag: trials=7260000 micro=3775 pop_spec=6.34 spec_max=23 q_mean=0.647 q_max=1.000 q_above_half=853 marked=0.295 mark_density=0.914 exp_mean=4775.2 addr_spec=4.419 addr_random=0.544 addr_full=0.2254 correct=255
  mpx-70 cover: trials=7260000 overall=0.9962 a0_nochange=1.0000 a0_change=1.0000 a1_nochange=0.9850 a1_change=1.0000 matched_but_wrong=0
  mpx-70 acc: trials=7260000 accuracy=1.0000
  mpx-70 traj: trials=7320000 wall=2403s knowledge=0.9971 reliable=275 spec=7.00 pop=1250
  mpx-70 diag: trials=7320000 micro=3852 pop_spec=6.38 spec_max=23 q_mean=0.649 q_max=1.000 q_above_half=907 marked=0.278 mark_density=0.913 exp_mean=4743.2 addr_spec=4.529 addr_random=0.547 addr_full=0.2272 correct=254
  mpx-70 cover: trials=7320000 overall=0.9971 a0_nochange=1.0000 a0_change=1.0000 a1_nochange=0.9885 a1_change=1.0000 matched_but_wrong=0
  mpx-70 acc: trials=7320000 accuracy=1.0000
  mpx-70 traj: trials=7380000 wall=2413s knowledge=0.9981 reliable=277 spec=7.00 pop=1270
  mpx-70 diag: trials=7380000 micro=3847 pop_spec=6.42 spec_max=23 q_mean=0.649 q_max=1.000 q_above_half=885 marked=0.290 mark_density=0.913 exp_mean=4715.7 addr_spec=4.510 addr_random=0.551 addr_full=0.2244 correct=254
  mpx-70 cover: trials=7380000 overall=0.9981 a0_nochange=1.0000 a0_change=1.0000 a1_nochange=0.9924 a1_change=1.0000 matched_but_wrong=0
  mpx-70 acc: trials=7380000 accuracy=1.0000
  mpx-70 traj: trials=7440000 wall=2422s knowledge=0.9971 reliable=270 spec=7.00 pop=1281
  mpx-70 diag: trials=7440000 micro=3892 pop_spec=6.38 spec_max=23 q_mean=0.644 q_max=1.000 q_above_half=884 marked=0.284 mark_density=0.914 exp_mean=4721.3 addr_spec=4.464 addr_random=0.547 addr_full=0.2272 correct=255
  mpx-70 cover: trials=7440000 overall=0.9971 a0_nochange=1.0000 a0_change=1.0000 a1_nochange=0.9885 a1_change=1.0000 matched_but_wrong=0
  mpx-70 acc: trials=7440000 accuracy=1.0000
  mpx-70 traj: trials=7500000 wall=2431s knowledge=0.9991 reliable=278 spec=7.00 pop=1252
  mpx-70 diag: trials=7500000 micro=3837 pop_spec=6.36 spec_max=23 q_mean=0.648 q_max=1.000 q_above_half=856 marked=0.289 mark_density=0.915 exp_mean=4879.6 addr_spec=4.387 addr_random=0.545 addr_full=0.2204 correct=255
  mpx-70 cover: trials=7500000 overall=0.9991 a0_nochange=1.0000 a0_change=1.0000 a1_nochange=0.9963 a1_change=1.0000 matched_but_wrong=0
  mpx-70 acc: trials=7500000 accuracy=1.0000
  mpx-70 traj: trials=7560000 wall=2441s knowledge=0.9991 reliable=274 spec=7.00 pop=1315
  mpx-70 diag: trials=7560000 micro=3885 pop_spec=6.40 spec_max=23 q_mean=0.648 q_max=1.000 q_above_half=901 marked=0.302 mark_density=0.911 exp_mean=4691.5 addr_spec=4.504 addr_random=0.549 addr_full=0.2129 correct=255
  mpx-70 cover: trials=7560000 overall=0.9991 a0_nochange=1.0000 a0_change=1.0000 a1_nochange=0.9963 a1_change=1.0000 matched_but_wrong=0
  mpx-70 acc: trials=7560000 accuracy=1.0000
  mpx-70 traj: trials=7620000 wall=2450s knowledge=0.9991 reliable=276 spec=7.00 pop=1214
  mpx-70 diag: trials=7620000 micro=3810 pop_spec=6.38 spec_max=23 q_mean=0.649 q_max=1.000 q_above_half=845 marked=0.292 mark_density=0.912 exp_mean=5131.8 addr_spec=4.481 addr_random=0.547 addr_full=0.2356 correct=255
  mpx-70 cover: trials=7620000 overall=0.9991 a0_nochange=1.0000 a0_change=1.0000 a1_nochange=0.9963 a1_change=1.0000 matched_but_wrong=0
  mpx-70 acc: trials=7620000 accuracy=1.0000
  mpx-70 traj: trials=7680000 wall=2459s knowledge=0.9961 reliable=269 spec=7.00 pop=1255
  mpx-70 diag: trials=7680000 micro=3844 pop_spec=6.34 spec_max=23 q_mean=0.648 q_max=1.000 q_above_half=878 marked=0.271 mark_density=0.914 exp_mean=4996.0 addr_spec=4.423 addr_random=0.543 addr_full=0.2167 correct=254
  mpx-70 cover: trials=7680000 overall=0.9961 a0_nochange=1.0000 a0_change=1.0000 a1_nochange=0.9843 a1_change=1.0000 matched_but_wrong=0
  mpx-70 acc: trials=7680000 accuracy=1.0000
  mpx-70 traj: trials=7740000 wall=2468s knowledge=0.9961 reliable=280 spec=7.00 pop=1271
  mpx-70 diag: trials=7740000 micro=3805 pop_spec=6.38 spec_max=23 q_mean=0.649 q_max=1.000 q_above_half=880 marked=0.270 mark_density=0.913 exp_mean=4980.2 addr_spec=4.474 addr_random=0.547 addr_full=0.2203 correct=255
  mpx-70 cover: trials=7740000 overall=0.9961 a0_nochange=1.0000 a0_change=1.0000 a1_nochange=0.9843 a1_change=1.0000 matched_but_wrong=0
  mpx-70 acc: trials=7740000 accuracy=1.0000
  mpx-70 traj: trials=7800000 wall=2477s knowledge=0.9981 reliable=276 spec=7.00 pop=1284
  mpx-70 diag: trials=7800000 micro=3841 pop_spec=6.37 spec_max=23 q_mean=0.642 q_max=1.000 q_above_half=888 marked=0.255 mark_density=0.914 exp_mean=4976.5 addr_spec=4.449 addr_random=0.546 addr_full=0.2227 correct=255
  mpx-70 cover: trials=7800000 overall=0.9981 a0_nochange=1.0000 a0_change=1.0000 a1_nochange=0.9924 a1_change=1.0000 matched_but_wrong=0
  mpx-70 acc: trials=7800000 accuracy=1.0000
  mpx-70 traj: trials=7860000 wall=2485s knowledge=0.9991 reliable=271 spec=7.00 pop=1322
  mpx-70 diag: trials=7860000 micro=3866 pop_spec=6.35 spec_max=23 q_mean=0.641 q_max=1.000 q_above_half=919 marked=0.297 mark_density=0.914 exp_mean=4879.1 addr_spec=4.422 addr_random=0.544 addr_full=0.2201 correct=255
  mpx-70 cover: trials=7860000 overall=0.9991 a0_nochange=1.0000 a0_change=1.0000 a1_nochange=0.9963 a1_change=1.0000 matched_but_wrong=0
  mpx-70 acc: trials=7860000 accuracy=1.0000
  mpx-70 traj: trials=7920000 wall=2494s knowledge=0.9991 reliable=270 spec=7.00 pop=1240
  mpx-70 diag: trials=7920000 micro=3836 pop_spec=6.36 spec_max=23 q_mean=0.648 q_max=1.000 q_above_half=865 marked=0.274 mark_density=0.913 exp_mean=5249.6 addr_spec=4.419 addr_random=0.545 addr_full=0.2282 correct=255
  mpx-70 cover: trials=7920000 overall=0.9991 a0_nochange=1.0000 a0_change=1.0000 a1_nochange=0.9963 a1_change=1.0000 matched_but_wrong=0
  mpx-70 acc: trials=7920000 accuracy=1.0000
  mpx-70 traj: trials=7980000 wall=2503s knowledge=0.9991 reliable=282 spec=7.00 pop=1272
  mpx-70 diag: trials=7980000 micro=3813 pop_spec=6.39 spec_max=23 q_mean=0.653 q_max=1.000 q_above_half=910 marked=0.287 mark_density=0.913 exp_mean=5166.5 addr_spec=4.427 addr_random=0.548 addr_full=0.2123 correct=255
  mpx-70 cover: trials=7980000 overall=0.9991 a0_nochange=1.0000 a0_change=1.0000 a1_nochange=0.9963 a1_change=1.0000 matched_but_wrong=0
  mpx-70 acc: trials=7980000 accuracy=1.0000
  mpx-70 traj: trials=8040000 wall=2512s knowledge=0.9991 reliable=271 spec=7.00 pop=1249
  mpx-70 diag: trials=8040000 micro=3869 pop_spec=6.36 spec_max=23 q_mean=0.645 q_max=1.000 q_above_half=867 marked=0.282 mark_density=0.913 exp_mean=5308.0 addr_spec=4.512 addr_random=0.545 addr_full=0.2362 correct=255
  mpx-70 cover: trials=8040000 overall=0.9991 a0_nochange=1.0000 a0_change=1.0000 a1_nochange=0.9963 a1_change=1.0000 matched_but_wrong=0
  mpx-70 acc: trials=8040000 accuracy=1.0000
  mpx-70 traj: trials=8100000 wall=2521s knowledge=0.9961 reliable=270 spec=7.00 pop=1196
  mpx-70 diag: trials=8100000 micro=3808 pop_spec=6.37 spec_max=23 q_mean=0.651 q_max=1.000 q_above_half=831 marked=0.283 mark_density=0.913 exp_mean=5591.4 addr_spec=4.497 addr_random=0.546 addr_full=0.2349 correct=254
  mpx-70 cover: trials=8100000 overall=0.9961 a0_nochange=1.0000 a0_change=1.0000 a1_nochange=0.9843 a1_change=1.0000 matched_but_wrong=0
  mpx-70 acc: trials=8100000 accuracy=1.0000
  mpx-70 traj: trials=8160000 wall=2530s knowledge=0.9970 reliable=281 spec=7.00 pop=1264
  mpx-70 diag: trials=8160000 micro=3848 pop_spec=6.33 spec_max=23 q_mean=0.646 q_max=1.000 q_above_half=859 marked=0.296 mark_density=0.914 exp_mean=5339.0 addr_spec=4.384 addr_random=0.543 addr_full=0.2223 correct=254
  mpx-70 cover: trials=8160000 overall=0.9970 a0_nochange=1.0000 a0_change=1.0000 a1_nochange=0.9882 a1_change=1.0000 matched_but_wrong=0
  mpx-70 acc: trials=8160000 accuracy=1.0000
  mpx-70 traj: trials=8220000 wall=2539s knowledge=0.9970 reliable=272 spec=7.00 pop=1240
  mpx-70 diag: trials=8220000 micro=3782 pop_spec=6.40 spec_max=23 q_mean=0.653 q_max=1.000 q_above_half=872 marked=0.282 mark_density=0.912 exp_mean=5490.0 addr_spec=4.498 addr_random=0.548 addr_full=0.2226 correct=255
  mpx-70 cover: trials=8220000 overall=0.9970 a0_nochange=1.0000 a0_change=1.0000 a1_nochange=0.9882 a1_change=1.0000 matched_but_wrong=0
  mpx-70 acc: trials=8220000 accuracy=1.0000
  mpx-70 traj: trials=8280000 wall=2548s knowledge=0.9961 reliable=268 spec=7.00 pop=1166
  mpx-70 diag: trials=8280000 micro=3809 pop_spec=6.38 spec_max=23 q_mean=0.651 q_max=1.000 q_above_half=806 marked=0.283 mark_density=0.913 exp_mean=5889.0 addr_spec=4.473 addr_random=0.547 addr_full=0.2393 correct=254
  mpx-70 cover: trials=8280000 overall=0.9961 a0_nochange=1.0000 a0_change=1.0000 a1_nochange=0.9843 a1_change=1.0000 matched_but_wrong=0
  mpx-70 acc: trials=8280000 accuracy=1.0000
  mpx-70 traj: trials=8340000 wall=2557s knowledge=0.9981 reliable=282 spec=7.00 pop=1261
  mpx-70 diag: trials=8340000 micro=3802 pop_spec=6.34 spec_max=23 q_mean=0.649 q_max=1.000 q_above_half=898 marked=0.270 mark_density=0.914 exp_mean=5493.6 addr_spec=4.400 addr_random=0.543 addr_full=0.2252 correct=255
  mpx-70 cover: trials=8340000 overall=0.9981 a0_nochange=1.0000 a0_change=1.0000 a1_nochange=0.9924 a1_change=1.0000 matched_but_wrong=0
  mpx-70 acc: trials=8340000 accuracy=1.0000
  mpx-70 traj: trials=8400000 wall=2566s knowledge=0.9981 reliable=275 spec=7.00 pop=1234
  mpx-70 diag: trials=8400000 micro=3818 pop_spec=6.35 spec_max=23 q_mean=0.651 q_max=1.000 q_above_half=874 marked=0.261 mark_density=0.914 exp_mean=5662.3 addr_spec=4.460 addr_random=0.544 addr_full=0.2220 correct=255
  mpx-70 cover: trials=8400000 overall=0.9981 a0_nochange=1.0000 a0_change=1.0000 a1_nochange=0.9924 a1_change=1.0000 matched_but_wrong=0
  mpx-70 acc: trials=8400000 accuracy=1.0000
  mpx-70 traj: trials=8460000 wall=2574s knowledge=0.9970 reliable=272 spec=7.00 pop=1230
  mpx-70 diag: trials=8460000 micro=3829 pop_spec=6.38 spec_max=23 q_mean=0.650 q_max=1.000 q_above_half=857 marked=0.297 mark_density=0.912 exp_mean=5728.9 addr_spec=4.412 addr_random=0.547 addr_full=0.2325 correct=254
  mpx-70 cover: trials=8460000 overall=0.9970 a0_nochange=1.0000 a0_change=1.0000 a1_nochange=0.9882 a1_change=1.0000 matched_but_wrong=0
  mpx-70 acc: trials=8460000 accuracy=1.0000
  mpx-70 traj: trials=8520000 wall=2583s knowledge=0.9961 reliable=277 spec=7.00 pop=1266
  mpx-70 diag: trials=8520000 micro=3827 pop_spec=6.39 spec_max=23 q_mean=0.646 q_max=1.000 q_above_half=860 marked=0.288 mark_density=0.913 exp_mean=5614.0 addr_spec=4.475 addr_random=0.547 addr_full=0.2156 correct=254
  mpx-70 cover: trials=8520000 overall=0.9961 a0_nochange=1.0000 a0_change=1.0000 a1_nochange=0.9843 a1_change=1.0000 matched_but_wrong=0
  mpx-70 acc: trials=8520000 accuracy=1.0000
  mpx-70 traj: trials=8580000 wall=2592s knowledge=0.9961 reliable=276 spec=7.00 pop=1257
  mpx-70 diag: trials=8580000 micro=3818 pop_spec=6.38 spec_max=23 q_mean=0.650 q_max=1.000 q_above_half=867 marked=0.282 mark_density=0.913 exp_mean=5701.8 addr_spec=4.512 addr_random=0.547 addr_full=0.2275 correct=254
  mpx-70 cover: trials=8580000 overall=0.9961 a0_nochange=1.0000 a0_change=1.0000 a1_nochange=0.9843 a1_change=1.0000 matched_but_wrong=0
  mpx-70 acc: trials=8580000 accuracy=1.0000
  mpx-70 traj: trials=8640000 wall=2601s knowledge=0.9961 reliable=275 spec=7.00 pop=1263
  mpx-70 diag: trials=8640000 micro=3803 pop_spec=6.36 spec_max=23 q_mean=0.648 q_max=1.000 q_above_half=888 marked=0.281 mark_density=0.913 exp_mean=5722.0 addr_spec=4.419 addr_random=0.545 addr_full=0.2209 correct=254
  mpx-70 cover: trials=8640000 overall=0.9961 a0_nochange=1.0000 a0_change=1.0000 a1_nochange=0.9843 a1_change=1.0000 matched_but_wrong=0
  mpx-70 acc: trials=8640000 accuracy=1.0000
  mpx-70 traj: trials=8700000 wall=2610s knowledge=0.9961 reliable=275 spec=7.00 pop=1321
  mpx-70 diag: trials=8700000 micro=3882 pop_spec=6.38 spec_max=23 q_mean=0.645 q_max=1.000 q_above_half=911 marked=0.309 mark_density=0.913 exp_mean=5516.1 addr_spec=4.465 addr_random=0.547 addr_full=0.2120 correct=254
  mpx-70 cover: trials=8700000 overall=0.9961 a0_nochange=1.0000 a0_change=1.0000 a1_nochange=0.9843 a1_change=1.0000 matched_but_wrong=0
  mpx-70 acc: trials=8700000 accuracy=1.0000
  mpx-70 traj: trials=8760000 wall=2620s knowledge=0.9970 reliable=280 spec=7.00 pop=1242
  mpx-70 diag: trials=8760000 micro=3862 pop_spec=6.37 spec_max=23 q_mean=0.648 q_max=1.000 q_above_half=841 marked=0.286 mark_density=0.914 exp_mean=5915.3 addr_spec=4.548 addr_random=0.546 addr_full=0.2287 correct=254
  mpx-70 cover: trials=8760000 overall=0.9970 a0_nochange=1.0000 a0_change=1.0000 a1_nochange=0.9879 a1_change=1.0000 matched_but_wrong=0
  mpx-70 acc: trials=8760000 accuracy=1.0000
  mpx-70 traj: trials=8820000 wall=2629s knowledge=0.9961 reliable=270 spec=7.00 pop=1264
  mpx-70 diag: trials=8820000 micro=3825 pop_spec=6.42 spec_max=23 q_mean=0.649 q_max=1.000 q_above_half=895 marked=0.259 mark_density=0.913 exp_mean=5859.3 addr_spec=4.563 addr_random=0.550 addr_full=0.2199 correct=254
  mpx-70 cover: trials=8820000 overall=0.9961 a0_nochange=1.0000 a0_change=1.0000 a1_nochange=0.9843 a1_change=1.0000 matched_but_wrong=0
  mpx-70 acc: trials=8820000 accuracy=1.0000
  mpx-70 traj: trials=8880000 wall=2638s knowledge=0.9970 reliable=273 spec=7.00 pop=1229
  mpx-70 diag: trials=8880000 micro=3840 pop_spec=6.38 spec_max=23 q_mean=0.645 q_max=1.000 q_above_half=842 marked=0.279 mark_density=0.914 exp_mean=6074.9 addr_spec=4.498 addr_random=0.547 addr_full=0.2303 correct=254
  mpx-70 cover: trials=8880000 overall=0.9970 a0_nochange=1.0000 a0_change=1.0000 a1_nochange=0.9880 a1_change=1.0000 matched_but_wrong=0
  mpx-70 acc: trials=8880000 accuracy=1.0000
  mpx-70 traj: trials=8940000 wall=2647s knowledge=0.9961 reliable=271 spec=7.00 pop=1229
  mpx-70 diag: trials=8940000 micro=3805 pop_spec=6.41 spec_max=23 q_mean=0.651 q_max=1.000 q_above_half=847 marked=0.294 mark_density=0.912 exp_mean=6123.5 addr_spec=4.438 addr_random=0.550 addr_full=0.2270 correct=254
  mpx-70 cover: trials=8940000 overall=0.9961 a0_nochange=1.0000 a0_change=1.0000 a1_nochange=0.9843 a1_change=1.0000 matched_but_wrong=0
  mpx-70 acc: trials=8940000 accuracy=1.0000
  mpx-70 traj: trials=9000000 wall=2657s knowledge=0.9961 reliable=271 spec=7.00 pop=1280
  mpx-70 diag: trials=9000000 micro=3858 pop_spec=6.37 spec_max=23 q_mean=0.644 q_max=1.000 q_above_half=851 marked=0.287 mark_density=0.914 exp_mean=5926.3 addr_spec=4.468 addr_random=0.546 addr_full=0.2219 correct=254
  mpx-70 cover: trials=9000000 overall=0.9961 a0_nochange=1.0000 a0_change=1.0000 a1_nochange=0.9843 a1_change=1.0000 matched_but_wrong=0
  mpx-70 acc: trials=9000000 accuracy=1.0000
  mpx-70 traj: trials=9060000 wall=2666s knowledge=0.9961 reliable=269 spec=7.00 pop=1178
  mpx-70 diag: trials=9060000 micro=3768 pop_spec=6.37 spec_max=23 q_mean=0.655 q_max=1.000 q_above_half=840 marked=0.277 mark_density=0.914 exp_mean=6489.0 addr_spec=4.487 addr_random=0.546 addr_full=0.2470 correct=254
  mpx-70 cover: trials=9060000 overall=0.9961 a0_nochange=1.0000 a0_change=1.0000 a1_nochange=0.9843 a1_change=1.0000 matched_but_wrong=0
  mpx-70 acc: trials=9060000 accuracy=1.0000
  mpx-70 traj: trials=9120000 wall=2676s knowledge=0.9961 reliable=276 spec=7.00 pop=1203
  mpx-70 diag: trials=9120000 micro=3740 pop_spec=6.36 spec_max=23 q_mean=0.656 q_max=1.000 q_above_half=835 marked=0.283 mark_density=0.914 exp_mean=6405.2 addr_spec=4.441 addr_random=0.545 addr_full=0.2419 correct=254
  mpx-70 cover: trials=9120000 overall=0.9961 a0_nochange=1.0000 a0_change=1.0000 a1_nochange=0.9843 a1_change=1.0000 matched_but_wrong=0
  mpx-70 acc: trials=9120000 accuracy=1.0000
  mpx-70 traj: trials=9180000 wall=2685s knowledge=0.9971 reliable=272 spec=7.00 pop=1230
  mpx-70 diag: trials=9180000 micro=3796 pop_spec=6.32 spec_max=23 q_mean=0.645 q_max=1.000 q_above_half=845 marked=0.276 mark_density=0.914 exp_mean=6312.6 addr_spec=4.441 addr_random=0.542 addr_full=0.2325 correct=254
  mpx-70 cover: trials=9180000 overall=0.9971 a0_nochange=1.0000 a0_change=1.0000 a1_nochange=0.9883 a1_change=1.0000 matched_but_wrong=0
  mpx-70 acc: trials=9180000 accuracy=1.0000
  mpx-70 traj: trials=9240000 wall=2695s knowledge=0.9961 reliable=274 spec=7.00 pop=1252
  mpx-70 diag: trials=9240000 micro=3847 pop_spec=6.35 spec_max=23 q_mean=0.653 q_max=1.000 q_above_half=888 marked=0.294 mark_density=0.915 exp_mean=6249.8 addr_spec=4.393 addr_random=0.545 addr_full=0.2196 correct=254
  mpx-70 cover: trials=9240000 overall=0.9961 a0_nochange=1.0000 a0_change=1.0000 a1_nochange=0.9843 a1_change=1.0000 matched_but_wrong=0
  mpx-70 acc: trials=9240000 accuracy=1.0000
  mpx-70 traj: trials=9300000 wall=2704s knowledge=0.9961 reliable=268 spec=7.00 pop=1212
  mpx-70 diag: trials=9300000 micro=3847 pop_spec=6.36 spec_max=23 q_mean=0.654 q_max=1.000 q_above_half=887 marked=0.271 mark_density=0.913 exp_mean=6505.1 addr_spec=4.537 addr_random=0.545 addr_full=0.2376 correct=254
  mpx-70 cover: trials=9300000 overall=0.9961 a0_nochange=1.0000 a0_change=1.0000 a1_nochange=0.9843 a1_change=1.0000 matched_but_wrong=0
  mpx-70 acc: trials=9300000 accuracy=1.0000
  mpx-70 traj: trials=9360000 wall=2713s knowledge=0.9971 reliable=274 spec=7.00 pop=1229
  mpx-70 diag: trials=9360000 micro=3826 pop_spec=6.34 spec_max=23 q_mean=0.649 q_max=1.000 q_above_half=850 marked=0.269 mark_density=0.913 exp_mean=6464.0 addr_spec=4.495 addr_random=0.544 addr_full=0.2270 correct=254
  mpx-70 cover: trials=9360000 overall=0.9971 a0_nochange=1.0000 a0_change=1.0000 a1_nochange=0.9886 a1_change=1.0000 matched_but_wrong=0
  mpx-70 acc: trials=9360000 accuracy=1.0000
  mpx-70 traj: trials=9420000 wall=2723s knowledge=0.9981 reliable=285 spec=7.00 pop=1244
  mpx-70 diag: trials=9420000 micro=3803 pop_spec=6.35 spec_max=23 q_mean=0.652 q_max=1.000 q_above_half=865 marked=0.273 mark_density=0.914 exp_mean=6435.8 addr_spec=4.456 addr_random=0.544 addr_full=0.2219 correct=254
  mpx-70 cover: trials=9420000 overall=0.9981 a0_nochange=1.0000 a0_change=1.0000 a1_nochange=0.9925 a1_change=1.0000 matched_but_wrong=0
  mpx-70 acc: trials=9420000 accuracy=1.0000
  mpx-70 traj: trials=9480000 wall=2732s knowledge=0.9991 reliable=274 spec=7.00 pop=1252
  mpx-70 diag: trials=9480000 micro=3808 pop_spec=6.35 spec_max=23 q_mean=0.643 q_max=1.000 q_above_half=868 marked=0.301 mark_density=0.914 exp_mean=6441.7 addr_spec=4.529 addr_random=0.544 addr_full=0.2316 correct=255
  mpx-70 cover: trials=9480000 overall=0.9991 a0_nochange=1.0000 a0_change=1.0000 a1_nochange=0.9963 a1_change=1.0000 matched_but_wrong=0
  mpx-70 acc: trials=9480000 accuracy=1.0000
  mpx-70 traj: trials=9540000 wall=2742s knowledge=0.9991 reliable=278 spec=7.00 pop=1284
  mpx-70 diag: trials=9540000 micro=3865 pop_spec=6.31 spec_max=23 q_mean=0.644 q_max=1.000 q_above_half=899 marked=0.280 mark_density=0.913 exp_mean=6328.3 addr_spec=4.449 addr_random=0.541 addr_full=0.2157 correct=255
  mpx-70 cover: trials=9540000 overall=0.9991 a0_nochange=1.0000 a0_change=1.0000 a1_nochange=0.9963 a1_change=1.0000 matched_but_wrong=0
  mpx-70 acc: trials=9540000 accuracy=1.0000
  mpx-70 traj: trials=9600000 wall=2751s knowledge=0.9986 reliable=284 spec=7.00 pop=1305
  mpx-70 diag: trials=9600000 micro=3836 pop_spec=6.32 spec_max=23 q_mean=0.646 q_max=1.000 q_above_half=922 marked=0.301 mark_density=0.915 exp_mean=6272.3 addr_spec=4.391 addr_random=0.542 addr_full=0.2107 correct=255
  mpx-70 cover: trials=9600000 overall=0.9986 a0_nochange=1.0000 a0_change=1.0000 a1_nochange=0.9946 a1_change=1.0000 matched_but_wrong=0
  mpx-70 acc: trials=9600000 accuracy=1.0000
  mpx-70 traj: trials=9660000 wall=2761s knowledge=0.9981 reliable=271 spec=7.00 pop=1232
  mpx-70 diag: trials=9660000 micro=3866 pop_spec=6.38 spec_max=23 q_mean=0.651 q_max=1.000 q_above_half=869 marked=0.283 mark_density=0.914 exp_mean=6691.8 addr_spec=4.549 addr_random=0.547 addr_full=0.2394 correct=255
  mpx-70 cover: trials=9660000 overall=0.9981 a0_nochange=1.0000 a0_change=1.0000 a1_nochange=0.9924 a1_change=1.0000 matched_but_wrong=0
  mpx-70 acc: trials=9660000 accuracy=1.0000
  mpx-70 traj: trials=9720000 wall=2770s knowledge=0.9981 reliable=278 spec=7.00 pop=1258
  mpx-70 diag: trials=9720000 micro=3830 pop_spec=6.37 spec_max=23 q_mean=0.646 q_max=1.000 q_above_half=855 marked=0.287 mark_density=0.912 exp_mean=6601.7 addr_spec=4.548 addr_random=0.546 addr_full=0.2258 correct=255
  mpx-70 cover: trials=9720000 overall=0.9981 a0_nochange=1.0000 a0_change=1.0000 a1_nochange=0.9924 a1_change=1.0000 matched_but_wrong=0
  mpx-70 acc: trials=9720000 accuracy=1.0000
  mpx-70 traj: trials=9780000 wall=2780s knowledge=0.9992 reliable=283 spec=7.00 pop=1267
  mpx-70 diag: trials=9780000 micro=3831 pop_spec=6.34 spec_max=23 q_mean=0.648 q_max=1.000 q_above_half=892 marked=0.275 mark_density=0.914 exp_mean=6602.0 addr_spec=4.433 addr_random=0.544 addr_full=0.2265 correct=255
  mpx-70 cover: trials=9780000 overall=0.9992 a0_nochange=1.0000 a0_change=1.0000 a1_nochange=0.9969 a1_change=1.0000 matched_but_wrong=0
  mpx-70 acc: trials=9780000 accuracy=1.0000
  mpx-70 traj: trials=9840000 wall=2789s knowledge=0.9981 reliable=272 spec=7.00 pop=1277
  mpx-70 diag: trials=9840000 micro=3880 pop_spec=6.40 spec_max=23 q_mean=0.645 q_max=1.000 q_above_half=889 marked=0.283 mark_density=0.912 exp_mean=6597.0 addr_spec=4.475 addr_random=0.549 addr_full=0.2185 correct=255
  mpx-70 cover: trials=9840000 overall=0.9981 a0_nochange=1.0000 a0_change=1.0000 a1_nochange=0.9924 a1_change=1.0000 matched_but_wrong=0
  mpx-70 acc: trials=9840000 accuracy=1.0000
  mpx-70 traj: trials=9900000 wall=2798s knowledge=0.9962 reliable=270 spec=7.00 pop=1201
  mpx-70 diag: trials=9900000 micro=3770 pop_spec=6.34 spec_max=23 q_mean=0.652 q_max=1.000 q_above_half=845 marked=0.265 mark_density=0.913 exp_mean=7057.2 addr_spec=4.421 addr_random=0.543 addr_full=0.2273 correct=255
  mpx-70 cover: trials=9900000 overall=0.9962 a0_nochange=1.0000 a0_change=1.0000 a1_nochange=0.9846 a1_change=1.0000 matched_but_wrong=0
  mpx-70 acc: trials=9900000 accuracy=1.0000
  mpx-70 traj: trials=9960000 wall=2807s knowledge=0.9962 reliable=267 spec=7.00 pop=1213
  mpx-70 diag: trials=9960000 micro=3809 pop_spec=6.35 spec_max=23 q_mean=0.650 q_max=1.000 q_above_half=841 marked=0.294 mark_density=0.913 exp_mean=7036.6 addr_spec=4.414 addr_random=0.545 addr_full=0.2317 correct=255
  mpx-70 cover: trials=9960000 overall=0.9962 a0_nochange=1.0000 a0_change=1.0000 a1_nochange=0.9846 a1_change=1.0000 matched_but_wrong=0
  mpx-70 acc: trials=9960000 accuracy=1.0000
  mpx-70 traj: trials=10020000 wall=2816s knowledge=0.9962 reliable=275 spec=7.00 pop=1236
  mpx-70 diag: trials=10020000 micro=3867 pop_spec=6.32 spec_max=23 q_mean=0.646 q_max=1.000 q_above_half=861 marked=0.276 mark_density=0.915 exp_mean=6954.4 addr_spec=4.504 addr_random=0.542 addr_full=0.2346 correct=255
  mpx-70 cover: trials=10020000 overall=0.9962 a0_nochange=1.0000 a0_change=1.0000 a1_nochange=0.9846 a1_change=1.0000 matched_but_wrong=0
  mpx-70 acc: trials=10020000 accuracy=1.0000
  mpx-70 traj: trials=10080000 wall=2825s knowledge=0.9962 reliable=276 spec=7.00 pop=1233
  mpx-70 diag: trials=10080000 micro=3825 pop_spec=6.36 spec_max=23 q_mean=0.650 q_max=1.000 q_above_half=864 marked=0.298 mark_density=0.912 exp_mean=7020.1 addr_spec=4.512 addr_random=0.545 addr_full=0.2263 correct=255
  mpx-70 cover: trials=10080000 overall=0.9962 a0_nochange=1.0000 a0_change=1.0000 a1_nochange=0.9846 a1_change=1.0000 matched_but_wrong=0
  mpx-70 acc: trials=10080000 accuracy=1.0000
  mpx-70 traj: trials=10140000 wall=2833s knowledge=0.9978 reliable=278 spec=7.00 pop=1269
  mpx-70 diag: trials=10140000 micro=3900 pop_spec=6.33 spec_max=23 q_mean=0.646 q_max=1.000 q_above_half=895 marked=0.293 mark_density=0.913 exp_mean=6868.6 addr_spec=4.485 addr_random=0.543 addr_full=0.2270 correct=255
  mpx-70 cover: trials=10140000 overall=0.9978 a0_nochange=1.0000 a0_change=1.0000 a1_nochange=0.9913 a1_change=1.0000 matched_but_wrong=0
  mpx-70 acc: trials=10140000 accuracy=1.0000
  mpx-70 traj: trials=10200000 wall=2842s knowledge=0.9980 reliable=281 spec=7.00 pop=1282
  mpx-70 diag: trials=10200000 micro=3843 pop_spec=6.37 spec_max=23 q_mean=0.650 q_max=1.000 q_above_half=900 marked=0.254 mark_density=0.914 exp_mean=6845.8 addr_spec=4.457 addr_random=0.546 addr_full=0.2192 correct=255
  mpx-70 cover: trials=10200000 overall=0.9980 a0_nochange=1.0000 a0_change=1.0000 a1_nochange=0.9921 a1_change=1.0000 matched_but_wrong=0
  mpx-70 acc: trials=10200000 accuracy=1.0000
  mpx-70 traj: trials=10260000 wall=2851s knowledge=1.0000 reliable=276 spec=7.00 pop=1254
  mpx-70 diag: trials=10260000 micro=3844 pop_spec=6.37 spec_max=23 q_mean=0.653 q_max=1.000 q_above_half=921 marked=0.251 mark_density=0.913 exp_mean=7045.8 addr_spec=4.508 addr_random=0.546 addr_full=0.2305 correct=256
  mpx-70 cover: trials=10260000 overall=1.0000 a0_nochange=1.0000 a0_change=1.0000 a1_nochange=1.0000 a1_change=1.0000 matched_but_wrong=0
  mpx-70 acc: trials=10260000 accuracy=1.0000
  mpx-70 repeat 0: SUCCESS trials=10260000 knowledge=1.0000 reliable=276 spec=7.00/71 peak_macro=12431 peak_rss=0.00GB wall=2852.8s
  mpx-70 verdict agreement across 1 repeats: ALL AGREE
